Archive member included because of file (symbol)

../lib/libbwio.a(bwio.o)      wtA1.o (bwprintf)
/u/wbcowan/gnuarm-4.0.2/lib/gcc/arm-elf/4.0.2/libgcc.a(_udivsi3.o)
                              ../lib/libbwio.a(bwio.o) (__udivsi3)
/u/wbcowan/gnuarm-4.0.2/lib/gcc/arm-elf/4.0.2/libgcc.a(_umodsi3.o)
                              ../lib/libbwio.a(bwio.o) (__umodsi3)
/u/wbcowan/gnuarm-4.0.2/lib/gcc/arm-elf/4.0.2/libgcc.a(_dvmd_tls.o)
                              /u/wbcowan/gnuarm-4.0.2/lib/gcc/arm-elf/4.0.2/libgcc.a(_udivsi3.o) (__div0)

Memory Configuration

Name             Origin             Length             Attributes
ram              0x0000000000000000 0x0000000002000000
rom              0x0000000060000000 0x0000000000800000
*default*        0x0000000000000000 0xffffffffffffffff

Linker script and memory map


data            0x0000000000000000        0x0
                0x0000000000000000                _DataStart = .
 *(.data)
                0x0000000000000000                _DataEnd = .

bss             0x0000000000000000        0x0
                0x0000000000000000                _BssStart = .
 *(.bss)
                0x0000000000000000                _BssEnd = .

text            0x0000000000000000     0x1930
 *(.text)
 .text          0x0000000000000000      0xaa4 wtA1.o
                0x0000000000000038                MyParentTid
                0x000000000000004c                Pass
                0x0000000000000000                Create
                0x0000000000000074                theOtherTask
                0x0000000000000624                closeActive
                0x0000000000000308                getStackSize
                0x00000000000004d8                schedule
                0x00000000000001f8                getNextRequest
                0x0000000000000024                MyTid
                0x0000000000000060                Exit
                0x00000000000006c8                handle
                0x00000000000000f4                firstUserTask
                0x00000000000009cc                main
                0x0000000000000350                initialize
                0x0000000000000580                rescheduleActive
 .text          0x0000000000000aa4      0xc54 ../lib/libbwio.a(bwio.o)
                0x0000000000000e1c                bwputr
                0x0000000000001388                bwi2a
                0x0000000000000aa4                bwsetfifo
                0x0000000000000c78                bwputc
                0x00000000000010d8                bwa2d
                0x0000000000000b6c                bwsetspeed
                0x0000000000000d3c                c2x
                0x0000000000001180                bwa2i
                0x0000000000001020                bwgetc
                0x0000000000001244                bwui2a
                0x00000000000013ec                bwformat
                0x0000000000000f18                bwputw
                0x00000000000016c0                bwprintf
                0x0000000000000d9c                bwputx
                0x0000000000000e9c                bwputstr
 .text          0x00000000000016f8      0x110 /u/wbcowan/gnuarm-4.0.2/lib/gcc/arm-elf/4.0.2/libgcc.a(_udivsi3.o)
                0x00000000000016f8                __udivsi3
                0x00000000000017f0                __aeabi_uidivmod
 .text          0x0000000000001808       0xcc /u/wbcowan/gnuarm-4.0.2/lib/gcc/arm-elf/4.0.2/libgcc.a(_umodsi3.o)
                0x0000000000001808                __umodsi3
 .text          0x00000000000018d4        0x4 /u/wbcowan/gnuarm-4.0.2/lib/gcc/arm-elf/4.0.2/libgcc.a(_dvmd_tls.o)
                0x00000000000018d4                __aeabi_ldiv0
                0x00000000000018d4                __div0
                0x00000000000018d4                __aeabi_idiv0
 *(.got)
 .got           0x00000000000018d8        0x8 wtA1.o
 *(.got.plt)
 .got.plt       0x00000000000018e0        0xc wtA1.o
                0x00000000000018e0                _GLOBAL_OFFSET_TABLE_
 *(.rodata)
 .rodata        0x00000000000018ec       0x44 wtA1.o
 *(.glue_7)
 *(.glue_7t)

.rel.dyn
LOAD wtA1.o
LOAD ../lib/libbwio.a
LOAD /u/wbcowan/gnuarm-4.0.2/lib/gcc/arm-elf/4.0.2/libgcc.a
OUTPUT(wtA1.elf elf32-littlearm)

.comment        0x0000000000000000       0x24
 .comment       0x0000000000000000       0x12 wtA1.o
 .comment       0x0000000000000012       0x12 ../lib/libbwio.a(bwio.o)

.debug_line     0x0000000000000000      0x14f
 .debug_line    0x0000000000000000       0x86 /u/wbcowan/gnuarm-4.0.2/lib/gcc/arm-elf/4.0.2/libgcc.a(_udivsi3.o)
 .debug_line    0x0000000000000086       0x6f /u/wbcowan/gnuarm-4.0.2/lib/gcc/arm-elf/4.0.2/libgcc.a(_umodsi3.o)
 .debug_line    0x00000000000000f5       0x5a /u/wbcowan/gnuarm-4.0.2/lib/gcc/arm-elf/4.0.2/libgcc.a(_dvmd_tls.o)

.debug_info     0x0000000000000000      0x153
 .debug_info    0x0000000000000000       0x71 /u/wbcowan/gnuarm-4.0.2/lib/gcc/arm-elf/4.0.2/libgcc.a(_udivsi3.o)
 .debug_info    0x0000000000000071       0x71 /u/wbcowan/gnuarm-4.0.2/lib/gcc/arm-elf/4.0.2/libgcc.a(_umodsi3.o)
 .debug_info    0x00000000000000e2       0x71 /u/wbcowan/gnuarm-4.0.2/lib/gcc/arm-elf/4.0.2/libgcc.a(_dvmd_tls.o)

.debug_abbrev   0x0000000000000000       0x3c
 .debug_abbrev  0x0000000000000000       0x14 /u/wbcowan/gnuarm-4.0.2/lib/gcc/arm-elf/4.0.2/libgcc.a(_udivsi3.o)
 .debug_abbrev  0x0000000000000014       0x14 /u/wbcowan/gnuarm-4.0.2/lib/gcc/arm-elf/4.0.2/libgcc.a(_umodsi3.o)
 .debug_abbrev  0x0000000000000028       0x14 /u/wbcowan/gnuarm-4.0.2/lib/gcc/arm-elf/4.0.2/libgcc.a(_dvmd_tls.o)

.debug_aranges  0x0000000000000000       0x60
 .debug_aranges
                0x0000000000000000       0x20 /u/wbcowan/gnuarm-4.0.2/lib/gcc/arm-elf/4.0.2/libgcc.a(_udivsi3.o)
 .debug_aranges
                0x0000000000000020       0x20 /u/wbcowan/gnuarm-4.0.2/lib/gcc/arm-elf/4.0.2/libgcc.a(_umodsi3.o)
 .debug_aranges
                0x0000000000000040       0x20 /u/wbcowan/gnuarm-4.0.2/lib/gcc/arm-elf/4.0.2/libgcc.a(_dvmd_tls.o)
