Archive member included because of file (symbol)

../lib/libbwio.a(bwio.o)      wtA1.o (bwprintf)
/u/wbcowan/gnuarm-4.0.2/lib/gcc/arm-elf/4.0.2/libgcc.a(_udivsi3.o)
                              ../lib/libbwio.a(bwio.o) (__udivsi3)
/u/wbcowan/gnuarm-4.0.2/lib/gcc/arm-elf/4.0.2/libgcc.a(_umodsi3.o)
                              ../lib/libbwio.a(bwio.o) (__umodsi3)
/u/wbcowan/gnuarm-4.0.2/lib/gcc/arm-elf/4.0.2/libgcc.a(_dvmd_tls.o)
                              /u/wbcowan/gnuarm-4.0.2/lib/gcc/arm-elf/4.0.2/libgcc.a(_udivsi3.o) (__div0)

Memory Configuration

Name             Origin             Length             Attributes
ram              0x0000000000000000 0x0000000002000000
rom              0x0000000060000000 0x0000000000800000
*default*        0x0000000000000000 0xffffffffffffffff

Linker script and memory map


data            0x0000000000000000        0x0
                0x0000000000000000                _DataStart = .
 *(.data)
                0x0000000000000000                _DataEnd = .

bss             0x0000000000000000        0x0
                0x0000000000000000                _BssStart = .
 *(.bss)
                0x0000000000000000                _BssEnd = .

text            0x0000000000000000     0x1574
 *(.text)
 .text          0x0000000000000000      0x67c wtA1.o
                0x00000000000000ec                MyParentTid
                0x0000000000000104                Pass
                0x00000000000000a8                Create
                0x0000000000000000                testFunc
                0x0000000000000508                kerxit
                0x0000000000000404                schedule
                0x0000000000000124                getNextRequest
                0x00000000000000d4                MyTid
                0x0000000000000114                Exit
                0x0000000000000588                handle
                0x000000000000002c                firstUserTask
                0x00000000000005a8                main
                0x0000000000000288                initialize
 .text          0x000000000000067c      0xc54 ../lib/libbwio.a(bwio.o)
                0x00000000000009f4                bwputr
                0x0000000000000f60                bwi2a
                0x000000000000067c                bwsetfifo
                0x0000000000000850                bwputc
                0x0000000000000cb0                bwa2d
                0x0000000000000744                bwsetspeed
                0x0000000000000914                c2x
                0x0000000000000d58                bwa2i
                0x0000000000000bf8                bwgetc
                0x0000000000000e1c                bwui2a
                0x0000000000000fc4                bwformat
                0x0000000000000af0                bwputw
                0x0000000000001298                bwprintf
                0x0000000000000974                bwputx
                0x0000000000000a74                bwputstr
 .text          0x00000000000012d0      0x110 /u/wbcowan/gnuarm-4.0.2/lib/gcc/arm-elf/4.0.2/libgcc.a(_udivsi3.o)
                0x00000000000012d0                __udivsi3
                0x00000000000013c8                __aeabi_uidivmod
 .text          0x00000000000013e0       0xcc /u/wbcowan/gnuarm-4.0.2/lib/gcc/arm-elf/4.0.2/libgcc.a(_umodsi3.o)
                0x00000000000013e0                __umodsi3
 .text          0x00000000000014ac        0x4 /u/wbcowan/gnuarm-4.0.2/lib/gcc/arm-elf/4.0.2/libgcc.a(_dvmd_tls.o)
                0x00000000000014ac                __aeabi_ldiv0
                0x00000000000014ac                __div0
                0x00000000000014ac                __aeabi_idiv0
 *(.got)
 .got           0x00000000000014b0        0x4 wtA1.o
 *(.got.plt)
 .got.plt       0x00000000000014b4        0xc wtA1.o
                0x00000000000014b4                _GLOBAL_OFFSET_TABLE_
 *(.rodata)
 .rodata        0x00000000000014c0       0xb4 wtA1.o
 *(.glue_7)
 *(.glue_7t)

.rel.dyn
LOAD wtA1.o
LOAD ../lib/libbwio.a
LOAD /u/wbcowan/gnuarm-4.0.2/lib/gcc/arm-elf/4.0.2/libgcc.a
OUTPUT(wtA1.elf elf32-littlearm)

.comment        0x0000000000000000       0x24
 .comment       0x0000000000000000       0x12 wtA1.o
 .comment       0x0000000000000012       0x12 ../lib/libbwio.a(bwio.o)

.debug_line     0x0000000000000000      0x14f
 .debug_line    0x0000000000000000       0x86 /u/wbcowan/gnuarm-4.0.2/lib/gcc/arm-elf/4.0.2/libgcc.a(_udivsi3.o)
 .debug_line    0x0000000000000086       0x6f /u/wbcowan/gnuarm-4.0.2/lib/gcc/arm-elf/4.0.2/libgcc.a(_umodsi3.o)
 .debug_line    0x00000000000000f5       0x5a /u/wbcowan/gnuarm-4.0.2/lib/gcc/arm-elf/4.0.2/libgcc.a(_dvmd_tls.o)

.debug_info     0x0000000000000000      0x153
 .debug_info    0x0000000000000000       0x71 /u/wbcowan/gnuarm-4.0.2/lib/gcc/arm-elf/4.0.2/libgcc.a(_udivsi3.o)
 .debug_info    0x0000000000000071       0x71 /u/wbcowan/gnuarm-4.0.2/lib/gcc/arm-elf/4.0.2/libgcc.a(_umodsi3.o)
 .debug_info    0x00000000000000e2       0x71 /u/wbcowan/gnuarm-4.0.2/lib/gcc/arm-elf/4.0.2/libgcc.a(_dvmd_tls.o)

.debug_abbrev   0x0000000000000000       0x3c
 .debug_abbrev  0x0000000000000000       0x14 /u/wbcowan/gnuarm-4.0.2/lib/gcc/arm-elf/4.0.2/libgcc.a(_udivsi3.o)
 .debug_abbrev  0x0000000000000014       0x14 /u/wbcowan/gnuarm-4.0.2/lib/gcc/arm-elf/4.0.2/libgcc.a(_umodsi3.o)
 .debug_abbrev  0x0000000000000028       0x14 /u/wbcowan/gnuarm-4.0.2/lib/gcc/arm-elf/4.0.2/libgcc.a(_dvmd_tls.o)

.debug_aranges  0x0000000000000000       0x60
 .debug_aranges
                0x0000000000000000       0x20 /u/wbcowan/gnuarm-4.0.2/lib/gcc/arm-elf/4.0.2/libgcc.a(_udivsi3.o)
 .debug_aranges
                0x0000000000000020       0x20 /u/wbcowan/gnuarm-4.0.2/lib/gcc/arm-elf/4.0.2/libgcc.a(_umodsi3.o)
 .debug_aranges
                0x0000000000000040       0x20 /u/wbcowan/gnuarm-4.0.2/lib/gcc/arm-elf/4.0.2/libgcc.a(_dvmd_tls.o)
