Archive member included because of file (symbol)

../lib/libbwio.a(bwio.o)      wtA4.o (bwsetfifo)
/u/wbcowan/gnuarm-4.0.2/lib/gcc/arm-elf/4.0.2/libgcc.a(_udivsi3.o)
                              ../lib/libbwio.a(bwio.o) (__udivsi3)
/u/wbcowan/gnuarm-4.0.2/lib/gcc/arm-elf/4.0.2/libgcc.a(_umodsi3.o)
                              ../lib/libbwio.a(bwio.o) (__umodsi3)
/u/wbcowan/gnuarm-4.0.2/lib/gcc/arm-elf/4.0.2/libgcc.a(_dvmd_tls.o)
                              /u/wbcowan/gnuarm-4.0.2/lib/gcc/arm-elf/4.0.2/libgcc.a(_udivsi3.o) (__div0)

Memory Configuration

Name             Origin             Length             Attributes
ram              0x0000000000000000 0x0000000002000000
rom              0x0000000060000000 0x0000000000800000
*default*        0x0000000000000000 0xffffffffffffffff

Linker script and memory map


data            0x0000000000000000        0x0
                0x0000000000000000                _DataStart = .
 *(.data)
                0x0000000000000000                _DataEnd = .

bss             0x0000000000000000        0x0
                0x0000000000000000                _BssStart = .
 *(.bss)
                0x0000000000000000                _BssEnd = .

text            0x0000000000000000     0x4610
 *(.text)
 .text          0x0000000000000000      0x10c syscalls.o
                0x0000000000000074                Send
                0x0000000000000038                MyParentTid
                0x000000000000004c                Pass
                0x0000000000000000                Create
                0x00000000000000f0                AwaitEvent
                0x00000000000000a0                Receive
                0x00000000000000c8                Reply
                0x0000000000000024                MyTid
                0x0000000000000060                Exit
 .text          0x000000000000010c      0x40c nameServer.o
                0x0000000000000184                WhoIs
                0x00000000000001fc                nameServer
                0x000000000000010c                RegisterAs
 .text          0x0000000000000518      0x1e0 notifier.o
                0x0000000000000518                notifier
 .text          0x00000000000006f8      0x490 clockServer.o
                0x0000000000000820                clockServer
                0x00000000000007c4                DelayUntil
                0x0000000000000748                Delay
                0x00000000000006f8                Time
 .text          0x0000000000000b88      0x7c0 io.o
                0x0000000000000c50                Getc
                0x00000000000010c4                uart2PutServer
                0x0000000000000cf4                Putc
                0x0000000000000b88                setfifo
                0x0000000000000da8                uart2GetServer
 .text          0x0000000000001348     0x1d00 wtA4.o
                0x00000000000013bc                print
                0x0000000000001348                memcpy
                0x00000000000021f4                closeActive
                0x0000000000001984                t2
                0x0000000000001c88                getStackSize
                0x0000000000001f9c                schedule
                0x0000000000001a94                getNextRequest
                0x0000000000001c14                copyMsg
                0x0000000000002298                handle
                0x0000000000002174                blockActive
                0x0000000000001994                firstUserTask
                0x00000000000020e8                rescheduleBlock
                0x0000000000001444                t1
                0x0000000000002eb4                main
                0x0000000000001cd0                initialize
                0x0000000000002044                rescheduleActive
 .text          0x0000000000003048      0xc54 ../lib/libbwio.a(bwio.o)
                0x00000000000033c0                bwputr
                0x000000000000392c                bwi2a
                0x0000000000003048                bwsetfifo
                0x000000000000321c                bwputc
                0x000000000000367c                bwa2d
                0x0000000000003110                bwsetspeed
                0x00000000000032e0                c2x
                0x0000000000003724                bwa2i
                0x00000000000035c4                bwgetc
                0x00000000000037e8                bwui2a
                0x0000000000003990                bwformat
                0x00000000000034bc                bwputw
                0x0000000000003c64                bwprintf
                0x0000000000003340                bwputx
                0x0000000000003440                bwputstr
 .text          0x0000000000003c9c      0x110 /u/wbcowan/gnuarm-4.0.2/lib/gcc/arm-elf/4.0.2/libgcc.a(_udivsi3.o)
                0x0000000000003c9c                __udivsi3
                0x0000000000003d94                __aeabi_uidivmod
 .text          0x0000000000003dac       0xcc /u/wbcowan/gnuarm-4.0.2/lib/gcc/arm-elf/4.0.2/libgcc.a(_umodsi3.o)
                0x0000000000003dac                __umodsi3
 .text          0x0000000000003e78        0x4 /u/wbcowan/gnuarm-4.0.2/lib/gcc/arm-elf/4.0.2/libgcc.a(_dvmd_tls.o)
                0x0000000000003e78                __aeabi_ldiv0
                0x0000000000003e78                __div0
                0x0000000000003e78                __aeabi_idiv0
 *(.got)
 .got           0x0000000000003e7c       0x20 nameServer.o
 *(.got.plt)
 .got.plt       0x0000000000003e9c        0xc nameServer.o
                0x0000000000003e9c                _GLOBAL_OFFSET_TABLE_
 *(.rodata)
 .rodata        0x0000000000003ea8       0x18 nameServer.o
 .rodata        0x0000000000003ec0       0x28 clockServer.o
 .rodata        0x0000000000003ee8       0x58 io.o
 .rodata        0x0000000000003f40      0x6d0 wtA4.o
 *(.glue_7)
 *(.glue_7t)

.rel.dyn
LOAD syscalls.o
LOAD nameServer.o
LOAD notifier.o
LOAD clockServer.o
LOAD io.o
LOAD wtA4.o
LOAD ../lib/libbwio.a
LOAD /u/wbcowan/gnuarm-4.0.2/lib/gcc/arm-elf/4.0.2/libgcc.a
OUTPUT(wtA4.elf elf32-littlearm)

.comment        0x0000000000000000       0x7e
 .comment       0x0000000000000000       0x12 syscalls.o
 .comment       0x0000000000000012       0x12 nameServer.o
 .comment       0x0000000000000024       0x12 notifier.o
 .comment       0x0000000000000036       0x12 clockServer.o
 .comment       0x0000000000000048       0x12 io.o
 .comment       0x000000000000005a       0x12 wtA4.o
 .comment       0x000000000000006c       0x12 ../lib/libbwio.a(bwio.o)

.debug_line     0x0000000000000000      0x14f
 .debug_line    0x0000000000000000       0x86 /u/wbcowan/gnuarm-4.0.2/lib/gcc/arm-elf/4.0.2/libgcc.a(_udivsi3.o)
 .debug_line    0x0000000000000086       0x6f /u/wbcowan/gnuarm-4.0.2/lib/gcc/arm-elf/4.0.2/libgcc.a(_umodsi3.o)
 .debug_line    0x00000000000000f5       0x5a /u/wbcowan/gnuarm-4.0.2/lib/gcc/arm-elf/4.0.2/libgcc.a(_dvmd_tls.o)

.debug_info     0x0000000000000000      0x153
 .debug_info    0x0000000000000000       0x71 /u/wbcowan/gnuarm-4.0.2/lib/gcc/arm-elf/4.0.2/libgcc.a(_udivsi3.o)
 .debug_info    0x0000000000000071       0x71 /u/wbcowan/gnuarm-4.0.2/lib/gcc/arm-elf/4.0.2/libgcc.a(_umodsi3.o)
 .debug_info    0x00000000000000e2       0x71 /u/wbcowan/gnuarm-4.0.2/lib/gcc/arm-elf/4.0.2/libgcc.a(_dvmd_tls.o)

.debug_abbrev   0x0000000000000000       0x3c
 .debug_abbrev  0x0000000000000000       0x14 /u/wbcowan/gnuarm-4.0.2/lib/gcc/arm-elf/4.0.2/libgcc.a(_udivsi3.o)
 .debug_abbrev  0x0000000000000014       0x14 /u/wbcowan/gnuarm-4.0.2/lib/gcc/arm-elf/4.0.2/libgcc.a(_umodsi3.o)
 .debug_abbrev  0x0000000000000028       0x14 /u/wbcowan/gnuarm-4.0.2/lib/gcc/arm-elf/4.0.2/libgcc.a(_dvmd_tls.o)

.debug_aranges  0x0000000000000000       0x60
 .debug_aranges
                0x0000000000000000       0x20 /u/wbcowan/gnuarm-4.0.2/lib/gcc/arm-elf/4.0.2/libgcc.a(_udivsi3.o)
 .debug_aranges
                0x0000000000000020       0x20 /u/wbcowan/gnuarm-4.0.2/lib/gcc/arm-elf/4.0.2/libgcc.a(_umodsi3.o)
 .debug_aranges
                0x0000000000000040       0x20 /u/wbcowan/gnuarm-4.0.2/lib/gcc/arm-elf/4.0.2/libgcc.a(_dvmd_tls.o)
