Archive member included because of file (symbol)

../lib/libbwio.a(bwio.o)      wtA4.o (bwprintf)
./libio.a(io.o)               wtA4.o (getc)
/u/wbcowan/gnuarm-4.0.2/lib/gcc/arm-elf/4.0.2/libgcc.a(_udivsi3.o)
                              ../lib/libbwio.a(bwio.o) (__udivsi3)
/u/wbcowan/gnuarm-4.0.2/lib/gcc/arm-elf/4.0.2/libgcc.a(_umodsi3.o)
                              ../lib/libbwio.a(bwio.o) (__umodsi3)
/u/wbcowan/gnuarm-4.0.2/lib/gcc/arm-elf/4.0.2/libgcc.a(_dvmd_tls.o)
                              /u/wbcowan/gnuarm-4.0.2/lib/gcc/arm-elf/4.0.2/libgcc.a(_udivsi3.o) (__div0)

Memory Configuration

Name             Origin             Length             Attributes
ram              0x0000000000000000 0x0000000002000000
rom              0x0000000060000000 0x0000000000800000
*default*        0x0000000000000000 0xffffffffffffffff

Linker script and memory map


data            0x0000000000000000        0x0
                0x0000000000000000                _DataStart = .
 *(.data)
                0x0000000000000000                _DataEnd = .

bss             0x0000000000000000        0x0
                0x0000000000000000                _BssStart = .
 *(.bss)
                0x0000000000000000                _BssEnd = .

text            0x0000000000000000     0x3ac4
 *(.text)
 .text          0x0000000000000000     0x2994 wtA4.o
                0x0000000000000074                Send
                0x0000000000000038                MyParentTid
                0x000000000000004c                Pass
                0x0000000000000cb0                clockServer
                0x0000000000000184                WhoIs
                0x0000000000000000                Create
                0x0000000000001e24                closeActive
                0x0000000000001450                t2
                0x0000000000001940                getStackSize
                0x00000000000000f0                AwaitEvent
                0x0000000000001bcc                schedule
                0x00000000000000a0                Receive
                0x00000000000000c8                Reply
                0x000000000000174c                getNextRequest
                0x0000000000000024                MyTid
                0x00000000000018cc                copyMsg
                0x0000000000000060                Exit
                0x0000000000001ec8                handle
                0x0000000000001018                nameServer
                0x0000000000001da4                blockActive
                0x00000000000002c8                DelayUntil
                0x0000000000001528                firstUserTask
                0x0000000000001d18                rescheduleBlock
                0x0000000000001354                t1
                0x0000000000002888                main
                0x0000000000000478                rpsServer
                0x000000000000010c                RegisterAs
                0x0000000000000324                notifier
                0x000000000000024c                Delay
                0x00000000000001fc                Time
                0x0000000000001988                initialize
                0x0000000000001c74                rescheduleActive
 .text          0x0000000000002994      0xc54 ../lib/libbwio.a(bwio.o)
                0x0000000000002d0c                bwputr
                0x0000000000003278                bwi2a
                0x0000000000002994                bwsetfifo
                0x0000000000002b68                bwputc
                0x0000000000002fc8                bwa2d
                0x0000000000002a5c                bwsetspeed
                0x0000000000002c2c                c2x
                0x0000000000003070                bwa2i
                0x0000000000002f10                bwgetc
                0x0000000000003134                bwui2a
                0x00000000000032dc                bwformat
                0x0000000000002e08                bwputw
                0x00000000000035b0                bwprintf
                0x0000000000002c8c                bwputx
                0x0000000000002d8c                bwputstr
 .text          0x00000000000035e8       0xbc ./libio.a(io.o)
                0x00000000000035e8                getc
 .text          0x00000000000036a4      0x110 /u/wbcowan/gnuarm-4.0.2/lib/gcc/arm-elf/4.0.2/libgcc.a(_udivsi3.o)
                0x00000000000036a4                __udivsi3
                0x000000000000379c                __aeabi_uidivmod
 .text          0x00000000000037b4       0xcc /u/wbcowan/gnuarm-4.0.2/lib/gcc/arm-elf/4.0.2/libgcc.a(_umodsi3.o)
                0x00000000000037b4                __umodsi3
 .text          0x0000000000003880        0x4 /u/wbcowan/gnuarm-4.0.2/lib/gcc/arm-elf/4.0.2/libgcc.a(_dvmd_tls.o)
                0x0000000000003880                __aeabi_ldiv0
                0x0000000000003880                __div0
                0x0000000000003880                __aeabi_idiv0
 *(.got)
 .got           0x0000000000003884       0x18 wtA4.o
 *(.got.plt)
 .got.plt       0x000000000000389c        0xc wtA4.o
                0x000000000000389c                _GLOBAL_OFFSET_TABLE_
 *(.rodata)
 .rodata        0x00000000000038a8      0x21c wtA4.o
 *(.glue_7)
 *(.glue_7t)

.rel.dyn
LOAD wtA4.o
LOAD ../lib/libbwio.a
LOAD ./libio.a
LOAD /u/wbcowan/gnuarm-4.0.2/lib/gcc/arm-elf/4.0.2/libgcc.a
OUTPUT(wtA4.elf elf32-littlearm)

.comment        0x0000000000000000       0x36
 .comment       0x0000000000000000       0x12 wtA4.o
 .comment       0x0000000000000012       0x12 ../lib/libbwio.a(bwio.o)
 .comment       0x0000000000000024       0x12 ./libio.a(io.o)

.debug_line     0x0000000000000000      0x14f
 .debug_line    0x0000000000000000       0x86 /u/wbcowan/gnuarm-4.0.2/lib/gcc/arm-elf/4.0.2/libgcc.a(_udivsi3.o)
 .debug_line    0x0000000000000086       0x6f /u/wbcowan/gnuarm-4.0.2/lib/gcc/arm-elf/4.0.2/libgcc.a(_umodsi3.o)
 .debug_line    0x00000000000000f5       0x5a /u/wbcowan/gnuarm-4.0.2/lib/gcc/arm-elf/4.0.2/libgcc.a(_dvmd_tls.o)

.debug_info     0x0000000000000000      0x153
 .debug_info    0x0000000000000000       0x71 /u/wbcowan/gnuarm-4.0.2/lib/gcc/arm-elf/4.0.2/libgcc.a(_udivsi3.o)
 .debug_info    0x0000000000000071       0x71 /u/wbcowan/gnuarm-4.0.2/lib/gcc/arm-elf/4.0.2/libgcc.a(_umodsi3.o)
 .debug_info    0x00000000000000e2       0x71 /u/wbcowan/gnuarm-4.0.2/lib/gcc/arm-elf/4.0.2/libgcc.a(_dvmd_tls.o)

.debug_abbrev   0x0000000000000000       0x3c
 .debug_abbrev  0x0000000000000000       0x14 /u/wbcowan/gnuarm-4.0.2/lib/gcc/arm-elf/4.0.2/libgcc.a(_udivsi3.o)
 .debug_abbrev  0x0000000000000014       0x14 /u/wbcowan/gnuarm-4.0.2/lib/gcc/arm-elf/4.0.2/libgcc.a(_umodsi3.o)
 .debug_abbrev  0x0000000000000028       0x14 /u/wbcowan/gnuarm-4.0.2/lib/gcc/arm-elf/4.0.2/libgcc.a(_dvmd_tls.o)

.debug_aranges  0x0000000000000000       0x60
 .debug_aranges
                0x0000000000000000       0x20 /u/wbcowan/gnuarm-4.0.2/lib/gcc/arm-elf/4.0.2/libgcc.a(_udivsi3.o)
 .debug_aranges
                0x0000000000000020       0x20 /u/wbcowan/gnuarm-4.0.2/lib/gcc/arm-elf/4.0.2/libgcc.a(_umodsi3.o)
 .debug_aranges
                0x0000000000000040       0x20 /u/wbcowan/gnuarm-4.0.2/lib/gcc/arm-elf/4.0.2/libgcc.a(_dvmd_tls.o)
