Archive member included because of file (symbol)

../lib/libbwio.a(bwio.o)      wtA4.o (bwsetfifo)
/u/wbcowan/gnuarm-4.0.2/lib/gcc/arm-elf/4.0.2/libgcc.a(_udivsi3.o)
                              io.o (__udivsi3)
/u/wbcowan/gnuarm-4.0.2/lib/gcc/arm-elf/4.0.2/libgcc.a(_umodsi3.o)
                              io.o (__umodsi3)
/u/wbcowan/gnuarm-4.0.2/lib/gcc/arm-elf/4.0.2/libgcc.a(_dvmd_tls.o)
                              /u/wbcowan/gnuarm-4.0.2/lib/gcc/arm-elf/4.0.2/libgcc.a(_udivsi3.o) (__div0)

Memory Configuration

Name             Origin             Length             Attributes
ram              0x0000000000000000 0x0000000002000000
rom              0x0000000060000000 0x0000000000800000
*default*        0x0000000000000000 0xffffffffffffffff

Linker script and memory map


data            0x0000000000000000        0x0
                0x0000000000000000                _DataStart = .
 *(.data)
                0x0000000000000000                _DataEnd = .

bss             0x0000000000000000        0x0
                0x0000000000000000                _BssStart = .
 *(.bss)
                0x0000000000000000                _BssEnd = .

text            0x0000000000000000     0x49dc
 *(.text)
 .text          0x0000000000000000      0x10c syscalls.o
                0x0000000000000074                Send
                0x0000000000000038                MyParentTid
                0x000000000000004c                Pass
                0x0000000000000000                Create
                0x00000000000000f0                AwaitEvent
                0x00000000000000a0                Receive
                0x00000000000000c8                Reply
                0x0000000000000024                MyTid
                0x0000000000000060                Exit
 .text          0x000000000000010c      0x40c nameServer.o
                0x0000000000000184                WhoIs
                0x00000000000001fc                nameServer
                0x000000000000010c                RegisterAs
 .text          0x0000000000000518      0x1e0 notifier.o
                0x0000000000000518                notifier
 .text          0x00000000000006f8      0x490 clockServer.o
                0x0000000000000820                clockServer
                0x00000000000007c4                DelayUntil
                0x0000000000000748                Delay
                0x00000000000006f8                Time
 .text          0x0000000000000b88      0xe9c io.o
                0x00000000000012a8                putw
                0x0000000000000c50                Getc
                0x0000000000001024                uart2PutServer
                0x0000000000000ca4                Putc
                0x0000000000001664                i2a
                0x00000000000016c8                format
                0x0000000000000b88                setfifo
                0x00000000000019e4                myprintf
                0x0000000000001520                ui2a
                0x0000000000000d08                uart2GetServer
                0x000000000000145c                a2i
                0x00000000000013b4                a2d
 .text          0x0000000000001a24     0x19e8 wtA4.o
                0x00000000000025b8                closeActive
                0x0000000000001d48                t2
                0x000000000000204c                getStackSize
                0x0000000000002360                schedule
                0x0000000000001e58                getNextRequest
                0x0000000000001fd8                copyMsg
                0x000000000000265c                handle
                0x0000000000002538                blockActive
                0x0000000000001d58                firstUserTask
                0x00000000000024ac                rescheduleBlock
                0x0000000000001a24                t1
                0x0000000000003278                main
                0x0000000000002094                initialize
                0x0000000000002408                rescheduleActive
 .text          0x000000000000340c      0xc54 ../lib/libbwio.a(bwio.o)
                0x0000000000003784                bwputr
                0x0000000000003cf0                bwi2a
                0x000000000000340c                bwsetfifo
                0x00000000000035e0                bwputc
                0x0000000000003a40                bwa2d
                0x00000000000034d4                bwsetspeed
                0x00000000000036a4                c2x
                0x0000000000003ae8                bwa2i
                0x0000000000003988                bwgetc
                0x0000000000003bac                bwui2a
                0x0000000000003d54                bwformat
                0x0000000000003880                bwputw
                0x0000000000004028                bwprintf
                0x0000000000003704                bwputx
                0x0000000000003804                bwputstr
 .text          0x0000000000004060      0x110 /u/wbcowan/gnuarm-4.0.2/lib/gcc/arm-elf/4.0.2/libgcc.a(_udivsi3.o)
                0x0000000000004060                __udivsi3
                0x0000000000004158                __aeabi_uidivmod
 .text          0x0000000000004170       0xcc /u/wbcowan/gnuarm-4.0.2/lib/gcc/arm-elf/4.0.2/libgcc.a(_umodsi3.o)
                0x0000000000004170                __umodsi3
 .text          0x000000000000423c        0x4 /u/wbcowan/gnuarm-4.0.2/lib/gcc/arm-elf/4.0.2/libgcc.a(_dvmd_tls.o)
                0x000000000000423c                __aeabi_ldiv0
                0x000000000000423c                __div0
                0x000000000000423c                __aeabi_idiv0
 *(.got)
 .got           0x0000000000004240       0x20 nameServer.o
 *(.got.plt)
 .got.plt       0x0000000000004260        0xc nameServer.o
                0x0000000000004260                _GLOBAL_OFFSET_TABLE_
 *(.rodata)
 .rodata        0x000000000000426c       0x18 nameServer.o
 .rodata        0x0000000000004284       0x28 clockServer.o
 .rodata        0x00000000000042ac       0x50 io.o
 .rodata        0x00000000000042fc      0x6e0 wtA4.o
 *(.glue_7)
 *(.glue_7t)

.rel.dyn
LOAD syscalls.o
LOAD nameServer.o
LOAD notifier.o
LOAD clockServer.o
LOAD io.o
LOAD wtA4.o
LOAD ../lib/libbwio.a
LOAD /u/wbcowan/gnuarm-4.0.2/lib/gcc/arm-elf/4.0.2/libgcc.a
OUTPUT(wtA4.elf elf32-littlearm)

.comment        0x0000000000000000       0x7e
 .comment       0x0000000000000000       0x12 syscalls.o
 .comment       0x0000000000000012       0x12 nameServer.o
 .comment       0x0000000000000024       0x12 notifier.o
 .comment       0x0000000000000036       0x12 clockServer.o
 .comment       0x0000000000000048       0x12 io.o
 .comment       0x000000000000005a       0x12 wtA4.o
 .comment       0x000000000000006c       0x12 ../lib/libbwio.a(bwio.o)

.debug_line     0x0000000000000000      0x14f
 .debug_line    0x0000000000000000       0x86 /u/wbcowan/gnuarm-4.0.2/lib/gcc/arm-elf/4.0.2/libgcc.a(_udivsi3.o)
 .debug_line    0x0000000000000086       0x6f /u/wbcowan/gnuarm-4.0.2/lib/gcc/arm-elf/4.0.2/libgcc.a(_umodsi3.o)
 .debug_line    0x00000000000000f5       0x5a /u/wbcowan/gnuarm-4.0.2/lib/gcc/arm-elf/4.0.2/libgcc.a(_dvmd_tls.o)

.debug_info     0x0000000000000000      0x153
 .debug_info    0x0000000000000000       0x71 /u/wbcowan/gnuarm-4.0.2/lib/gcc/arm-elf/4.0.2/libgcc.a(_udivsi3.o)
 .debug_info    0x0000000000000071       0x71 /u/wbcowan/gnuarm-4.0.2/lib/gcc/arm-elf/4.0.2/libgcc.a(_umodsi3.o)
 .debug_info    0x00000000000000e2       0x71 /u/wbcowan/gnuarm-4.0.2/lib/gcc/arm-elf/4.0.2/libgcc.a(_dvmd_tls.o)

.debug_abbrev   0x0000000000000000       0x3c
 .debug_abbrev  0x0000000000000000       0x14 /u/wbcowan/gnuarm-4.0.2/lib/gcc/arm-elf/4.0.2/libgcc.a(_udivsi3.o)
 .debug_abbrev  0x0000000000000014       0x14 /u/wbcowan/gnuarm-4.0.2/lib/gcc/arm-elf/4.0.2/libgcc.a(_umodsi3.o)
 .debug_abbrev  0x0000000000000028       0x14 /u/wbcowan/gnuarm-4.0.2/lib/gcc/arm-elf/4.0.2/libgcc.a(_dvmd_tls.o)

.debug_aranges  0x0000000000000000       0x60
 .debug_aranges
                0x0000000000000000       0x20 /u/wbcowan/gnuarm-4.0.2/lib/gcc/arm-elf/4.0.2/libgcc.a(_udivsi3.o)
 .debug_aranges
                0x0000000000000020       0x20 /u/wbcowan/gnuarm-4.0.2/lib/gcc/arm-elf/4.0.2/libgcc.a(_umodsi3.o)
 .debug_aranges
                0x0000000000000040       0x20 /u/wbcowan/gnuarm-4.0.2/lib/gcc/arm-elf/4.0.2/libgcc.a(_dvmd_tls.o)
