Archive member included because of file (symbol)

../lib/libbwio.a(bwio.o)      wtA4.o (bwsetfifo)
/u/wbcowan/gnuarm-4.0.2/lib/gcc/arm-elf/4.0.2/libgcc.a(_udivsi3.o)
                              io.o (__udivsi3)
/u/wbcowan/gnuarm-4.0.2/lib/gcc/arm-elf/4.0.2/libgcc.a(_umodsi3.o)
                              io.o (__umodsi3)
/u/wbcowan/gnuarm-4.0.2/lib/gcc/arm-elf/4.0.2/libgcc.a(_dvmd_tls.o)
                              /u/wbcowan/gnuarm-4.0.2/lib/gcc/arm-elf/4.0.2/libgcc.a(_udivsi3.o) (__div0)

Memory Configuration

Name             Origin             Length             Attributes
ram              0x0000000000000000 0x0000000002000000
rom              0x0000000060000000 0x0000000000800000
*default*        0x0000000000000000 0xffffffffffffffff

Linker script and memory map


data            0x0000000000000000        0x0
                0x0000000000000000                _DataStart = .
 *(.data)
                0x0000000000000000                _DataEnd = .

bss             0x0000000000000000        0x0
                0x0000000000000000                _BssStart = .
 *(.bss)
                0x0000000000000000                _BssEnd = .

text            0x0000000000000000     0x5b50
 *(.text)
 .text          0x0000000000000000      0x120 syscalls.o
                0x0000000000000074                Send
                0x0000000000000038                MyParentTid
                0x000000000000004c                Pass
                0x0000000000000000                Create
                0x00000000000000f0                AwaitEvent
                0x00000000000000a0                Receive
                0x00000000000000c8                Reply
                0x0000000000000024                MyTid
                0x0000000000000060                Exit
                0x000000000000010c                Quit
 .text          0x0000000000000120      0x40c nameServer.o
                0x0000000000000198                WhoIs
                0x0000000000000210                nameServer
                0x0000000000000120                RegisterAs
 .text          0x000000000000052c      0x25c notifier.o
                0x000000000000052c                notifier
 .text          0x0000000000000788      0x490 clockServer.o
                0x00000000000008b0                clockServer
                0x0000000000000854                DelayUntil
                0x00000000000007d8                Delay
                0x0000000000000788                Time
 .text          0x0000000000000c18     0x1460 io.o
                0x0000000000001838                putw
                0x0000000000000ce0                Getc
                0x0000000000001100                uart2PutServer
                0x0000000000000d4c                Putc
                0x0000000000001bf4                i2a
                0x0000000000001c58                format
                0x00000000000013ac                uart1PutServer
                0x0000000000000c18                setfifo
                0x0000000000001f74                myprintf
                0x0000000000001ab0                ui2a
                0x0000000000000dc8                uart2GetServer
                0x00000000000019ec                a2i
                0x0000000000001944                a2d
                0x0000000000001fb4                setTrainConnectionn
 .text          0x0000000000002078     0x27c0 wtA4.o
                0x000000000000283c                Printer
                0x0000000000002f54                T2
                0x00000000000037ec                closeActive
                0x000000000000327c                getStackSize
                0x0000000000003594                schedule
                0x0000000000003088                getNextRequest
                0x00000000000027a8                Train
                0x00000000000027b8                Timer
                0x0000000000003208                copyMsg
                0x0000000000003890                handle
                0x000000000000376c                blockActive
                0x0000000000002f64                firstUserTask
                0x00000000000036e0                rescheduleBlock
                0x0000000000004694                main
                0x00000000000032c4                initialize
                0x000000000000363c                rescheduleActive
                0x0000000000002078                Terminal
 .text          0x0000000000004838      0xc54 ../lib/libbwio.a(bwio.o)
                0x0000000000004bb0                bwputr
                0x000000000000511c                bwi2a
                0x0000000000004838                bwsetfifo
                0x0000000000004a0c                bwputc
                0x0000000000004e6c                bwa2d
                0x0000000000004900                bwsetspeed
                0x0000000000004ad0                c2x
                0x0000000000004f14                bwa2i
                0x0000000000004db4                bwgetc
                0x0000000000004fd8                bwui2a
                0x0000000000005180                bwformat
                0x0000000000004cac                bwputw
                0x0000000000005454                bwprintf
                0x0000000000004b30                bwputx
                0x0000000000004c30                bwputstr
 .text          0x000000000000548c      0x110 /u/wbcowan/gnuarm-4.0.2/lib/gcc/arm-elf/4.0.2/libgcc.a(_udivsi3.o)
                0x000000000000548c                __udivsi3
                0x0000000000005584                __aeabi_uidivmod
 .text          0x000000000000559c       0xcc /u/wbcowan/gnuarm-4.0.2/lib/gcc/arm-elf/4.0.2/libgcc.a(_umodsi3.o)
                0x000000000000559c                __umodsi3
 .text          0x0000000000005668        0x4 /u/wbcowan/gnuarm-4.0.2/lib/gcc/arm-elf/4.0.2/libgcc.a(_dvmd_tls.o)
                0x0000000000005668                __aeabi_ldiv0
                0x0000000000005668                __div0
                0x0000000000005668                __aeabi_idiv0
 *(.got)
 .got           0x000000000000566c       0x2c nameServer.o
 *(.got.plt)
 .got.plt       0x0000000000005698        0xc nameServer.o
                0x0000000000005698                _GLOBAL_OFFSET_TABLE_
 *(.rodata)
 .rodata        0x00000000000056a4       0x18 nameServer.o
 .rodata        0x00000000000056bc       0x28 clockServer.o
 .rodata        0x00000000000056e4       0x78 io.o
 .rodata        0x000000000000575c      0x3f4 wtA4.o
 *(.glue_7)
 *(.glue_7t)

.rel.dyn
LOAD syscalls.o
LOAD nameServer.o
LOAD notifier.o
LOAD clockServer.o
LOAD io.o
LOAD wtA4.o
LOAD ../lib/libbwio.a
LOAD /u/wbcowan/gnuarm-4.0.2/lib/gcc/arm-elf/4.0.2/libgcc.a
OUTPUT(wtA4.elf elf32-littlearm)

.comment        0x0000000000000000       0x7e
 .comment       0x0000000000000000       0x12 syscalls.o
 .comment       0x0000000000000012       0x12 nameServer.o
 .comment       0x0000000000000024       0x12 notifier.o
 .comment       0x0000000000000036       0x12 clockServer.o
 .comment       0x0000000000000048       0x12 io.o
 .comment       0x000000000000005a       0x12 wtA4.o
 .comment       0x000000000000006c       0x12 ../lib/libbwio.a(bwio.o)

.debug_line     0x0000000000000000      0x14f
 .debug_line    0x0000000000000000       0x86 /u/wbcowan/gnuarm-4.0.2/lib/gcc/arm-elf/4.0.2/libgcc.a(_udivsi3.o)
 .debug_line    0x0000000000000086       0x6f /u/wbcowan/gnuarm-4.0.2/lib/gcc/arm-elf/4.0.2/libgcc.a(_umodsi3.o)
 .debug_line    0x00000000000000f5       0x5a /u/wbcowan/gnuarm-4.0.2/lib/gcc/arm-elf/4.0.2/libgcc.a(_dvmd_tls.o)

.debug_info     0x0000000000000000      0x153
 .debug_info    0x0000000000000000       0x71 /u/wbcowan/gnuarm-4.0.2/lib/gcc/arm-elf/4.0.2/libgcc.a(_udivsi3.o)
 .debug_info    0x0000000000000071       0x71 /u/wbcowan/gnuarm-4.0.2/lib/gcc/arm-elf/4.0.2/libgcc.a(_umodsi3.o)
 .debug_info    0x00000000000000e2       0x71 /u/wbcowan/gnuarm-4.0.2/lib/gcc/arm-elf/4.0.2/libgcc.a(_dvmd_tls.o)

.debug_abbrev   0x0000000000000000       0x3c
 .debug_abbrev  0x0000000000000000       0x14 /u/wbcowan/gnuarm-4.0.2/lib/gcc/arm-elf/4.0.2/libgcc.a(_udivsi3.o)
 .debug_abbrev  0x0000000000000014       0x14 /u/wbcowan/gnuarm-4.0.2/lib/gcc/arm-elf/4.0.2/libgcc.a(_umodsi3.o)
 .debug_abbrev  0x0000000000000028       0x14 /u/wbcowan/gnuarm-4.0.2/lib/gcc/arm-elf/4.0.2/libgcc.a(_dvmd_tls.o)

.debug_aranges  0x0000000000000000       0x60
 .debug_aranges
                0x0000000000000000       0x20 /u/wbcowan/gnuarm-4.0.2/lib/gcc/arm-elf/4.0.2/libgcc.a(_udivsi3.o)
 .debug_aranges
                0x0000000000000020       0x20 /u/wbcowan/gnuarm-4.0.2/lib/gcc/arm-elf/4.0.2/libgcc.a(_umodsi3.o)
 .debug_aranges
                0x0000000000000040       0x20 /u/wbcowan/gnuarm-4.0.2/lib/gcc/arm-elf/4.0.2/libgcc.a(_dvmd_tls.o)
