Archive member included because of file (symbol)

../lib/libbwio.a(bwio.o)      wtA4.o (bwsetfifo)
/u/wbcowan/gnuarm-4.0.2/lib/gcc/arm-elf/4.0.2/libgcc.a(_udivsi3.o)
                              ../lib/libbwio.a(bwio.o) (__udivsi3)
/u/wbcowan/gnuarm-4.0.2/lib/gcc/arm-elf/4.0.2/libgcc.a(_umodsi3.o)
                              ../lib/libbwio.a(bwio.o) (__umodsi3)
/u/wbcowan/gnuarm-4.0.2/lib/gcc/arm-elf/4.0.2/libgcc.a(_dvmd_tls.o)
                              /u/wbcowan/gnuarm-4.0.2/lib/gcc/arm-elf/4.0.2/libgcc.a(_udivsi3.o) (__div0)

Memory Configuration

Name             Origin             Length             Attributes
ram              0x0000000000000000 0x0000000002000000
rom              0x0000000060000000 0x0000000000800000
*default*        0x0000000000000000 0xffffffffffffffff

Linker script and memory map


data            0x0000000000000000        0x0
                0x0000000000000000                _DataStart = .
 *(.data)
                0x0000000000000000                _DataEnd = .

bss             0x0000000000000000        0x0
                0x0000000000000000                _BssStart = .
 *(.bss)
                0x0000000000000000                _BssEnd = .

text            0x0000000000000000     0x34dc
 *(.text)
 .text          0x0000000000000000      0x10c syscalls.o
                0x0000000000000074                Send
                0x0000000000000038                MyParentTid
                0x000000000000004c                Pass
                0x0000000000000000                Create
                0x00000000000000f0                AwaitEvent
                0x00000000000000a0                Receive
                0x00000000000000c8                Reply
                0x0000000000000024                MyTid
                0x0000000000000060                Exit
 .text          0x000000000000010c      0x304 nameServer.o
                0x0000000000000184                WhoIs
                0x00000000000001fc                nameServer
                0x000000000000010c                RegisterAs
 .text          0x0000000000000410      0x1c0 notifier.o
                0x0000000000000410                notifier
 .text          0x00000000000005d0      0x490 clockServer.o
                0x00000000000006f8                clockServer
                0x000000000000069c                DelayUntil
                0x0000000000000620                Delay
                0x00000000000005d0                Time
 .text          0x0000000000000a60      0x488 io.o
                0x0000000000000a60                getc
                0x0000000000000b1c                setfifo
                0x0000000000000be4                uart2GetServer
 .text          0x0000000000000ee8     0x16f0 wtA4.o
                0x0000000000001868                closeActive
                0x0000000000000fe4                t2
                0x00000000000012fc                getStackSize
                0x0000000000001610                schedule
                0x0000000000001108                getNextRequest
                0x0000000000001288                copyMsg
                0x000000000000190c                handle
                0x00000000000017e8                blockActive
                0x0000000000001020                firstUserTask
                0x000000000000175c                rescheduleBlock
                0x0000000000000ee8                t1
                0x0000000000002444                main
                0x0000000000001344                initialize
                0x00000000000016b8                rescheduleActive
 .text          0x00000000000025d8      0xc54 ../lib/libbwio.a(bwio.o)
                0x0000000000002950                bwputr
                0x0000000000002ebc                bwi2a
                0x00000000000025d8                bwsetfifo
                0x00000000000027ac                bwputc
                0x0000000000002c0c                bwa2d
                0x00000000000026a0                bwsetspeed
                0x0000000000002870                c2x
                0x0000000000002cb4                bwa2i
                0x0000000000002b54                bwgetc
                0x0000000000002d78                bwui2a
                0x0000000000002f20                bwformat
                0x0000000000002a4c                bwputw
                0x00000000000031f4                bwprintf
                0x00000000000028d0                bwputx
                0x00000000000029d0                bwputstr
 .text          0x000000000000322c      0x110 /u/wbcowan/gnuarm-4.0.2/lib/gcc/arm-elf/4.0.2/libgcc.a(_udivsi3.o)
                0x000000000000322c                __udivsi3
                0x0000000000003324                __aeabi_uidivmod
 .text          0x000000000000333c       0xcc /u/wbcowan/gnuarm-4.0.2/lib/gcc/arm-elf/4.0.2/libgcc.a(_umodsi3.o)
                0x000000000000333c                __umodsi3
 .text          0x0000000000003408        0x4 /u/wbcowan/gnuarm-4.0.2/lib/gcc/arm-elf/4.0.2/libgcc.a(_dvmd_tls.o)
                0x0000000000003408                __aeabi_ldiv0
                0x0000000000003408                __div0
                0x0000000000003408                __aeabi_idiv0
 *(.got)
 .got           0x000000000000340c       0x18 nameServer.o
 *(.got.plt)
 .got.plt       0x0000000000003424        0xc nameServer.o
                0x0000000000003424                _GLOBAL_OFFSET_TABLE_
 *(.rodata)
 .rodata        0x0000000000003430        0x8 nameServer.o
 .rodata        0x0000000000003438       0x28 clockServer.o
 .rodata        0x0000000000003460        0xc io.o
 .rodata        0x000000000000346c       0x70 wtA4.o
 *(.glue_7)
 *(.glue_7t)

.rel.dyn
LOAD syscalls.o
LOAD nameServer.o
LOAD notifier.o
LOAD clockServer.o
LOAD io.o
LOAD wtA4.o
LOAD ../lib/libbwio.a
LOAD /u/wbcowan/gnuarm-4.0.2/lib/gcc/arm-elf/4.0.2/libgcc.a
OUTPUT(wtA4.elf elf32-littlearm)

.comment        0x0000000000000000       0x7e
 .comment       0x0000000000000000       0x12 syscalls.o
 .comment       0x0000000000000012       0x12 nameServer.o
 .comment       0x0000000000000024       0x12 notifier.o
 .comment       0x0000000000000036       0x12 clockServer.o
 .comment       0x0000000000000048       0x12 io.o
 .comment       0x000000000000005a       0x12 wtA4.o
 .comment       0x000000000000006c       0x12 ../lib/libbwio.a(bwio.o)

.debug_line     0x0000000000000000      0x14f
 .debug_line    0x0000000000000000       0x86 /u/wbcowan/gnuarm-4.0.2/lib/gcc/arm-elf/4.0.2/libgcc.a(_udivsi3.o)
 .debug_line    0x0000000000000086       0x6f /u/wbcowan/gnuarm-4.0.2/lib/gcc/arm-elf/4.0.2/libgcc.a(_umodsi3.o)
 .debug_line    0x00000000000000f5       0x5a /u/wbcowan/gnuarm-4.0.2/lib/gcc/arm-elf/4.0.2/libgcc.a(_dvmd_tls.o)

.debug_info     0x0000000000000000      0x153
 .debug_info    0x0000000000000000       0x71 /u/wbcowan/gnuarm-4.0.2/lib/gcc/arm-elf/4.0.2/libgcc.a(_udivsi3.o)
 .debug_info    0x0000000000000071       0x71 /u/wbcowan/gnuarm-4.0.2/lib/gcc/arm-elf/4.0.2/libgcc.a(_umodsi3.o)
 .debug_info    0x00000000000000e2       0x71 /u/wbcowan/gnuarm-4.0.2/lib/gcc/arm-elf/4.0.2/libgcc.a(_dvmd_tls.o)

.debug_abbrev   0x0000000000000000       0x3c
 .debug_abbrev  0x0000000000000000       0x14 /u/wbcowan/gnuarm-4.0.2/lib/gcc/arm-elf/4.0.2/libgcc.a(_udivsi3.o)
 .debug_abbrev  0x0000000000000014       0x14 /u/wbcowan/gnuarm-4.0.2/lib/gcc/arm-elf/4.0.2/libgcc.a(_umodsi3.o)
 .debug_abbrev  0x0000000000000028       0x14 /u/wbcowan/gnuarm-4.0.2/lib/gcc/arm-elf/4.0.2/libgcc.a(_dvmd_tls.o)

.debug_aranges  0x0000000000000000       0x60
 .debug_aranges
                0x0000000000000000       0x20 /u/wbcowan/gnuarm-4.0.2/lib/gcc/arm-elf/4.0.2/libgcc.a(_udivsi3.o)
 .debug_aranges
                0x0000000000000020       0x20 /u/wbcowan/gnuarm-4.0.2/lib/gcc/arm-elf/4.0.2/libgcc.a(_umodsi3.o)
 .debug_aranges
                0x0000000000000040       0x20 /u/wbcowan/gnuarm-4.0.2/lib/gcc/arm-elf/4.0.2/libgcc.a(_dvmd_tls.o)
