Archive member included because of file (symbol)

../lib/libbwio.a(bwio.o)      wtA4.o (bwsetfifo)
/u/wbcowan/gnuarm-4.0.2/lib/gcc/arm-elf/4.0.2/libgcc.a(_udivsi3.o)
                              io.o (__udivsi3)
/u/wbcowan/gnuarm-4.0.2/lib/gcc/arm-elf/4.0.2/libgcc.a(_umodsi3.o)
                              io.o (__umodsi3)
/u/wbcowan/gnuarm-4.0.2/lib/gcc/arm-elf/4.0.2/libgcc.a(_dvmd_tls.o)
                              /u/wbcowan/gnuarm-4.0.2/lib/gcc/arm-elf/4.0.2/libgcc.a(_udivsi3.o) (__div0)

Memory Configuration

Name             Origin             Length             Attributes
ram              0x0000000000000000 0x0000000002000000
rom              0x0000000060000000 0x0000000000800000
*default*        0x0000000000000000 0xffffffffffffffff

Linker script and memory map


data            0x0000000000000000        0x0
                0x0000000000000000                _DataStart = .
 *(.data)
                0x0000000000000000                _DataEnd = .

bss             0x0000000000000000        0x0
                0x0000000000000000                _BssStart = .
 *(.bss)
                0x0000000000000000                _BssEnd = .

text            0x0000000000000000     0x4dc0
 *(.text)
 .text          0x0000000000000000      0x120 syscalls.o
                0x0000000000000074                Send
                0x0000000000000038                MyParentTid
                0x000000000000004c                Pass
                0x0000000000000000                Create
                0x00000000000000f0                AwaitEvent
                0x00000000000000a0                Receive
                0x00000000000000c8                Reply
                0x0000000000000024                MyTid
                0x0000000000000060                Exit
                0x000000000000010c                Quit
 .text          0x0000000000000120      0x40c nameServer.o
                0x0000000000000198                WhoIs
                0x0000000000000210                nameServer
                0x0000000000000120                RegisterAs
 .text          0x000000000000052c      0x238 notifier.o
                0x000000000000052c                notifier
 .text          0x0000000000000764      0x490 clockServer.o
                0x000000000000088c                clockServer
                0x0000000000000830                DelayUntil
                0x00000000000007b4                Delay
                0x0000000000000764                Time
 .text          0x0000000000000bf4      0xf10 io.o
                0x0000000000001388                putw
                0x0000000000000cbc                Getc
                0x00000000000010dc                uart2PutServer
                0x0000000000000d28                Putc
                0x0000000000001744                i2a
                0x00000000000017a8                format
                0x0000000000000bf4                setfifo
                0x0000000000001ac4                myprintf
                0x0000000000001600                ui2a
                0x0000000000000da4                uart2GetServer
                0x000000000000153c                a2i
                0x0000000000001494                a2d
 .text          0x0000000000001b04     0x2008 wtA4.o
                0x0000000000001d9c                Printer
                0x0000000000002400                T2
                0x0000000000002c70                closeActive
                0x0000000000002704                getStackSize
                0x0000000000002a18                schedule
                0x0000000000002510                getNextRequest
                0x0000000000001d08                Train
                0x0000000000001d18                Timer
                0x0000000000002690                copyMsg
                0x0000000000002d14                handle
                0x0000000000002bf0                blockActive
                0x0000000000002410                firstUserTask
                0x0000000000002b64                rescheduleBlock
                0x0000000000003978                main
                0x000000000000274c                initialize
                0x0000000000002ac0                rescheduleActive
                0x0000000000001b04                Terminal
 .text          0x0000000000003b0c      0xc54 ../lib/libbwio.a(bwio.o)
                0x0000000000003e84                bwputr
                0x00000000000043f0                bwi2a
                0x0000000000003b0c                bwsetfifo
                0x0000000000003ce0                bwputc
                0x0000000000004140                bwa2d
                0x0000000000003bd4                bwsetspeed
                0x0000000000003da4                c2x
                0x00000000000041e8                bwa2i
                0x0000000000004088                bwgetc
                0x00000000000042ac                bwui2a
                0x0000000000004454                bwformat
                0x0000000000003f80                bwputw
                0x0000000000004728                bwprintf
                0x0000000000003e04                bwputx
                0x0000000000003f04                bwputstr
 .text          0x0000000000004760      0x110 /u/wbcowan/gnuarm-4.0.2/lib/gcc/arm-elf/4.0.2/libgcc.a(_udivsi3.o)
                0x0000000000004760                __udivsi3
                0x0000000000004858                __aeabi_uidivmod
 .text          0x0000000000004870       0xcc /u/wbcowan/gnuarm-4.0.2/lib/gcc/arm-elf/4.0.2/libgcc.a(_umodsi3.o)
                0x0000000000004870                __umodsi3
 .text          0x000000000000493c        0x4 /u/wbcowan/gnuarm-4.0.2/lib/gcc/arm-elf/4.0.2/libgcc.a(_dvmd_tls.o)
                0x000000000000493c                __aeabi_ldiv0
                0x000000000000493c                __div0
                0x000000000000493c                __aeabi_idiv0
 *(.got)
 .got           0x0000000000004940       0x28 nameServer.o
 *(.got.plt)
 .got.plt       0x0000000000004968        0xc nameServer.o
                0x0000000000004968                _GLOBAL_OFFSET_TABLE_
 *(.rodata)
 .rodata        0x0000000000004974       0x18 nameServer.o
 .rodata        0x000000000000498c       0x28 clockServer.o
 .rodata        0x00000000000049b4       0x50 io.o
 .rodata        0x0000000000004a04      0x3bc wtA4.o
 *(.glue_7)
 *(.glue_7t)

.rel.dyn
LOAD syscalls.o
LOAD nameServer.o
LOAD notifier.o
LOAD clockServer.o
LOAD io.o
LOAD wtA4.o
LOAD ../lib/libbwio.a
LOAD /u/wbcowan/gnuarm-4.0.2/lib/gcc/arm-elf/4.0.2/libgcc.a
OUTPUT(wtA4.elf elf32-littlearm)

.comment        0x0000000000000000       0x7e
 .comment       0x0000000000000000       0x12 syscalls.o
 .comment       0x0000000000000012       0x12 nameServer.o
 .comment       0x0000000000000024       0x12 notifier.o
 .comment       0x0000000000000036       0x12 clockServer.o
 .comment       0x0000000000000048       0x12 io.o
 .comment       0x000000000000005a       0x12 wtA4.o
 .comment       0x000000000000006c       0x12 ../lib/libbwio.a(bwio.o)

.debug_line     0x0000000000000000      0x14f
 .debug_line    0x0000000000000000       0x86 /u/wbcowan/gnuarm-4.0.2/lib/gcc/arm-elf/4.0.2/libgcc.a(_udivsi3.o)
 .debug_line    0x0000000000000086       0x6f /u/wbcowan/gnuarm-4.0.2/lib/gcc/arm-elf/4.0.2/libgcc.a(_umodsi3.o)
 .debug_line    0x00000000000000f5       0x5a /u/wbcowan/gnuarm-4.0.2/lib/gcc/arm-elf/4.0.2/libgcc.a(_dvmd_tls.o)

.debug_info     0x0000000000000000      0x153
 .debug_info    0x0000000000000000       0x71 /u/wbcowan/gnuarm-4.0.2/lib/gcc/arm-elf/4.0.2/libgcc.a(_udivsi3.o)
 .debug_info    0x0000000000000071       0x71 /u/wbcowan/gnuarm-4.0.2/lib/gcc/arm-elf/4.0.2/libgcc.a(_umodsi3.o)
 .debug_info    0x00000000000000e2       0x71 /u/wbcowan/gnuarm-4.0.2/lib/gcc/arm-elf/4.0.2/libgcc.a(_dvmd_tls.o)

.debug_abbrev   0x0000000000000000       0x3c
 .debug_abbrev  0x0000000000000000       0x14 /u/wbcowan/gnuarm-4.0.2/lib/gcc/arm-elf/4.0.2/libgcc.a(_udivsi3.o)
 .debug_abbrev  0x0000000000000014       0x14 /u/wbcowan/gnuarm-4.0.2/lib/gcc/arm-elf/4.0.2/libgcc.a(_umodsi3.o)
 .debug_abbrev  0x0000000000000028       0x14 /u/wbcowan/gnuarm-4.0.2/lib/gcc/arm-elf/4.0.2/libgcc.a(_dvmd_tls.o)

.debug_aranges  0x0000000000000000       0x60
 .debug_aranges
                0x0000000000000000       0x20 /u/wbcowan/gnuarm-4.0.2/lib/gcc/arm-elf/4.0.2/libgcc.a(_udivsi3.o)
 .debug_aranges
                0x0000000000000020       0x20 /u/wbcowan/gnuarm-4.0.2/lib/gcc/arm-elf/4.0.2/libgcc.a(_umodsi3.o)
 .debug_aranges
                0x0000000000000040       0x20 /u/wbcowan/gnuarm-4.0.2/lib/gcc/arm-elf/4.0.2/libgcc.a(_dvmd_tls.o)
