Archive member included because of file (symbol)

../lib/libbwio.a(bwio.o)      wtA4.o (bwprintf)
/u/wbcowan/gnuarm-4.0.2/lib/gcc/arm-elf/4.0.2/libgcc.a(_udivsi3.o)
                              ../lib/libbwio.a(bwio.o) (__udivsi3)
/u/wbcowan/gnuarm-4.0.2/lib/gcc/arm-elf/4.0.2/libgcc.a(_umodsi3.o)
                              ../lib/libbwio.a(bwio.o) (__umodsi3)
/u/wbcowan/gnuarm-4.0.2/lib/gcc/arm-elf/4.0.2/libgcc.a(_dvmd_tls.o)
                              /u/wbcowan/gnuarm-4.0.2/lib/gcc/arm-elf/4.0.2/libgcc.a(_udivsi3.o) (__div0)

Memory Configuration

Name             Origin             Length             Attributes
ram              0x0000000000000000 0x0000000002000000
rom              0x0000000060000000 0x0000000000800000
*default*        0x0000000000000000 0xffffffffffffffff

Linker script and memory map


data            0x0000000000000000        0x0
                0x0000000000000000                _DataStart = .
 *(.data)
                0x0000000000000000                _DataEnd = .

bss             0x0000000000000000        0x0
                0x0000000000000000                _BssStart = .
 *(.bss)
                0x0000000000000000                _BssEnd = .

text            0x0000000000000000     0x3ac4
 *(.text)
 .text          0x0000000000000000     0x2a50 wtA4.o
                0x0000000000000130                Send
                0x00000000000000f4                MyParentTid
                0x0000000000000108                Pass
                0x0000000000000000                getc
                0x0000000000000d6c                clockServer
                0x0000000000000240                WhoIs
                0x00000000000000bc                Create
                0x0000000000001ee0                closeActive
                0x000000000000150c                t2
                0x00000000000019fc                getStackSize
                0x00000000000001ac                AwaitEvent
                0x0000000000001c88                schedule
                0x000000000000015c                Receive
                0x0000000000000184                Reply
                0x0000000000001808                getNextRequest
                0x00000000000000e0                MyTid
                0x0000000000001988                copyMsg
                0x000000000000011c                Exit
                0x0000000000001f84                handle
                0x00000000000010d4                nameServer
                0x0000000000001e60                blockActive
                0x0000000000000384                DelayUntil
                0x00000000000015e4                firstUserTask
                0x0000000000001dd4                rescheduleBlock
                0x0000000000001410                t1
                0x0000000000002944                main
                0x0000000000000534                rpsServer
                0x00000000000001c8                RegisterAs
                0x00000000000003e0                notifier
                0x0000000000000308                Delay
                0x00000000000002b8                Time
                0x0000000000001a44                initialize
                0x0000000000001d30                rescheduleActive
 .text          0x0000000000002a50      0xc54 ../lib/libbwio.a(bwio.o)
                0x0000000000002dc8                bwputr
                0x0000000000003334                bwi2a
                0x0000000000002a50                bwsetfifo
                0x0000000000002c24                bwputc
                0x0000000000003084                bwa2d
                0x0000000000002b18                bwsetspeed
                0x0000000000002ce8                c2x
                0x000000000000312c                bwa2i
                0x0000000000002fcc                bwgetc
                0x00000000000031f0                bwui2a
                0x0000000000003398                bwformat
                0x0000000000002ec4                bwputw
                0x000000000000366c                bwprintf
                0x0000000000002d48                bwputx
                0x0000000000002e48                bwputstr
 .text          0x00000000000036a4      0x110 /u/wbcowan/gnuarm-4.0.2/lib/gcc/arm-elf/4.0.2/libgcc.a(_udivsi3.o)
                0x00000000000036a4                __udivsi3
                0x000000000000379c                __aeabi_uidivmod
 .text          0x00000000000037b4       0xcc /u/wbcowan/gnuarm-4.0.2/lib/gcc/arm-elf/4.0.2/libgcc.a(_umodsi3.o)
                0x00000000000037b4                __umodsi3
 .text          0x0000000000003880        0x4 /u/wbcowan/gnuarm-4.0.2/lib/gcc/arm-elf/4.0.2/libgcc.a(_dvmd_tls.o)
                0x0000000000003880                __aeabi_ldiv0
                0x0000000000003880                __div0
                0x0000000000003880                __aeabi_idiv0
 *(.got)
 .got           0x0000000000003884       0x18 wtA4.o
 *(.got.plt)
 .got.plt       0x000000000000389c        0xc wtA4.o
                0x000000000000389c                _GLOBAL_OFFSET_TABLE_
 *(.rodata)
 .rodata        0x00000000000038a8      0x21c wtA4.o
 *(.glue_7)
 *(.glue_7t)

.rel.dyn
LOAD wtA4.o
LOAD ../lib/libbwio.a
LOAD /u/wbcowan/gnuarm-4.0.2/lib/gcc/arm-elf/4.0.2/libgcc.a
OUTPUT(wtA4.elf elf32-littlearm)

.comment        0x0000000000000000       0x24
 .comment       0x0000000000000000       0x12 wtA4.o
 .comment       0x0000000000000012       0x12 ../lib/libbwio.a(bwio.o)

.debug_line     0x0000000000000000      0x14f
 .debug_line    0x0000000000000000       0x86 /u/wbcowan/gnuarm-4.0.2/lib/gcc/arm-elf/4.0.2/libgcc.a(_udivsi3.o)
 .debug_line    0x0000000000000086       0x6f /u/wbcowan/gnuarm-4.0.2/lib/gcc/arm-elf/4.0.2/libgcc.a(_umodsi3.o)
 .debug_line    0x00000000000000f5       0x5a /u/wbcowan/gnuarm-4.0.2/lib/gcc/arm-elf/4.0.2/libgcc.a(_dvmd_tls.o)

.debug_info     0x0000000000000000      0x153
 .debug_info    0x0000000000000000       0x71 /u/wbcowan/gnuarm-4.0.2/lib/gcc/arm-elf/4.0.2/libgcc.a(_udivsi3.o)
 .debug_info    0x0000000000000071       0x71 /u/wbcowan/gnuarm-4.0.2/lib/gcc/arm-elf/4.0.2/libgcc.a(_umodsi3.o)
 .debug_info    0x00000000000000e2       0x71 /u/wbcowan/gnuarm-4.0.2/lib/gcc/arm-elf/4.0.2/libgcc.a(_dvmd_tls.o)

.debug_abbrev   0x0000000000000000       0x3c
 .debug_abbrev  0x0000000000000000       0x14 /u/wbcowan/gnuarm-4.0.2/lib/gcc/arm-elf/4.0.2/libgcc.a(_udivsi3.o)
 .debug_abbrev  0x0000000000000014       0x14 /u/wbcowan/gnuarm-4.0.2/lib/gcc/arm-elf/4.0.2/libgcc.a(_umodsi3.o)
 .debug_abbrev  0x0000000000000028       0x14 /u/wbcowan/gnuarm-4.0.2/lib/gcc/arm-elf/4.0.2/libgcc.a(_dvmd_tls.o)

.debug_aranges  0x0000000000000000       0x60
 .debug_aranges
                0x0000000000000000       0x20 /u/wbcowan/gnuarm-4.0.2/lib/gcc/arm-elf/4.0.2/libgcc.a(_udivsi3.o)
 .debug_aranges
                0x0000000000000020       0x20 /u/wbcowan/gnuarm-4.0.2/lib/gcc/arm-elf/4.0.2/libgcc.a(_umodsi3.o)
 .debug_aranges
                0x0000000000000040       0x20 /u/wbcowan/gnuarm-4.0.2/lib/gcc/arm-elf/4.0.2/libgcc.a(_dvmd_tls.o)
