Archive member included because of file (symbol)

../lib/libbwio.a(bwio.o)      wtA4.o (bwsetfifo)
/u/wbcowan/gnuarm-4.0.2/lib/gcc/arm-elf/4.0.2/libgcc.a(_udivsi3.o)
                              io.o (__udivsi3)
/u/wbcowan/gnuarm-4.0.2/lib/gcc/arm-elf/4.0.2/libgcc.a(_umodsi3.o)
                              io.o (__umodsi3)
/u/wbcowan/gnuarm-4.0.2/lib/gcc/arm-elf/4.0.2/libgcc.a(_dvmd_tls.o)
                              /u/wbcowan/gnuarm-4.0.2/lib/gcc/arm-elf/4.0.2/libgcc.a(_udivsi3.o) (__div0)

Memory Configuration

Name             Origin             Length             Attributes
ram              0x0000000000000000 0x0000000002000000
rom              0x0000000060000000 0x0000000000800000
*default*        0x0000000000000000 0xffffffffffffffff

Linker script and memory map


data            0x0000000000000000        0x0
                0x0000000000000000                _DataStart = .
 *(.data)
                0x0000000000000000                _DataEnd = .

bss             0x0000000000000000        0x0
                0x0000000000000000                _BssStart = .
 *(.bss)
                0x0000000000000000                _BssEnd = .

text            0x0000000000000000     0x4a2c
 *(.text)
 .text          0x0000000000000000      0x10c syscalls.o
                0x0000000000000074                Send
                0x0000000000000038                MyParentTid
                0x000000000000004c                Pass
                0x0000000000000000                Create
                0x00000000000000f0                AwaitEvent
                0x00000000000000a0                Receive
                0x00000000000000c8                Reply
                0x0000000000000024                MyTid
                0x0000000000000060                Exit
 .text          0x000000000000010c      0x40c nameServer.o
                0x0000000000000184                WhoIs
                0x00000000000001fc                nameServer
                0x000000000000010c                RegisterAs
 .text          0x0000000000000518      0x238 notifier.o
                0x0000000000000518                notifier
 .text          0x0000000000000750      0x490 clockServer.o
                0x0000000000000878                clockServer
                0x000000000000081c                DelayUntil
                0x00000000000007a0                Delay
                0x0000000000000750                Time
 .text          0x0000000000000be0     0x11f4 io.o
                0x00000000000015b4                putw
                0x0000000000000ca8                Getc
                0x00000000000010ac                uart2PutServer
                0x0000000000000d14                Putc
                0x0000000000001970                i2a
                0x00000000000019d4                format
                0x0000000000001330                uart1PutServer
                0x0000000000000be0                setfifo
                0x0000000000001cf0                myprintf
                0x000000000000182c                ui2a
                0x0000000000000d90                uart2GetServer
                0x0000000000001768                a2i
                0x00000000000016c0                a2d
                0x0000000000001d30                setTrainConnectionn
 .text          0x0000000000001dd4     0x1af8 wtA4.o
                0x0000000000002994                closeActive
                0x00000000000020fc                t2
                0x0000000000002424                getStackSize
                0x000000000000273c                schedule
                0x0000000000002230                getNextRequest
                0x00000000000023b0                copyMsg
                0x0000000000002a38                handle
                0x0000000000002914                blockActive
                0x000000000000210c                firstUserTask
                0x0000000000002888                rescheduleBlock
                0x0000000000001dd4                t1
                0x0000000000003738                main
                0x000000000000246c                initialize
                0x00000000000027e4                rescheduleActive
 .text          0x00000000000038cc      0xc54 ../lib/libbwio.a(bwio.o)
                0x0000000000003c44                bwputr
                0x00000000000041b0                bwi2a
                0x00000000000038cc                bwsetfifo
                0x0000000000003aa0                bwputc
                0x0000000000003f00                bwa2d
                0x0000000000003994                bwsetspeed
                0x0000000000003b64                c2x
                0x0000000000003fa8                bwa2i
                0x0000000000003e48                bwgetc
                0x000000000000406c                bwui2a
                0x0000000000004214                bwformat
                0x0000000000003d40                bwputw
                0x00000000000044e8                bwprintf
                0x0000000000003bc4                bwputx
                0x0000000000003cc4                bwputstr
 .text          0x0000000000004520      0x110 /u/wbcowan/gnuarm-4.0.2/lib/gcc/arm-elf/4.0.2/libgcc.a(_udivsi3.o)
                0x0000000000004520                __udivsi3
                0x0000000000004618                __aeabi_uidivmod
 .text          0x0000000000004630       0xcc /u/wbcowan/gnuarm-4.0.2/lib/gcc/arm-elf/4.0.2/libgcc.a(_umodsi3.o)
                0x0000000000004630                __umodsi3
 .text          0x00000000000046fc        0x4 /u/wbcowan/gnuarm-4.0.2/lib/gcc/arm-elf/4.0.2/libgcc.a(_dvmd_tls.o)
                0x00000000000046fc                __aeabi_ldiv0
                0x00000000000046fc                __div0
                0x00000000000046fc                __aeabi_idiv0
 *(.got)
 .got           0x0000000000004700       0x24 nameServer.o
 *(.got.plt)
 .got.plt       0x0000000000004724        0xc nameServer.o
                0x0000000000004724                _GLOBAL_OFFSET_TABLE_
 *(.rodata)
 .rodata        0x0000000000004730       0x18 nameServer.o
 .rodata        0x0000000000004748       0x28 clockServer.o
 .rodata        0x0000000000004770       0x78 io.o
 .rodata        0x00000000000047e8      0x244 wtA4.o
 *(.glue_7)
 *(.glue_7t)

.rel.dyn
LOAD syscalls.o
LOAD nameServer.o
LOAD notifier.o
LOAD clockServer.o
LOAD io.o
LOAD wtA4.o
LOAD ../lib/libbwio.a
LOAD /u/wbcowan/gnuarm-4.0.2/lib/gcc/arm-elf/4.0.2/libgcc.a
OUTPUT(wtA4.elf elf32-littlearm)

.comment        0x0000000000000000       0x7e
 .comment       0x0000000000000000       0x12 syscalls.o
 .comment       0x0000000000000012       0x12 nameServer.o
 .comment       0x0000000000000024       0x12 notifier.o
 .comment       0x0000000000000036       0x12 clockServer.o
 .comment       0x0000000000000048       0x12 io.o
 .comment       0x000000000000005a       0x12 wtA4.o
 .comment       0x000000000000006c       0x12 ../lib/libbwio.a(bwio.o)

.debug_line     0x0000000000000000      0x14f
 .debug_line    0x0000000000000000       0x86 /u/wbcowan/gnuarm-4.0.2/lib/gcc/arm-elf/4.0.2/libgcc.a(_udivsi3.o)
 .debug_line    0x0000000000000086       0x6f /u/wbcowan/gnuarm-4.0.2/lib/gcc/arm-elf/4.0.2/libgcc.a(_umodsi3.o)
 .debug_line    0x00000000000000f5       0x5a /u/wbcowan/gnuarm-4.0.2/lib/gcc/arm-elf/4.0.2/libgcc.a(_dvmd_tls.o)

.debug_info     0x0000000000000000      0x153
 .debug_info    0x0000000000000000       0x71 /u/wbcowan/gnuarm-4.0.2/lib/gcc/arm-elf/4.0.2/libgcc.a(_udivsi3.o)
 .debug_info    0x0000000000000071       0x71 /u/wbcowan/gnuarm-4.0.2/lib/gcc/arm-elf/4.0.2/libgcc.a(_umodsi3.o)
 .debug_info    0x00000000000000e2       0x71 /u/wbcowan/gnuarm-4.0.2/lib/gcc/arm-elf/4.0.2/libgcc.a(_dvmd_tls.o)

.debug_abbrev   0x0000000000000000       0x3c
 .debug_abbrev  0x0000000000000000       0x14 /u/wbcowan/gnuarm-4.0.2/lib/gcc/arm-elf/4.0.2/libgcc.a(_udivsi3.o)
 .debug_abbrev  0x0000000000000014       0x14 /u/wbcowan/gnuarm-4.0.2/lib/gcc/arm-elf/4.0.2/libgcc.a(_umodsi3.o)
 .debug_abbrev  0x0000000000000028       0x14 /u/wbcowan/gnuarm-4.0.2/lib/gcc/arm-elf/4.0.2/libgcc.a(_dvmd_tls.o)

.debug_aranges  0x0000000000000000       0x60
 .debug_aranges
                0x0000000000000000       0x20 /u/wbcowan/gnuarm-4.0.2/lib/gcc/arm-elf/4.0.2/libgcc.a(_udivsi3.o)
 .debug_aranges
                0x0000000000000020       0x20 /u/wbcowan/gnuarm-4.0.2/lib/gcc/arm-elf/4.0.2/libgcc.a(_umodsi3.o)
 .debug_aranges
                0x0000000000000040       0x20 /u/wbcowan/gnuarm-4.0.2/lib/gcc/arm-elf/4.0.2/libgcc.a(_dvmd_tls.o)
