Archive member included because of file (symbol)

../lib/libbwio.a(bwio.o)      wtA4.o (bwsetfifo)
/u/wbcowan/gnuarm-4.0.2/lib/gcc/arm-elf/4.0.2/libgcc.a(_udivsi3.o)
                              io.o (__udivsi3)
/u/wbcowan/gnuarm-4.0.2/lib/gcc/arm-elf/4.0.2/libgcc.a(_divsi3.o)
                              trainDriver.o (__divsi3)
/u/wbcowan/gnuarm-4.0.2/lib/gcc/arm-elf/4.0.2/libgcc.a(_umodsi3.o)
                              io.o (__umodsi3)
/u/wbcowan/gnuarm-4.0.2/lib/gcc/arm-elf/4.0.2/libgcc.a(_dvmd_tls.o)
                              /u/wbcowan/gnuarm-4.0.2/lib/gcc/arm-elf/4.0.2/libgcc.a(_udivsi3.o) (__div0)
/u/wbcowan/gnuarm-4.0.2/lib/gcc/arm-elf/4.0.2/libgcc.a(_addsubdf3.o)
                              trainDriver.o (__adddf3)
/u/wbcowan/gnuarm-4.0.2/lib/gcc/arm-elf/4.0.2/libgcc.a(_muldivdf3.o)
                              trainDriver.o (__muldf3)
/u/wbcowan/gnuarm-4.0.2/lib/gcc/arm-elf/4.0.2/libgcc.a(_fixdfsi.o)
                              trainDriver.o (__fixdfsi)

Memory Configuration

Name             Origin             Length             Attributes
ram              0x0000000000000000 0x0000000002000000
rom              0x0000000060000000 0x0000000000800000
*default*        0x0000000000000000 0xffffffffffffffff

Linker script and memory map


data            0x0000000000000000        0x0
                0x0000000000000000                _DataStart = .
 *(.data)
                0x0000000000000000                _DataEnd = .

bss             0x0000000000000000        0x0
                0x0000000000000000                _BssStart = .
 *(.bss)
                0x0000000000000000                _BssEnd = .

text            0x0000000000000000    0x1d2d0
 *(.text)
 .text          0x0000000000000000      0x134 syscalls.o
                0x0000000000000074                Send
                0x0000000000000038                MyParentTid
                0x000000000000004c                Pass
                0x0000000000000000                Create
                0x00000000000000f0                AwaitEvent
                0x0000000000000120                IdleTime
                0x00000000000000a0                Receive
                0x00000000000000c8                Reply
                0x0000000000000024                MyTid
                0x0000000000000060                Exit
                0x000000000000010c                Quit
 .text          0x0000000000000134       0xa4 courier.o
                0x0000000000000134                Courier
 .text          0x00000000000001d8      0x67c nameServer.o
                0x0000000000000250                WhoIs
                0x00000000000002c8                nameServer
                0x00000000000001d8                RegisterAs
 .text          0x0000000000000854     0x129c trackMonitor.o
                0x00000000000008e8                initBranches
                0x0000000000000f8c                trackMonitor
                0x0000000000000b8c                checkBranches
                0x0000000000000ab4                checkReserved
                0x000000000000097c                initSensors
                0x0000000000000c38                releaseAllMyReservation
                0x0000000000000854                findIndex
                0x0000000000000e48                reserveSensor
                0x0000000000000f10                isInPath
                0x0000000000000dcc                reserveBranch
 .text          0x0000000000001af0     0xc53c track_data.o
                0x0000000000007eb4                init_trackb
                0x0000000000001b5c                init_tracka
 .text          0x000000000000e02c      0xdc0 routeFinder.o
                0x000000000000eb7c                routeFinder
                0x000000000000e02c                addPathToNextSensor
                0x000000000000e320                route
 .text          0x000000000000edec     0x4060 trainDriver.o
                0x000000000000f1d4                init_accelDistance45
                0x000000000000edec                init_table45
                0x000000000000fe2c                adjustPosition
                0x000000000000fd50                getPartialRoute
                0x00000000000105bc                findIndexAlongPath
                0x000000000000f5f8                init_accelDistance49
                0x000000000000fa64                howFarFromDest
                0x000000000000f3e8                init_velocity49
                0x0000000000010f54                trainDriver
                0x000000000001063c                reserveAndSetSwitches
                0x000000000000f808                findNextDistance
                0x000000000000eef4                init_table49
                0x000000000000efec                init_velocity45
                0x0000000000010ad0                fullReserve
                0x000000000000fc38                getShortestPath
 .text          0x0000000000012e4c      0x294 notifier.o
                0x0000000000012e4c                notifier
 .text          0x00000000000130e0      0x540 clockServer.o
                0x0000000000013208                clockServer
                0x00000000000131ac                DelayUntil
                0x0000000000013130                Delay
                0x00000000000130e0                Time
 .text          0x0000000000013620     0x1aa0 io.o
                0x00000000000148ac                putw
                0x00000000000136e8                Getc
                0x0000000000013bbc                uart2PutServer
                0x0000000000013754                Putc
                0x0000000000014c68                i2a
                0x0000000000014ccc                format
                0x000000000001430c                uart1PutServer
                0x0000000000013620                setfifo
                0x0000000000014fbc                myprintf
                0x0000000000014b24                ui2a
                0x00000000000137d0                uart2GetServer
                0x0000000000014a60                a2i
                0x00000000000149b8                a2d
                0x0000000000014ffc                setTrainConnectionn
                0x0000000000013f20                uart1GetServer
 .text          0x00000000000150c0     0x5d60 wtA4.o
                0x0000000000016dd0                Printer
                0x0000000000018db0                T2
                0x0000000000018f08                theOtherTask
                0x0000000000019788                closeActive
                0x0000000000019154                getStackSize
                0x00000000000194ac                schedule
                0x0000000000018f88                getNextRequest
                0x0000000000016ba8                Train
                0x00000000000190e0                copyMsg
                0x000000000001982c                handle
                0x0000000000016d0c                reverseTask
                0x0000000000019708                blockActive
                0x0000000000018dc0                firstUserTask
                0x000000000001967c                rescheduleBlock
                0x000000000001ab78                main
                0x000000000001919c                initialize
                0x0000000000019580                rescheduleActive
                0x00000000000150c0                Terminal
                0x000000000001897c                admin
 .text          0x000000000001ae20      0xc54 ../lib/libbwio.a(bwio.o)
                0x000000000001b198                bwputr
                0x000000000001b704                bwi2a
                0x000000000001ae20                bwsetfifo
                0x000000000001aff4                bwputc
                0x000000000001b454                bwa2d
                0x000000000001aee8                bwsetspeed
                0x000000000001b0b8                c2x
                0x000000000001b4fc                bwa2i
                0x000000000001b39c                bwgetc
                0x000000000001b5c0                bwui2a
                0x000000000001b768                bwformat
                0x000000000001b294                bwputw
                0x000000000001ba3c                bwprintf
                0x000000000001b118                bwputx
                0x000000000001b218                bwputstr
 .text          0x000000000001ba74      0x110 /u/wbcowan/gnuarm-4.0.2/lib/gcc/arm-elf/4.0.2/libgcc.a(_udivsi3.o)
                0x000000000001ba74                __udivsi3
                0x000000000001bb6c                __aeabi_uidivmod
 .text          0x000000000001bb84      0x140 /u/wbcowan/gnuarm-4.0.2/lib/gcc/arm-elf/4.0.2/libgcc.a(_divsi3.o)
                0x000000000001bb84                __divsi3
                0x000000000001bcac                __aeabi_idivmod
 .text          0x000000000001bcc4       0xcc /u/wbcowan/gnuarm-4.0.2/lib/gcc/arm-elf/4.0.2/libgcc.a(_umodsi3.o)
                0x000000000001bcc4                __umodsi3
 .text          0x000000000001bd90        0x4 /u/wbcowan/gnuarm-4.0.2/lib/gcc/arm-elf/4.0.2/libgcc.a(_dvmd_tls.o)
                0x000000000001bd90                __aeabi_ldiv0
                0x000000000001bd90                __div0
                0x000000000001bd90                __aeabi_idiv0
 .text          0x000000000001bd94      0x400 /u/wbcowan/gnuarm-4.0.2/lib/gcc/arm-elf/4.0.2/libgcc.a(_addsubdf3.o)
                0x000000000001c128                __floatdidf
                0x000000000001c0a8                __floatsidf
                0x000000000001c080                __aeabi_ui2d
                0x000000000001bd94                __aeabi_drsub
                0x000000000001c0d4                __extendsfdf2
                0x000000000001bda0                __adddf3
                0x000000000001c080                __floatunsidf
                0x000000000001bda0                __aeabi_dadd
                0x000000000001c114                __aeabi_ul2d
                0x000000000001bd9c                __aeabi_dsub
                0x000000000001c114                __floatundidf
                0x000000000001c0a8                __aeabi_i2d
                0x000000000001c128                __aeabi_l2d
                0x000000000001c0d4                __aeabi_f2d
                0x000000000001bd9c                __subdf3
 .text          0x000000000001c194      0x470 /u/wbcowan/gnuarm-4.0.2/lib/gcc/arm-elf/4.0.2/libgcc.a(_muldivdf3.o)
                0x000000000001c400                __aeabi_ddiv
                0x000000000001c194                __aeabi_dmul
                0x000000000001c400                __divdf3
                0x000000000001c194                __muldf3
 .text          0x000000000001c604       0x5c /u/wbcowan/gnuarm-4.0.2/lib/gcc/arm-elf/4.0.2/libgcc.a(_fixdfsi.o)
                0x000000000001c604                __fixdfsi
                0x000000000001c604                __aeabi_d2iz
 *(.got)
 .got           0x000000000001c660       0x48 nameServer.o
 *(.got.plt)
 .got.plt       0x000000000001c6a8        0xc nameServer.o
                0x000000000001c6a8                _GLOBAL_OFFSET_TABLE_
 *(.rodata)
 .rodata        0x000000000001c6b4       0x38 nameServer.o
 .rodata        0x000000000001c6ec       0x10 trackMonitor.o
 .rodata        0x000000000001c6fc      0x2b0 track_data.o
 .rodata        0x000000000001c9ac       0x10 routeFinder.o
 .rodata        0x000000000001c9bc       0x20 trainDriver.o
 .rodata        0x000000000001c9dc       0x28 clockServer.o
 .rodata        0x000000000001ca04       0xa0 io.o
 .rodata        0x000000000001caa4      0x82c wtA4.o
 *(.glue_7)
 *(.glue_7t)

.rel.dyn
LOAD syscalls.o
LOAD courier.o
LOAD nameServer.o
LOAD trackMonitor.o
LOAD track_data.o
LOAD routeFinder.o
LOAD trainDriver.o
LOAD calibrateServer.o
LOAD notifier.o
LOAD clockServer.o
LOAD io.o
LOAD wtA4.o
LOAD ../lib/libbwio.a
LOAD /u/wbcowan/gnuarm-4.0.2/lib/gcc/arm-elf/4.0.2/libgcc.a
OUTPUT(wtA4.elf elf32-littlearm)

.comment        0x0000000000000000       0xea
 .comment       0x0000000000000000       0x12 syscalls.o
 .comment       0x0000000000000012       0x12 courier.o
 .comment       0x0000000000000024       0x12 nameServer.o
 .comment       0x0000000000000036       0x12 trackMonitor.o
 .comment       0x0000000000000048       0x12 track_data.o
 .comment       0x000000000000005a       0x12 routeFinder.o
 .comment       0x000000000000006c       0x12 trainDriver.o
 .comment       0x000000000000007e       0x12 calibrateServer.o
 .comment       0x0000000000000090       0x12 notifier.o
 .comment       0x00000000000000a2       0x12 clockServer.o
 .comment       0x00000000000000b4       0x12 io.o
 .comment       0x00000000000000c6       0x12 wtA4.o
 .comment       0x00000000000000d8       0x12 ../lib/libbwio.a(bwio.o)

.debug_line     0x0000000000000000      0x627
 .debug_line    0x0000000000000000       0x86 /u/wbcowan/gnuarm-4.0.2/lib/gcc/arm-elf/4.0.2/libgcc.a(_udivsi3.o)
 .debug_line    0x0000000000000086       0x92 /u/wbcowan/gnuarm-4.0.2/lib/gcc/arm-elf/4.0.2/libgcc.a(_divsi3.o)
 .debug_line    0x0000000000000118       0x6f /u/wbcowan/gnuarm-4.0.2/lib/gcc/arm-elf/4.0.2/libgcc.a(_umodsi3.o)
 .debug_line    0x0000000000000187       0x5a /u/wbcowan/gnuarm-4.0.2/lib/gcc/arm-elf/4.0.2/libgcc.a(_dvmd_tls.o)
 .debug_line    0x00000000000001e1      0x1e1 /u/wbcowan/gnuarm-4.0.2/lib/gcc/arm-elf/4.0.2/libgcc.a(_addsubdf3.o)
 .debug_line    0x00000000000003c2      0x1f6 /u/wbcowan/gnuarm-4.0.2/lib/gcc/arm-elf/4.0.2/libgcc.a(_muldivdf3.o)
 .debug_line    0x00000000000005b8       0x6f /u/wbcowan/gnuarm-4.0.2/lib/gcc/arm-elf/4.0.2/libgcc.a(_fixdfsi.o)

.debug_info     0x0000000000000000      0x314
 .debug_info    0x0000000000000000       0x71 /u/wbcowan/gnuarm-4.0.2/lib/gcc/arm-elf/4.0.2/libgcc.a(_udivsi3.o)
 .debug_info    0x0000000000000071       0x71 /u/wbcowan/gnuarm-4.0.2/lib/gcc/arm-elf/4.0.2/libgcc.a(_divsi3.o)
 .debug_info    0x00000000000000e2       0x71 /u/wbcowan/gnuarm-4.0.2/lib/gcc/arm-elf/4.0.2/libgcc.a(_umodsi3.o)
 .debug_info    0x0000000000000153       0x71 /u/wbcowan/gnuarm-4.0.2/lib/gcc/arm-elf/4.0.2/libgcc.a(_dvmd_tls.o)
 .debug_info    0x00000000000001c4       0x70 /u/wbcowan/gnuarm-4.0.2/lib/gcc/arm-elf/4.0.2/libgcc.a(_addsubdf3.o)
 .debug_info    0x0000000000000234       0x70 /u/wbcowan/gnuarm-4.0.2/lib/gcc/arm-elf/4.0.2/libgcc.a(_muldivdf3.o)
 .debug_info    0x00000000000002a4       0x70 /u/wbcowan/gnuarm-4.0.2/lib/gcc/arm-elf/4.0.2/libgcc.a(_fixdfsi.o)

.debug_abbrev   0x0000000000000000       0x8c
 .debug_abbrev  0x0000000000000000       0x14 /u/wbcowan/gnuarm-4.0.2/lib/gcc/arm-elf/4.0.2/libgcc.a(_udivsi3.o)
 .debug_abbrev  0x0000000000000014       0x14 /u/wbcowan/gnuarm-4.0.2/lib/gcc/arm-elf/4.0.2/libgcc.a(_divsi3.o)
 .debug_abbrev  0x0000000000000028       0x14 /u/wbcowan/gnuarm-4.0.2/lib/gcc/arm-elf/4.0.2/libgcc.a(_umodsi3.o)
 .debug_abbrev  0x000000000000003c       0x14 /u/wbcowan/gnuarm-4.0.2/lib/gcc/arm-elf/4.0.2/libgcc.a(_dvmd_tls.o)
 .debug_abbrev  0x0000000000000050       0x14 /u/wbcowan/gnuarm-4.0.2/lib/gcc/arm-elf/4.0.2/libgcc.a(_addsubdf3.o)
 .debug_abbrev  0x0000000000000064       0x14 /u/wbcowan/gnuarm-4.0.2/lib/gcc/arm-elf/4.0.2/libgcc.a(_muldivdf3.o)
 .debug_abbrev  0x0000000000000078       0x14 /u/wbcowan/gnuarm-4.0.2/lib/gcc/arm-elf/4.0.2/libgcc.a(_fixdfsi.o)

.debug_aranges  0x0000000000000000       0xe0
 .debug_aranges
                0x0000000000000000       0x20 /u/wbcowan/gnuarm-4.0.2/lib/gcc/arm-elf/4.0.2/libgcc.a(_udivsi3.o)
 .debug_aranges
                0x0000000000000020       0x20 /u/wbcowan/gnuarm-4.0.2/lib/gcc/arm-elf/4.0.2/libgcc.a(_divsi3.o)
 .debug_aranges
                0x0000000000000040       0x20 /u/wbcowan/gnuarm-4.0.2/lib/gcc/arm-elf/4.0.2/libgcc.a(_umodsi3.o)
 .debug_aranges
                0x0000000000000060       0x20 /u/wbcowan/gnuarm-4.0.2/lib/gcc/arm-elf/4.0.2/libgcc.a(_dvmd_tls.o)
 .debug_aranges
                0x0000000000000080       0x20 /u/wbcowan/gnuarm-4.0.2/lib/gcc/arm-elf/4.0.2/libgcc.a(_addsubdf3.o)
 .debug_aranges
                0x00000000000000a0       0x20 /u/wbcowan/gnuarm-4.0.2/lib/gcc/arm-elf/4.0.2/libgcc.a(_muldivdf3.o)
 .debug_aranges
                0x00000000000000c0       0x20 /u/wbcowan/gnuarm-4.0.2/lib/gcc/arm-elf/4.0.2/libgcc.a(_fixdfsi.o)
