Archive member included because of file (symbol)

../lib/libbwio.a(bwio.o)      wtA4.o (bwsetfifo)
/u/wbcowan/gnuarm-4.0.2/lib/gcc/arm-elf/4.0.2/libgcc.a(_udivsi3.o)
                              io.o (__udivsi3)
/u/wbcowan/gnuarm-4.0.2/lib/gcc/arm-elf/4.0.2/libgcc.a(_divsi3.o)
                              trainDriver.o (__divsi3)
/u/wbcowan/gnuarm-4.0.2/lib/gcc/arm-elf/4.0.2/libgcc.a(_umodsi3.o)
                              io.o (__umodsi3)
/u/wbcowan/gnuarm-4.0.2/lib/gcc/arm-elf/4.0.2/libgcc.a(_dvmd_tls.o)
                              /u/wbcowan/gnuarm-4.0.2/lib/gcc/arm-elf/4.0.2/libgcc.a(_udivsi3.o) (__div0)
/u/wbcowan/gnuarm-4.0.2/lib/gcc/arm-elf/4.0.2/libgcc.a(_addsubdf3.o)
                              wtA4.o (__subdf3)
/u/wbcowan/gnuarm-4.0.2/lib/gcc/arm-elf/4.0.2/libgcc.a(_muldivdf3.o)
                              trainDriver.o (__muldf3)
/u/wbcowan/gnuarm-4.0.2/lib/gcc/arm-elf/4.0.2/libgcc.a(_fixdfsi.o)
                              trainDriver.o (__fixdfsi)

Memory Configuration

Name             Origin             Length             Attributes
ram              0x0000000000000000 0x0000000002000000
rom              0x0000000060000000 0x0000000000800000
*default*        0x0000000000000000 0xffffffffffffffff

Linker script and memory map


data            0x0000000000000000        0x0
                0x0000000000000000                _DataStart = .
 *(.data)
                0x0000000000000000                _DataEnd = .

bss             0x0000000000000000        0x0
                0x0000000000000000                _BssStart = .
 *(.bss)
                0x0000000000000000                _BssEnd = .

text            0x0000000000000000    0x19d78
 *(.text)
 .text          0x0000000000000000      0x134 syscalls.o
                0x0000000000000074                Send
                0x0000000000000038                MyParentTid
                0x000000000000004c                Pass
                0x0000000000000000                Create
                0x00000000000000f0                AwaitEvent
                0x0000000000000120                IdleTime
                0x00000000000000a0                Receive
                0x00000000000000c8                Reply
                0x0000000000000024                MyTid
                0x0000000000000060                Exit
                0x000000000000010c                Quit
 .text          0x0000000000000134       0xa4 courier.o
                0x0000000000000134                Courier
 .text          0x00000000000001d8      0x5e0 nameServer.o
                0x0000000000000250                WhoIs
                0x00000000000002c8                nameServer
                0x00000000000001d8                RegisterAs
 .text          0x00000000000007b8      0xeb8 trackMonitor.o
                0x0000000000000bdc                trackMonitor
                0x0000000000000984                checkReserved
                0x000000000000084c                initSensors
                0x0000000000000a24                releaseAllMyReservation
                0x00000000000007b8                findIndex
                0x0000000000000b14                reserveSensor
 .text          0x0000000000001670     0xc53c track_data.o
                0x0000000000007a34                init_trackb
                0x00000000000016dc                init_tracka
 .text          0x000000000000dbac      0x814 routeFinder.o
                0x000000000000e150                routeFinder
                0x000000000000dbac                route
 .text          0x000000000000e3c0     0x1c00 trainDriver.o
                0x000000000000e3c0                init_table
                0x000000000000eb94                findIndexAlongPath
                0x000000000000e4b8                init_velocity
                0x000000000000e8f8                howFarFromDest
                0x000000000000efb4                trainDriver
                0x000000000000ec14                reserveAndSetSwitches
                0x000000000000e6d0                findNextDistance
                0x000000000000eb30                getShortestPath
 .text          0x000000000000ffc0      0x294 notifier.o
                0x000000000000ffc0                notifier
 .text          0x0000000000010254      0x540 clockServer.o
                0x000000000001037c                clockServer
                0x0000000000010320                DelayUntil
                0x00000000000102a4                Delay
                0x0000000000010254                Time
 .text          0x0000000000010794     0x1a90 io.o
                0x0000000000011a10                putw
                0x000000000001085c                Getc
                0x0000000000010d28                uart2PutServer
                0x00000000000108c8                Putc
                0x0000000000011dcc                i2a
                0x0000000000011e30                format
                0x0000000000011470                uart1PutServer
                0x0000000000010794                setfifo
                0x0000000000012120                myprintf
                0x0000000000011c88                ui2a
                0x0000000000010944                uart2GetServer
                0x0000000000011bc4                a2i
                0x0000000000011b1c                a2d
                0x0000000000012160                setTrainConnectionn
                0x000000000001108c                uart1GetServer
 .text          0x0000000000012224     0x58f4 wtA4.o
                0x0000000000013f34                Printer
                0x00000000000159c0                T2
                0x0000000000015b18                theOtherTask
                0x00000000000163c0                closeActive
                0x0000000000015d64                getStackSize
                0x00000000000160e4                schedule
                0x0000000000015b98                getNextRequest
                0x0000000000013d0c                Train
                0x0000000000015cf0                copyMsg
                0x0000000000016464                handle
                0x0000000000013e70                reverseTask
                0x0000000000016340                blockActive
                0x00000000000159d0                firstUserTask
                0x00000000000162b4                rescheduleBlock
                0x0000000000017870                main
                0x0000000000015dac                initialize
                0x00000000000161b8                rescheduleActive
                0x0000000000012224                Terminal
                0x00000000000156a0                admin
 .text          0x0000000000017b18      0xc54 ../lib/libbwio.a(bwio.o)
                0x0000000000017e90                bwputr
                0x00000000000183fc                bwi2a
                0x0000000000017b18                bwsetfifo
                0x0000000000017cec                bwputc
                0x000000000001814c                bwa2d
                0x0000000000017be0                bwsetspeed
                0x0000000000017db0                c2x
                0x00000000000181f4                bwa2i
                0x0000000000018094                bwgetc
                0x00000000000182b8                bwui2a
                0x0000000000018460                bwformat
                0x0000000000017f8c                bwputw
                0x0000000000018734                bwprintf
                0x0000000000017e10                bwputx
                0x0000000000017f10                bwputstr
 .text          0x000000000001876c      0x110 /u/wbcowan/gnuarm-4.0.2/lib/gcc/arm-elf/4.0.2/libgcc.a(_udivsi3.o)
                0x000000000001876c                __udivsi3
                0x0000000000018864                __aeabi_uidivmod
 .text          0x000000000001887c      0x140 /u/wbcowan/gnuarm-4.0.2/lib/gcc/arm-elf/4.0.2/libgcc.a(_divsi3.o)
                0x000000000001887c                __divsi3
                0x00000000000189a4                __aeabi_idivmod
 .text          0x00000000000189bc       0xcc /u/wbcowan/gnuarm-4.0.2/lib/gcc/arm-elf/4.0.2/libgcc.a(_umodsi3.o)
                0x00000000000189bc                __umodsi3
 .text          0x0000000000018a88        0x4 /u/wbcowan/gnuarm-4.0.2/lib/gcc/arm-elf/4.0.2/libgcc.a(_dvmd_tls.o)
                0x0000000000018a88                __aeabi_ldiv0
                0x0000000000018a88                __div0
                0x0000000000018a88                __aeabi_idiv0
 .text          0x0000000000018a8c      0x400 /u/wbcowan/gnuarm-4.0.2/lib/gcc/arm-elf/4.0.2/libgcc.a(_addsubdf3.o)
                0x0000000000018e20                __floatdidf
                0x0000000000018da0                __floatsidf
                0x0000000000018d78                __aeabi_ui2d
                0x0000000000018a8c                __aeabi_drsub
                0x0000000000018dcc                __extendsfdf2
                0x0000000000018a98                __adddf3
                0x0000000000018d78                __floatunsidf
                0x0000000000018a98                __aeabi_dadd
                0x0000000000018e0c                __aeabi_ul2d
                0x0000000000018a94                __aeabi_dsub
                0x0000000000018e0c                __floatundidf
                0x0000000000018da0                __aeabi_i2d
                0x0000000000018e20                __aeabi_l2d
                0x0000000000018dcc                __aeabi_f2d
                0x0000000000018a94                __subdf3
 .text          0x0000000000018e8c      0x470 /u/wbcowan/gnuarm-4.0.2/lib/gcc/arm-elf/4.0.2/libgcc.a(_muldivdf3.o)
                0x00000000000190f8                __aeabi_ddiv
                0x0000000000018e8c                __aeabi_dmul
                0x00000000000190f8                __divdf3
                0x0000000000018e8c                __muldf3
 .text          0x00000000000192fc       0x5c /u/wbcowan/gnuarm-4.0.2/lib/gcc/arm-elf/4.0.2/libgcc.a(_fixdfsi.o)
                0x00000000000192fc                __fixdfsi
                0x00000000000192fc                __aeabi_d2iz
 *(.got)
 .got           0x0000000000019358       0x48 nameServer.o
 *(.got.plt)
 .got.plt       0x00000000000193a0        0xc nameServer.o
                0x00000000000193a0                _GLOBAL_OFFSET_TABLE_
 *(.rodata)
 .rodata        0x00000000000193ac       0x30 nameServer.o
 .rodata        0x00000000000193dc       0x10 trackMonitor.o
 .rodata        0x00000000000193ec      0x2b0 track_data.o
 .rodata        0x000000000001969c       0x10 routeFinder.o
 .rodata        0x00000000000196ac       0x18 trainDriver.o
 .rodata        0x00000000000196c4       0x28 clockServer.o
 .rodata        0x00000000000196ec       0xa0 io.o
 .rodata        0x000000000001978c      0x5ec wtA4.o
 *(.glue_7)
 *(.glue_7t)

.rel.dyn
LOAD syscalls.o
LOAD courier.o
LOAD nameServer.o
LOAD trackMonitor.o
LOAD track_data.o
LOAD routeFinder.o
LOAD trainDriver.o
LOAD calibrateServer.o
LOAD notifier.o
LOAD clockServer.o
LOAD io.o
LOAD wtA4.o
LOAD ../lib/libbwio.a
LOAD /u/wbcowan/gnuarm-4.0.2/lib/gcc/arm-elf/4.0.2/libgcc.a
OUTPUT(wtA4.elf elf32-littlearm)

.comment        0x0000000000000000       0xea
 .comment       0x0000000000000000       0x12 syscalls.o
 .comment       0x0000000000000012       0x12 courier.o
 .comment       0x0000000000000024       0x12 nameServer.o
 .comment       0x0000000000000036       0x12 trackMonitor.o
 .comment       0x0000000000000048       0x12 track_data.o
 .comment       0x000000000000005a       0x12 routeFinder.o
 .comment       0x000000000000006c       0x12 trainDriver.o
 .comment       0x000000000000007e       0x12 calibrateServer.o
 .comment       0x0000000000000090       0x12 notifier.o
 .comment       0x00000000000000a2       0x12 clockServer.o
 .comment       0x00000000000000b4       0x12 io.o
 .comment       0x00000000000000c6       0x12 wtA4.o
 .comment       0x00000000000000d8       0x12 ../lib/libbwio.a(bwio.o)

.debug_line     0x0000000000000000      0x627
 .debug_line    0x0000000000000000       0x86 /u/wbcowan/gnuarm-4.0.2/lib/gcc/arm-elf/4.0.2/libgcc.a(_udivsi3.o)
 .debug_line    0x0000000000000086       0x92 /u/wbcowan/gnuarm-4.0.2/lib/gcc/arm-elf/4.0.2/libgcc.a(_divsi3.o)
 .debug_line    0x0000000000000118       0x6f /u/wbcowan/gnuarm-4.0.2/lib/gcc/arm-elf/4.0.2/libgcc.a(_umodsi3.o)
 .debug_line    0x0000000000000187       0x5a /u/wbcowan/gnuarm-4.0.2/lib/gcc/arm-elf/4.0.2/libgcc.a(_dvmd_tls.o)
 .debug_line    0x00000000000001e1      0x1e1 /u/wbcowan/gnuarm-4.0.2/lib/gcc/arm-elf/4.0.2/libgcc.a(_addsubdf3.o)
 .debug_line    0x00000000000003c2      0x1f6 /u/wbcowan/gnuarm-4.0.2/lib/gcc/arm-elf/4.0.2/libgcc.a(_muldivdf3.o)
 .debug_line    0x00000000000005b8       0x6f /u/wbcowan/gnuarm-4.0.2/lib/gcc/arm-elf/4.0.2/libgcc.a(_fixdfsi.o)

.debug_info     0x0000000000000000      0x314
 .debug_info    0x0000000000000000       0x71 /u/wbcowan/gnuarm-4.0.2/lib/gcc/arm-elf/4.0.2/libgcc.a(_udivsi3.o)
 .debug_info    0x0000000000000071       0x71 /u/wbcowan/gnuarm-4.0.2/lib/gcc/arm-elf/4.0.2/libgcc.a(_divsi3.o)
 .debug_info    0x00000000000000e2       0x71 /u/wbcowan/gnuarm-4.0.2/lib/gcc/arm-elf/4.0.2/libgcc.a(_umodsi3.o)
 .debug_info    0x0000000000000153       0x71 /u/wbcowan/gnuarm-4.0.2/lib/gcc/arm-elf/4.0.2/libgcc.a(_dvmd_tls.o)
 .debug_info    0x00000000000001c4       0x70 /u/wbcowan/gnuarm-4.0.2/lib/gcc/arm-elf/4.0.2/libgcc.a(_addsubdf3.o)
 .debug_info    0x0000000000000234       0x70 /u/wbcowan/gnuarm-4.0.2/lib/gcc/arm-elf/4.0.2/libgcc.a(_muldivdf3.o)
 .debug_info    0x00000000000002a4       0x70 /u/wbcowan/gnuarm-4.0.2/lib/gcc/arm-elf/4.0.2/libgcc.a(_fixdfsi.o)

.debug_abbrev   0x0000000000000000       0x8c
 .debug_abbrev  0x0000000000000000       0x14 /u/wbcowan/gnuarm-4.0.2/lib/gcc/arm-elf/4.0.2/libgcc.a(_udivsi3.o)
 .debug_abbrev  0x0000000000000014       0x14 /u/wbcowan/gnuarm-4.0.2/lib/gcc/arm-elf/4.0.2/libgcc.a(_divsi3.o)
 .debug_abbrev  0x0000000000000028       0x14 /u/wbcowan/gnuarm-4.0.2/lib/gcc/arm-elf/4.0.2/libgcc.a(_umodsi3.o)
 .debug_abbrev  0x000000000000003c       0x14 /u/wbcowan/gnuarm-4.0.2/lib/gcc/arm-elf/4.0.2/libgcc.a(_dvmd_tls.o)
 .debug_abbrev  0x0000000000000050       0x14 /u/wbcowan/gnuarm-4.0.2/lib/gcc/arm-elf/4.0.2/libgcc.a(_addsubdf3.o)
 .debug_abbrev  0x0000000000000064       0x14 /u/wbcowan/gnuarm-4.0.2/lib/gcc/arm-elf/4.0.2/libgcc.a(_muldivdf3.o)
 .debug_abbrev  0x0000000000000078       0x14 /u/wbcowan/gnuarm-4.0.2/lib/gcc/arm-elf/4.0.2/libgcc.a(_fixdfsi.o)

.debug_aranges  0x0000000000000000       0xe0
 .debug_aranges
                0x0000000000000000       0x20 /u/wbcowan/gnuarm-4.0.2/lib/gcc/arm-elf/4.0.2/libgcc.a(_udivsi3.o)
 .debug_aranges
                0x0000000000000020       0x20 /u/wbcowan/gnuarm-4.0.2/lib/gcc/arm-elf/4.0.2/libgcc.a(_divsi3.o)
 .debug_aranges
                0x0000000000000040       0x20 /u/wbcowan/gnuarm-4.0.2/lib/gcc/arm-elf/4.0.2/libgcc.a(_umodsi3.o)
 .debug_aranges
                0x0000000000000060       0x20 /u/wbcowan/gnuarm-4.0.2/lib/gcc/arm-elf/4.0.2/libgcc.a(_dvmd_tls.o)
 .debug_aranges
                0x0000000000000080       0x20 /u/wbcowan/gnuarm-4.0.2/lib/gcc/arm-elf/4.0.2/libgcc.a(_addsubdf3.o)
 .debug_aranges
                0x00000000000000a0       0x20 /u/wbcowan/gnuarm-4.0.2/lib/gcc/arm-elf/4.0.2/libgcc.a(_muldivdf3.o)
 .debug_aranges
                0x00000000000000c0       0x20 /u/wbcowan/gnuarm-4.0.2/lib/gcc/arm-elf/4.0.2/libgcc.a(_fixdfsi.o)
