Archive member included because of file (symbol)

../lib/libbwio.a(bwio.o)      wtA4.o (bwsetfifo)
/u/wbcowan/gnuarm-4.0.2/lib/gcc/arm-elf/4.0.2/libgcc.a(_udivsi3.o)
                              io.o (__udivsi3)
/u/wbcowan/gnuarm-4.0.2/lib/gcc/arm-elf/4.0.2/libgcc.a(_divsi3.o)
                              trainDriver.o (__divsi3)
/u/wbcowan/gnuarm-4.0.2/lib/gcc/arm-elf/4.0.2/libgcc.a(_umodsi3.o)
                              io.o (__umodsi3)
/u/wbcowan/gnuarm-4.0.2/lib/gcc/arm-elf/4.0.2/libgcc.a(_dvmd_tls.o)
                              /u/wbcowan/gnuarm-4.0.2/lib/gcc/arm-elf/4.0.2/libgcc.a(_udivsi3.o) (__div0)
/u/wbcowan/gnuarm-4.0.2/lib/gcc/arm-elf/4.0.2/libgcc.a(_addsubdf3.o)
                              wtA4.o (__subdf3)
/u/wbcowan/gnuarm-4.0.2/lib/gcc/arm-elf/4.0.2/libgcc.a(_muldivdf3.o)
                              trainDriver.o (__muldf3)
/u/wbcowan/gnuarm-4.0.2/lib/gcc/arm-elf/4.0.2/libgcc.a(_fixdfsi.o)
                              trainDriver.o (__fixdfsi)

Memory Configuration

Name             Origin             Length             Attributes
ram              0x0000000000000000 0x0000000002000000
rom              0x0000000060000000 0x0000000000800000
*default*        0x0000000000000000 0xffffffffffffffff

Linker script and memory map


data            0x0000000000000000        0x0
                0x0000000000000000                _DataStart = .
 *(.data)
                0x0000000000000000                _DataEnd = .

bss             0x0000000000000000        0x0
                0x0000000000000000                _BssStart = .
 *(.bss)
                0x0000000000000000                _BssEnd = .

text            0x0000000000000000    0x1a108
 *(.text)
 .text          0x0000000000000000      0x134 syscalls.o
                0x0000000000000074                Send
                0x0000000000000038                MyParentTid
                0x000000000000004c                Pass
                0x0000000000000000                Create
                0x00000000000000f0                AwaitEvent
                0x0000000000000120                IdleTime
                0x00000000000000a0                Receive
                0x00000000000000c8                Reply
                0x0000000000000024                MyTid
                0x0000000000000060                Exit
                0x000000000000010c                Quit
 .text          0x0000000000000134       0xa4 courier.o
                0x0000000000000134                Courier
 .text          0x00000000000001d8      0x5e0 nameServer.o
                0x0000000000000250                WhoIs
                0x00000000000002c8                nameServer
                0x00000000000001d8                RegisterAs
 .text          0x00000000000007b8     0x11f8 trackMonitor.o
                0x000000000000084c                initBranches
                0x0000000000000e3c                trackMonitor
                0x0000000000000ab8                checkBranches
                0x0000000000000a18                checkReserved
                0x00000000000008e0                initSensors
                0x0000000000000b64                releaseAllMyReservation
                0x00000000000007b8                findIndex
                0x0000000000000d74                reserveSensor
                0x0000000000000cf8                reserveBranch
 .text          0x00000000000019b0     0xc53c track_data.o
                0x0000000000007d74                init_trackb
                0x0000000000001a1c                init_tracka
 .text          0x000000000000deec      0x814 routeFinder.o
                0x000000000000e490                routeFinder
                0x000000000000deec                route
 .text          0x000000000000e700     0x1c04 trainDriver.o
                0x000000000000e700                init_table
                0x000000000000eed4                findIndexAlongPath
                0x000000000000e7f8                init_velocity
                0x000000000000ec38                howFarFromDest
                0x000000000000f318                trainDriver
                0x000000000000ef54                reserveAndSetSwitches
                0x000000000000ea10                findNextDistance
                0x000000000000ee70                getShortestPath
 .text          0x0000000000010304      0x294 notifier.o
                0x0000000000010304                notifier
 .text          0x0000000000010598      0x540 clockServer.o
                0x00000000000106c0                clockServer
                0x0000000000010664                DelayUntil
                0x00000000000105e8                Delay
                0x0000000000010598                Time
 .text          0x0000000000010ad8     0x1a90 io.o
                0x0000000000011d54                putw
                0x0000000000010ba0                Getc
                0x000000000001106c                uart2PutServer
                0x0000000000010c0c                Putc
                0x0000000000012110                i2a
                0x0000000000012174                format
                0x00000000000117b4                uart1PutServer
                0x0000000000010ad8                setfifo
                0x0000000000012464                myprintf
                0x0000000000011fcc                ui2a
                0x0000000000010c88                uart2GetServer
                0x0000000000011f08                a2i
                0x0000000000011e60                a2d
                0x00000000000124a4                setTrainConnectionn
                0x00000000000113d0                uart1GetServer
 .text          0x0000000000012568     0x5940 wtA4.o
                0x0000000000014278                Printer
                0x0000000000015d50                T2
                0x0000000000015ea8                theOtherTask
                0x0000000000016750                closeActive
                0x00000000000160f4                getStackSize
                0x0000000000016474                schedule
                0x0000000000015f28                getNextRequest
                0x0000000000014050                Train
                0x0000000000016080                copyMsg
                0x00000000000167f4                handle
                0x00000000000141b4                reverseTask
                0x00000000000166d0                blockActive
                0x0000000000015d60                firstUserTask
                0x0000000000016644                rescheduleBlock
                0x0000000000017c00                main
                0x000000000001613c                initialize
                0x0000000000016548                rescheduleActive
                0x0000000000012568                Terminal
                0x00000000000159f8                admin
 .text          0x0000000000017ea8      0xc54 ../lib/libbwio.a(bwio.o)
                0x0000000000018220                bwputr
                0x000000000001878c                bwi2a
                0x0000000000017ea8                bwsetfifo
                0x000000000001807c                bwputc
                0x00000000000184dc                bwa2d
                0x0000000000017f70                bwsetspeed
                0x0000000000018140                c2x
                0x0000000000018584                bwa2i
                0x0000000000018424                bwgetc
                0x0000000000018648                bwui2a
                0x00000000000187f0                bwformat
                0x000000000001831c                bwputw
                0x0000000000018ac4                bwprintf
                0x00000000000181a0                bwputx
                0x00000000000182a0                bwputstr
 .text          0x0000000000018afc      0x110 /u/wbcowan/gnuarm-4.0.2/lib/gcc/arm-elf/4.0.2/libgcc.a(_udivsi3.o)
                0x0000000000018afc                __udivsi3
                0x0000000000018bf4                __aeabi_uidivmod
 .text          0x0000000000018c0c      0x140 /u/wbcowan/gnuarm-4.0.2/lib/gcc/arm-elf/4.0.2/libgcc.a(_divsi3.o)
                0x0000000000018c0c                __divsi3
                0x0000000000018d34                __aeabi_idivmod
 .text          0x0000000000018d4c       0xcc /u/wbcowan/gnuarm-4.0.2/lib/gcc/arm-elf/4.0.2/libgcc.a(_umodsi3.o)
                0x0000000000018d4c                __umodsi3
 .text          0x0000000000018e18        0x4 /u/wbcowan/gnuarm-4.0.2/lib/gcc/arm-elf/4.0.2/libgcc.a(_dvmd_tls.o)
                0x0000000000018e18                __aeabi_ldiv0
                0x0000000000018e18                __div0
                0x0000000000018e18                __aeabi_idiv0
 .text          0x0000000000018e1c      0x400 /u/wbcowan/gnuarm-4.0.2/lib/gcc/arm-elf/4.0.2/libgcc.a(_addsubdf3.o)
                0x00000000000191b0                __floatdidf
                0x0000000000019130                __floatsidf
                0x0000000000019108                __aeabi_ui2d
                0x0000000000018e1c                __aeabi_drsub
                0x000000000001915c                __extendsfdf2
                0x0000000000018e28                __adddf3
                0x0000000000019108                __floatunsidf
                0x0000000000018e28                __aeabi_dadd
                0x000000000001919c                __aeabi_ul2d
                0x0000000000018e24                __aeabi_dsub
                0x000000000001919c                __floatundidf
                0x0000000000019130                __aeabi_i2d
                0x00000000000191b0                __aeabi_l2d
                0x000000000001915c                __aeabi_f2d
                0x0000000000018e24                __subdf3
 .text          0x000000000001921c      0x470 /u/wbcowan/gnuarm-4.0.2/lib/gcc/arm-elf/4.0.2/libgcc.a(_muldivdf3.o)
                0x0000000000019488                __aeabi_ddiv
                0x000000000001921c                __aeabi_dmul
                0x0000000000019488                __divdf3
                0x000000000001921c                __muldf3
 .text          0x000000000001968c       0x5c /u/wbcowan/gnuarm-4.0.2/lib/gcc/arm-elf/4.0.2/libgcc.a(_fixdfsi.o)
                0x000000000001968c                __fixdfsi
                0x000000000001968c                __aeabi_d2iz
 *(.got)
 .got           0x00000000000196e8       0x48 nameServer.o
 *(.got.plt)
 .got.plt       0x0000000000019730        0xc nameServer.o
                0x0000000000019730                _GLOBAL_OFFSET_TABLE_
 *(.rodata)
 .rodata        0x000000000001973c       0x30 nameServer.o
 .rodata        0x000000000001976c       0x10 trackMonitor.o
 .rodata        0x000000000001977c      0x2b0 track_data.o
 .rodata        0x0000000000019a2c       0x10 routeFinder.o
 .rodata        0x0000000000019a3c       0x18 trainDriver.o
 .rodata        0x0000000000019a54       0x28 clockServer.o
 .rodata        0x0000000000019a7c       0xa0 io.o
 .rodata        0x0000000000019b1c      0x5ec wtA4.o
 *(.glue_7)
 *(.glue_7t)

.rel.dyn
LOAD syscalls.o
LOAD courier.o
LOAD nameServer.o
LOAD trackMonitor.o
LOAD track_data.o
LOAD routeFinder.o
LOAD trainDriver.o
LOAD calibrateServer.o
LOAD notifier.o
LOAD clockServer.o
LOAD io.o
LOAD wtA4.o
LOAD ../lib/libbwio.a
LOAD /u/wbcowan/gnuarm-4.0.2/lib/gcc/arm-elf/4.0.2/libgcc.a
OUTPUT(wtA4.elf elf32-littlearm)

.comment        0x0000000000000000       0xea
 .comment       0x0000000000000000       0x12 syscalls.o
 .comment       0x0000000000000012       0x12 courier.o
 .comment       0x0000000000000024       0x12 nameServer.o
 .comment       0x0000000000000036       0x12 trackMonitor.o
 .comment       0x0000000000000048       0x12 track_data.o
 .comment       0x000000000000005a       0x12 routeFinder.o
 .comment       0x000000000000006c       0x12 trainDriver.o
 .comment       0x000000000000007e       0x12 calibrateServer.o
 .comment       0x0000000000000090       0x12 notifier.o
 .comment       0x00000000000000a2       0x12 clockServer.o
 .comment       0x00000000000000b4       0x12 io.o
 .comment       0x00000000000000c6       0x12 wtA4.o
 .comment       0x00000000000000d8       0x12 ../lib/libbwio.a(bwio.o)

.debug_line     0x0000000000000000      0x627
 .debug_line    0x0000000000000000       0x86 /u/wbcowan/gnuarm-4.0.2/lib/gcc/arm-elf/4.0.2/libgcc.a(_udivsi3.o)
 .debug_line    0x0000000000000086       0x92 /u/wbcowan/gnuarm-4.0.2/lib/gcc/arm-elf/4.0.2/libgcc.a(_divsi3.o)
 .debug_line    0x0000000000000118       0x6f /u/wbcowan/gnuarm-4.0.2/lib/gcc/arm-elf/4.0.2/libgcc.a(_umodsi3.o)
 .debug_line    0x0000000000000187       0x5a /u/wbcowan/gnuarm-4.0.2/lib/gcc/arm-elf/4.0.2/libgcc.a(_dvmd_tls.o)
 .debug_line    0x00000000000001e1      0x1e1 /u/wbcowan/gnuarm-4.0.2/lib/gcc/arm-elf/4.0.2/libgcc.a(_addsubdf3.o)
 .debug_line    0x00000000000003c2      0x1f6 /u/wbcowan/gnuarm-4.0.2/lib/gcc/arm-elf/4.0.2/libgcc.a(_muldivdf3.o)
 .debug_line    0x00000000000005b8       0x6f /u/wbcowan/gnuarm-4.0.2/lib/gcc/arm-elf/4.0.2/libgcc.a(_fixdfsi.o)

.debug_info     0x0000000000000000      0x314
 .debug_info    0x0000000000000000       0x71 /u/wbcowan/gnuarm-4.0.2/lib/gcc/arm-elf/4.0.2/libgcc.a(_udivsi3.o)
 .debug_info    0x0000000000000071       0x71 /u/wbcowan/gnuarm-4.0.2/lib/gcc/arm-elf/4.0.2/libgcc.a(_divsi3.o)
 .debug_info    0x00000000000000e2       0x71 /u/wbcowan/gnuarm-4.0.2/lib/gcc/arm-elf/4.0.2/libgcc.a(_umodsi3.o)
 .debug_info    0x0000000000000153       0x71 /u/wbcowan/gnuarm-4.0.2/lib/gcc/arm-elf/4.0.2/libgcc.a(_dvmd_tls.o)
 .debug_info    0x00000000000001c4       0x70 /u/wbcowan/gnuarm-4.0.2/lib/gcc/arm-elf/4.0.2/libgcc.a(_addsubdf3.o)
 .debug_info    0x0000000000000234       0x70 /u/wbcowan/gnuarm-4.0.2/lib/gcc/arm-elf/4.0.2/libgcc.a(_muldivdf3.o)
 .debug_info    0x00000000000002a4       0x70 /u/wbcowan/gnuarm-4.0.2/lib/gcc/arm-elf/4.0.2/libgcc.a(_fixdfsi.o)

.debug_abbrev   0x0000000000000000       0x8c
 .debug_abbrev  0x0000000000000000       0x14 /u/wbcowan/gnuarm-4.0.2/lib/gcc/arm-elf/4.0.2/libgcc.a(_udivsi3.o)
 .debug_abbrev  0x0000000000000014       0x14 /u/wbcowan/gnuarm-4.0.2/lib/gcc/arm-elf/4.0.2/libgcc.a(_divsi3.o)
 .debug_abbrev  0x0000000000000028       0x14 /u/wbcowan/gnuarm-4.0.2/lib/gcc/arm-elf/4.0.2/libgcc.a(_umodsi3.o)
 .debug_abbrev  0x000000000000003c       0x14 /u/wbcowan/gnuarm-4.0.2/lib/gcc/arm-elf/4.0.2/libgcc.a(_dvmd_tls.o)
 .debug_abbrev  0x0000000000000050       0x14 /u/wbcowan/gnuarm-4.0.2/lib/gcc/arm-elf/4.0.2/libgcc.a(_addsubdf3.o)
 .debug_abbrev  0x0000000000000064       0x14 /u/wbcowan/gnuarm-4.0.2/lib/gcc/arm-elf/4.0.2/libgcc.a(_muldivdf3.o)
 .debug_abbrev  0x0000000000000078       0x14 /u/wbcowan/gnuarm-4.0.2/lib/gcc/arm-elf/4.0.2/libgcc.a(_fixdfsi.o)

.debug_aranges  0x0000000000000000       0xe0
 .debug_aranges
                0x0000000000000000       0x20 /u/wbcowan/gnuarm-4.0.2/lib/gcc/arm-elf/4.0.2/libgcc.a(_udivsi3.o)
 .debug_aranges
                0x0000000000000020       0x20 /u/wbcowan/gnuarm-4.0.2/lib/gcc/arm-elf/4.0.2/libgcc.a(_divsi3.o)
 .debug_aranges
                0x0000000000000040       0x20 /u/wbcowan/gnuarm-4.0.2/lib/gcc/arm-elf/4.0.2/libgcc.a(_umodsi3.o)
 .debug_aranges
                0x0000000000000060       0x20 /u/wbcowan/gnuarm-4.0.2/lib/gcc/arm-elf/4.0.2/libgcc.a(_dvmd_tls.o)
 .debug_aranges
                0x0000000000000080       0x20 /u/wbcowan/gnuarm-4.0.2/lib/gcc/arm-elf/4.0.2/libgcc.a(_addsubdf3.o)
 .debug_aranges
                0x00000000000000a0       0x20 /u/wbcowan/gnuarm-4.0.2/lib/gcc/arm-elf/4.0.2/libgcc.a(_muldivdf3.o)
 .debug_aranges
                0x00000000000000c0       0x20 /u/wbcowan/gnuarm-4.0.2/lib/gcc/arm-elf/4.0.2/libgcc.a(_fixdfsi.o)
