Archive member included because of file (symbol)

../lib/libbwio.a(bwio.o)      wtA4.o (bwsetfifo)
/u/wbcowan/gnuarm-4.0.2/lib/gcc/arm-elf/4.0.2/libgcc.a(_udivsi3.o)
                              io.o (__udivsi3)
/u/wbcowan/gnuarm-4.0.2/lib/gcc/arm-elf/4.0.2/libgcc.a(_divsi3.o)
                              trainDriver.o (__divsi3)
/u/wbcowan/gnuarm-4.0.2/lib/gcc/arm-elf/4.0.2/libgcc.a(_umodsi3.o)
                              io.o (__umodsi3)
/u/wbcowan/gnuarm-4.0.2/lib/gcc/arm-elf/4.0.2/libgcc.a(_dvmd_tls.o)
                              /u/wbcowan/gnuarm-4.0.2/lib/gcc/arm-elf/4.0.2/libgcc.a(_udivsi3.o) (__div0)
/u/wbcowan/gnuarm-4.0.2/lib/gcc/arm-elf/4.0.2/libgcc.a(_addsubdf3.o)
                              trainDriver.o (__adddf3)
/u/wbcowan/gnuarm-4.0.2/lib/gcc/arm-elf/4.0.2/libgcc.a(_muldivdf3.o)
                              trainDriver.o (__muldf3)
/u/wbcowan/gnuarm-4.0.2/lib/gcc/arm-elf/4.0.2/libgcc.a(_fixdfsi.o)
                              trainDriver.o (__fixdfsi)

Memory Configuration

Name             Origin             Length             Attributes
ram              0x0000000000000000 0x0000000002000000
rom              0x0000000060000000 0x0000000000800000
*default*        0x0000000000000000 0xffffffffffffffff

Linker script and memory map


data            0x0000000000000000        0x0
                0x0000000000000000                _DataStart = .
 *(.data)
                0x0000000000000000                _DataEnd = .

bss             0x0000000000000000        0x0
                0x0000000000000000                _BssStart = .
 *(.bss)
                0x0000000000000000                _BssEnd = .

text            0x0000000000000000    0x18720
 *(.text)
 .text          0x0000000000000000      0x134 syscalls.o
                0x0000000000000074                Send
                0x0000000000000038                MyParentTid
                0x000000000000004c                Pass
                0x0000000000000000                Create
                0x00000000000000f0                AwaitEvent
                0x0000000000000120                IdleTime
                0x00000000000000a0                Receive
                0x00000000000000c8                Reply
                0x0000000000000024                MyTid
                0x0000000000000060                Exit
                0x000000000000010c                Quit
 .text          0x0000000000000134       0xa4 courier.o
                0x0000000000000134                Courier
 .text          0x00000000000001d8      0x544 nameServer.o
                0x0000000000000250                WhoIs
                0x00000000000002c8                nameServer
                0x00000000000001d8                RegisterAs
 .text          0x000000000000071c     0xc53c track_data.o
                0x0000000000006ae0                init_trackb
                0x0000000000000788                init_tracka
 .text          0x000000000000cc58      0x6ac routeFinder.o
                0x000000000000d1fc                routeFinder
                0x000000000000cc58                route
 .text          0x000000000000d304     0x1854 trainDriver.o
                0x000000000000d304                init_table
                0x000000000000d3fc                init_velocity
                0x000000000000d83c                howFarFromDest
                0x000000000000dc20                trainDriver
                0x000000000000d614                findNextDistance
                0x000000000000da74                getShortestPath
 .text          0x000000000000eb58      0x294 notifier.o
                0x000000000000eb58                notifier
 .text          0x000000000000edec      0x540 clockServer.o
                0x000000000000ef14                clockServer
                0x000000000000eeb8                DelayUntil
                0x000000000000ee3c                Delay
                0x000000000000edec                Time
 .text          0x000000000000f32c     0x1aa0 io.o
                0x00000000000105b8                putw
                0x000000000000f3f4                Getc
                0x000000000000f8c8                uart2PutServer
                0x000000000000f460                Putc
                0x0000000000010974                i2a
                0x00000000000109d8                format
                0x0000000000010018                uart1PutServer
                0x000000000000f32c                setfifo
                0x0000000000010cc8                myprintf
                0x0000000000010830                ui2a
                0x000000000000f4dc                uart2GetServer
                0x000000000001076c                a2i
                0x00000000000106c4                a2d
                0x0000000000010d08                setTrainConnectionn
                0x000000000000fc2c                uart1GetServer
 .text          0x0000000000010dcc     0x56e8 wtA4.o
                0x0000000000012a84                Printer
                0x0000000000014444                T2
                0x000000000001459c                theOtherTask
                0x0000000000014e1c                closeActive
                0x00000000000147e8                getStackSize
                0x0000000000014b40                schedule
                0x000000000001461c                getNextRequest
                0x000000000001285c                Train
                0x0000000000014774                copyMsg
                0x0000000000014ec0                handle
                0x00000000000129c0                reverseTask
                0x0000000000014d9c                blockActive
                0x0000000000014454                firstUserTask
                0x0000000000014d10                rescheduleBlock
                0x000000000001620c                main
                0x0000000000014830                initialize
                0x0000000000014c14                rescheduleActive
                0x0000000000010dcc                Terminal
                0x00000000000141ac                admin
 .text          0x00000000000164b4      0xc54 ../lib/libbwio.a(bwio.o)
                0x000000000001682c                bwputr
                0x0000000000016d98                bwi2a
                0x00000000000164b4                bwsetfifo
                0x0000000000016688                bwputc
                0x0000000000016ae8                bwa2d
                0x000000000001657c                bwsetspeed
                0x000000000001674c                c2x
                0x0000000000016b90                bwa2i
                0x0000000000016a30                bwgetc
                0x0000000000016c54                bwui2a
                0x0000000000016dfc                bwformat
                0x0000000000016928                bwputw
                0x00000000000170d0                bwprintf
                0x00000000000167ac                bwputx
                0x00000000000168ac                bwputstr
 .text          0x0000000000017108      0x110 /u/wbcowan/gnuarm-4.0.2/lib/gcc/arm-elf/4.0.2/libgcc.a(_udivsi3.o)
                0x0000000000017108                __udivsi3
                0x0000000000017200                __aeabi_uidivmod
 .text          0x0000000000017218      0x140 /u/wbcowan/gnuarm-4.0.2/lib/gcc/arm-elf/4.0.2/libgcc.a(_divsi3.o)
                0x0000000000017218                __divsi3
                0x0000000000017340                __aeabi_idivmod
 .text          0x0000000000017358       0xcc /u/wbcowan/gnuarm-4.0.2/lib/gcc/arm-elf/4.0.2/libgcc.a(_umodsi3.o)
                0x0000000000017358                __umodsi3
 .text          0x0000000000017424        0x4 /u/wbcowan/gnuarm-4.0.2/lib/gcc/arm-elf/4.0.2/libgcc.a(_dvmd_tls.o)
                0x0000000000017424                __aeabi_ldiv0
                0x0000000000017424                __div0
                0x0000000000017424                __aeabi_idiv0
 .text          0x0000000000017428      0x400 /u/wbcowan/gnuarm-4.0.2/lib/gcc/arm-elf/4.0.2/libgcc.a(_addsubdf3.o)
                0x00000000000177bc                __floatdidf
                0x000000000001773c                __floatsidf
                0x0000000000017714                __aeabi_ui2d
                0x0000000000017428                __aeabi_drsub
                0x0000000000017768                __extendsfdf2
                0x0000000000017434                __adddf3
                0x0000000000017714                __floatunsidf
                0x0000000000017434                __aeabi_dadd
                0x00000000000177a8                __aeabi_ul2d
                0x0000000000017430                __aeabi_dsub
                0x00000000000177a8                __floatundidf
                0x000000000001773c                __aeabi_i2d
                0x00000000000177bc                __aeabi_l2d
                0x0000000000017768                __aeabi_f2d
                0x0000000000017430                __subdf3
 .text          0x0000000000017828      0x470 /u/wbcowan/gnuarm-4.0.2/lib/gcc/arm-elf/4.0.2/libgcc.a(_muldivdf3.o)
                0x0000000000017a94                __aeabi_ddiv
                0x0000000000017828                __aeabi_dmul
                0x0000000000017a94                __divdf3
                0x0000000000017828                __muldf3
 .text          0x0000000000017c98       0x5c /u/wbcowan/gnuarm-4.0.2/lib/gcc/arm-elf/4.0.2/libgcc.a(_fixdfsi.o)
                0x0000000000017c98                __fixdfsi
                0x0000000000017c98                __aeabi_d2iz
 *(.got)
 .got           0x0000000000017cf4       0x44 nameServer.o
 *(.got.plt)
 .got.plt       0x0000000000017d38        0xc nameServer.o
                0x0000000000017d38                _GLOBAL_OFFSET_TABLE_
 *(.rodata)
 .rodata        0x0000000000017d44       0x28 nameServer.o
 .rodata        0x0000000000017d6c      0x2b0 track_data.o
 .rodata        0x000000000001801c        0x8 routeFinder.o
 .rodata        0x0000000000018024       0x18 trainDriver.o
 .rodata        0x000000000001803c       0x28 clockServer.o
 .rodata        0x0000000000018064       0xa0 io.o
 .rodata        0x0000000000018104      0x61c wtA4.o
 *(.glue_7)
 *(.glue_7t)

.rel.dyn
LOAD syscalls.o
LOAD courier.o
LOAD nameServer.o
LOAD track_data.o
LOAD routeFinder.o
LOAD trainDriver.o
LOAD calibrateServer.o
LOAD notifier.o
LOAD clockServer.o
LOAD io.o
LOAD wtA4.o
LOAD ../lib/libbwio.a
LOAD /u/wbcowan/gnuarm-4.0.2/lib/gcc/arm-elf/4.0.2/libgcc.a
OUTPUT(wtA4.elf elf32-littlearm)

.comment        0x0000000000000000       0xd8
 .comment       0x0000000000000000       0x12 syscalls.o
 .comment       0x0000000000000012       0x12 courier.o
 .comment       0x0000000000000024       0x12 nameServer.o
 .comment       0x0000000000000036       0x12 track_data.o
 .comment       0x0000000000000048       0x12 routeFinder.o
 .comment       0x000000000000005a       0x12 trainDriver.o
 .comment       0x000000000000006c       0x12 calibrateServer.o
 .comment       0x000000000000007e       0x12 notifier.o
 .comment       0x0000000000000090       0x12 clockServer.o
 .comment       0x00000000000000a2       0x12 io.o
 .comment       0x00000000000000b4       0x12 wtA4.o
 .comment       0x00000000000000c6       0x12 ../lib/libbwio.a(bwio.o)

.debug_line     0x0000000000000000      0x627
 .debug_line    0x0000000000000000       0x86 /u/wbcowan/gnuarm-4.0.2/lib/gcc/arm-elf/4.0.2/libgcc.a(_udivsi3.o)
 .debug_line    0x0000000000000086       0x92 /u/wbcowan/gnuarm-4.0.2/lib/gcc/arm-elf/4.0.2/libgcc.a(_divsi3.o)
 .debug_line    0x0000000000000118       0x6f /u/wbcowan/gnuarm-4.0.2/lib/gcc/arm-elf/4.0.2/libgcc.a(_umodsi3.o)
 .debug_line    0x0000000000000187       0x5a /u/wbcowan/gnuarm-4.0.2/lib/gcc/arm-elf/4.0.2/libgcc.a(_dvmd_tls.o)
 .debug_line    0x00000000000001e1      0x1e1 /u/wbcowan/gnuarm-4.0.2/lib/gcc/arm-elf/4.0.2/libgcc.a(_addsubdf3.o)
 .debug_line    0x00000000000003c2      0x1f6 /u/wbcowan/gnuarm-4.0.2/lib/gcc/arm-elf/4.0.2/libgcc.a(_muldivdf3.o)
 .debug_line    0x00000000000005b8       0x6f /u/wbcowan/gnuarm-4.0.2/lib/gcc/arm-elf/4.0.2/libgcc.a(_fixdfsi.o)

.debug_info     0x0000000000000000      0x314
 .debug_info    0x0000000000000000       0x71 /u/wbcowan/gnuarm-4.0.2/lib/gcc/arm-elf/4.0.2/libgcc.a(_udivsi3.o)
 .debug_info    0x0000000000000071       0x71 /u/wbcowan/gnuarm-4.0.2/lib/gcc/arm-elf/4.0.2/libgcc.a(_divsi3.o)
 .debug_info    0x00000000000000e2       0x71 /u/wbcowan/gnuarm-4.0.2/lib/gcc/arm-elf/4.0.2/libgcc.a(_umodsi3.o)
 .debug_info    0x0000000000000153       0x71 /u/wbcowan/gnuarm-4.0.2/lib/gcc/arm-elf/4.0.2/libgcc.a(_dvmd_tls.o)
 .debug_info    0x00000000000001c4       0x70 /u/wbcowan/gnuarm-4.0.2/lib/gcc/arm-elf/4.0.2/libgcc.a(_addsubdf3.o)
 .debug_info    0x0000000000000234       0x70 /u/wbcowan/gnuarm-4.0.2/lib/gcc/arm-elf/4.0.2/libgcc.a(_muldivdf3.o)
 .debug_info    0x00000000000002a4       0x70 /u/wbcowan/gnuarm-4.0.2/lib/gcc/arm-elf/4.0.2/libgcc.a(_fixdfsi.o)

.debug_abbrev   0x0000000000000000       0x8c
 .debug_abbrev  0x0000000000000000       0x14 /u/wbcowan/gnuarm-4.0.2/lib/gcc/arm-elf/4.0.2/libgcc.a(_udivsi3.o)
 .debug_abbrev  0x0000000000000014       0x14 /u/wbcowan/gnuarm-4.0.2/lib/gcc/arm-elf/4.0.2/libgcc.a(_divsi3.o)
 .debug_abbrev  0x0000000000000028       0x14 /u/wbcowan/gnuarm-4.0.2/lib/gcc/arm-elf/4.0.2/libgcc.a(_umodsi3.o)
 .debug_abbrev  0x000000000000003c       0x14 /u/wbcowan/gnuarm-4.0.2/lib/gcc/arm-elf/4.0.2/libgcc.a(_dvmd_tls.o)
 .debug_abbrev  0x0000000000000050       0x14 /u/wbcowan/gnuarm-4.0.2/lib/gcc/arm-elf/4.0.2/libgcc.a(_addsubdf3.o)
 .debug_abbrev  0x0000000000000064       0x14 /u/wbcowan/gnuarm-4.0.2/lib/gcc/arm-elf/4.0.2/libgcc.a(_muldivdf3.o)
 .debug_abbrev  0x0000000000000078       0x14 /u/wbcowan/gnuarm-4.0.2/lib/gcc/arm-elf/4.0.2/libgcc.a(_fixdfsi.o)

.debug_aranges  0x0000000000000000       0xe0
 .debug_aranges
                0x0000000000000000       0x20 /u/wbcowan/gnuarm-4.0.2/lib/gcc/arm-elf/4.0.2/libgcc.a(_udivsi3.o)
 .debug_aranges
                0x0000000000000020       0x20 /u/wbcowan/gnuarm-4.0.2/lib/gcc/arm-elf/4.0.2/libgcc.a(_divsi3.o)
 .debug_aranges
                0x0000000000000040       0x20 /u/wbcowan/gnuarm-4.0.2/lib/gcc/arm-elf/4.0.2/libgcc.a(_umodsi3.o)
 .debug_aranges
                0x0000000000000060       0x20 /u/wbcowan/gnuarm-4.0.2/lib/gcc/arm-elf/4.0.2/libgcc.a(_dvmd_tls.o)
 .debug_aranges
                0x0000000000000080       0x20 /u/wbcowan/gnuarm-4.0.2/lib/gcc/arm-elf/4.0.2/libgcc.a(_addsubdf3.o)
 .debug_aranges
                0x00000000000000a0       0x20 /u/wbcowan/gnuarm-4.0.2/lib/gcc/arm-elf/4.0.2/libgcc.a(_muldivdf3.o)
 .debug_aranges
                0x00000000000000c0       0x20 /u/wbcowan/gnuarm-4.0.2/lib/gcc/arm-elf/4.0.2/libgcc.a(_fixdfsi.o)
