Archive member included because of file (symbol)

../lib/libbwio.a(bwio.o)      wtA4.o (bwsetfifo)
/u/wbcowan/gnuarm-4.0.2/lib/gcc/arm-elf/4.0.2/libgcc.a(_udivsi3.o)
                              io.o (__udivsi3)
/u/wbcowan/gnuarm-4.0.2/lib/gcc/arm-elf/4.0.2/libgcc.a(_divsi3.o)
                              trainDriver.o (__divsi3)
/u/wbcowan/gnuarm-4.0.2/lib/gcc/arm-elf/4.0.2/libgcc.a(_umodsi3.o)
                              io.o (__umodsi3)
/u/wbcowan/gnuarm-4.0.2/lib/gcc/arm-elf/4.0.2/libgcc.a(_dvmd_tls.o)
                              /u/wbcowan/gnuarm-4.0.2/lib/gcc/arm-elf/4.0.2/libgcc.a(_udivsi3.o) (__div0)
/u/wbcowan/gnuarm-4.0.2/lib/gcc/arm-elf/4.0.2/libgcc.a(_addsubdf3.o)
                              trainDriver.o (__adddf3)
/u/wbcowan/gnuarm-4.0.2/lib/gcc/arm-elf/4.0.2/libgcc.a(_muldivdf3.o)
                              trainDriver.o (__muldf3)
/u/wbcowan/gnuarm-4.0.2/lib/gcc/arm-elf/4.0.2/libgcc.a(_fixdfsi.o)
                              trainDriver.o (__fixdfsi)

Memory Configuration

Name             Origin             Length             Attributes
ram              0x0000000000000000 0x0000000002000000
rom              0x0000000060000000 0x0000000000800000
*default*        0x0000000000000000 0xffffffffffffffff

Linker script and memory map


data            0x0000000000000000        0x0
                0x0000000000000000                _DataStart = .
 *(.data)
                0x0000000000000000                _DataEnd = .

bss             0x0000000000000000        0x0
                0x0000000000000000                _BssStart = .
 *(.bss)
                0x0000000000000000                _BssEnd = .

text            0x0000000000000000    0x18a80
 *(.text)
 .text          0x0000000000000000      0x134 syscalls.o
                0x0000000000000074                Send
                0x0000000000000038                MyParentTid
                0x000000000000004c                Pass
                0x0000000000000000                Create
                0x00000000000000f0                AwaitEvent
                0x0000000000000120                IdleTime
                0x00000000000000a0                Receive
                0x00000000000000c8                Reply
                0x0000000000000024                MyTid
                0x0000000000000060                Exit
                0x000000000000010c                Quit
 .text          0x0000000000000134       0xa4 courier.o
                0x0000000000000134                Courier
 .text          0x00000000000001d8      0x544 nameServer.o
                0x0000000000000250                WhoIs
                0x00000000000002c8                nameServer
                0x00000000000001d8                RegisterAs
 .text          0x000000000000071c     0xc53c track_data.o
                0x0000000000006ae0                init_trackb
                0x0000000000000788                init_tracka
 .text          0x000000000000cc58      0x6ac routeFinder.o
                0x000000000000d1fc                routeFinder
                0x000000000000cc58                route
 .text          0x000000000000d304     0x176c trainDriver.o
                0x000000000000d304                init_table
                0x000000000000d3fc                init_velocity
                0x000000000000d83c                howFarFromDest
                0x000000000000da74                trainDriver
                0x000000000000d614                findNextDistance
 .text          0x000000000000ea70      0x294 notifier.o
                0x000000000000ea70                notifier
 .text          0x000000000000ed04      0x540 clockServer.o
                0x000000000000ee2c                clockServer
                0x000000000000edd0                DelayUntil
                0x000000000000ed54                Delay
                0x000000000000ed04                Time
 .text          0x000000000000f244     0x1aa0 io.o
                0x00000000000104d0                putw
                0x000000000000f30c                Getc
                0x000000000000f7e0                uart2PutServer
                0x000000000000f378                Putc
                0x000000000001088c                i2a
                0x00000000000108f0                format
                0x000000000000ff30                uart1PutServer
                0x000000000000f244                setfifo
                0x0000000000010be0                myprintf
                0x0000000000010748                ui2a
                0x000000000000f3f4                uart2GetServer
                0x0000000000010684                a2i
                0x00000000000105dc                a2d
                0x0000000000010c20                setTrainConnectionn
                0x000000000000fb44                uart1GetServer
 .text          0x0000000000010ce4     0x5b08 wtA4.o
                0x000000000001299c                Printer
                0x000000000001477c                T2
                0x00000000000148d4                theOtherTask
                0x0000000000015154                closeActive
                0x0000000000014b20                getStackSize
                0x0000000000014e78                schedule
                0x0000000000014954                getNextRequest
                0x0000000000012774                Train
                0x0000000000014aac                copyMsg
                0x00000000000151f8                handle
                0x00000000000128d8                reverseTask
                0x00000000000150d4                blockActive
                0x000000000001478c                firstUserTask
                0x0000000000015048                rescheduleBlock
                0x0000000000016544                main
                0x0000000000014b68                initialize
                0x0000000000014f4c                rescheduleActive
                0x0000000000010ce4                Terminal
                0x00000000000144e4                admin
 .text          0x00000000000167ec      0xc54 ../lib/libbwio.a(bwio.o)
                0x0000000000016b64                bwputr
                0x00000000000170d0                bwi2a
                0x00000000000167ec                bwsetfifo
                0x00000000000169c0                bwputc
                0x0000000000016e20                bwa2d
                0x00000000000168b4                bwsetspeed
                0x0000000000016a84                c2x
                0x0000000000016ec8                bwa2i
                0x0000000000016d68                bwgetc
                0x0000000000016f8c                bwui2a
                0x0000000000017134                bwformat
                0x0000000000016c60                bwputw
                0x0000000000017408                bwprintf
                0x0000000000016ae4                bwputx
                0x0000000000016be4                bwputstr
 .text          0x0000000000017440      0x110 /u/wbcowan/gnuarm-4.0.2/lib/gcc/arm-elf/4.0.2/libgcc.a(_udivsi3.o)
                0x0000000000017440                __udivsi3
                0x0000000000017538                __aeabi_uidivmod
 .text          0x0000000000017550      0x140 /u/wbcowan/gnuarm-4.0.2/lib/gcc/arm-elf/4.0.2/libgcc.a(_divsi3.o)
                0x0000000000017550                __divsi3
                0x0000000000017678                __aeabi_idivmod
 .text          0x0000000000017690       0xcc /u/wbcowan/gnuarm-4.0.2/lib/gcc/arm-elf/4.0.2/libgcc.a(_umodsi3.o)
                0x0000000000017690                __umodsi3
 .text          0x000000000001775c        0x4 /u/wbcowan/gnuarm-4.0.2/lib/gcc/arm-elf/4.0.2/libgcc.a(_dvmd_tls.o)
                0x000000000001775c                __aeabi_ldiv0
                0x000000000001775c                __div0
                0x000000000001775c                __aeabi_idiv0
 .text          0x0000000000017760      0x400 /u/wbcowan/gnuarm-4.0.2/lib/gcc/arm-elf/4.0.2/libgcc.a(_addsubdf3.o)
                0x0000000000017af4                __floatdidf
                0x0000000000017a74                __floatsidf
                0x0000000000017a4c                __aeabi_ui2d
                0x0000000000017760                __aeabi_drsub
                0x0000000000017aa0                __extendsfdf2
                0x000000000001776c                __adddf3
                0x0000000000017a4c                __floatunsidf
                0x000000000001776c                __aeabi_dadd
                0x0000000000017ae0                __aeabi_ul2d
                0x0000000000017768                __aeabi_dsub
                0x0000000000017ae0                __floatundidf
                0x0000000000017a74                __aeabi_i2d
                0x0000000000017af4                __aeabi_l2d
                0x0000000000017aa0                __aeabi_f2d
                0x0000000000017768                __subdf3
 .text          0x0000000000017b60      0x470 /u/wbcowan/gnuarm-4.0.2/lib/gcc/arm-elf/4.0.2/libgcc.a(_muldivdf3.o)
                0x0000000000017dcc                __aeabi_ddiv
                0x0000000000017b60                __aeabi_dmul
                0x0000000000017dcc                __divdf3
                0x0000000000017b60                __muldf3
 .text          0x0000000000017fd0       0x5c /u/wbcowan/gnuarm-4.0.2/lib/gcc/arm-elf/4.0.2/libgcc.a(_fixdfsi.o)
                0x0000000000017fd0                __fixdfsi
                0x0000000000017fd0                __aeabi_d2iz
 *(.got)
 .got           0x000000000001802c       0x44 nameServer.o
 *(.got.plt)
 .got.plt       0x0000000000018070        0xc nameServer.o
                0x0000000000018070                _GLOBAL_OFFSET_TABLE_
 *(.rodata)
 .rodata        0x000000000001807c       0x28 nameServer.o
 .rodata        0x00000000000180a4      0x2b0 track_data.o
 .rodata        0x0000000000018354        0x8 routeFinder.o
 .rodata        0x000000000001835c       0x18 trainDriver.o
 .rodata        0x0000000000018374       0x28 clockServer.o
 .rodata        0x000000000001839c       0xa0 io.o
 .rodata        0x000000000001843c      0x644 wtA4.o
 *(.glue_7)
 *(.glue_7t)

.rel.dyn
LOAD syscalls.o
LOAD courier.o
LOAD nameServer.o
LOAD track_data.o
LOAD routeFinder.o
LOAD trainDriver.o
LOAD calibrateServer.o
LOAD notifier.o
LOAD clockServer.o
LOAD io.o
LOAD wtA4.o
LOAD ../lib/libbwio.a
LOAD /u/wbcowan/gnuarm-4.0.2/lib/gcc/arm-elf/4.0.2/libgcc.a
OUTPUT(wtA4.elf elf32-littlearm)

.comment        0x0000000000000000       0xd8
 .comment       0x0000000000000000       0x12 syscalls.o
 .comment       0x0000000000000012       0x12 courier.o
 .comment       0x0000000000000024       0x12 nameServer.o
 .comment       0x0000000000000036       0x12 track_data.o
 .comment       0x0000000000000048       0x12 routeFinder.o
 .comment       0x000000000000005a       0x12 trainDriver.o
 .comment       0x000000000000006c       0x12 calibrateServer.o
 .comment       0x000000000000007e       0x12 notifier.o
 .comment       0x0000000000000090       0x12 clockServer.o
 .comment       0x00000000000000a2       0x12 io.o
 .comment       0x00000000000000b4       0x12 wtA4.o
 .comment       0x00000000000000c6       0x12 ../lib/libbwio.a(bwio.o)

.debug_line     0x0000000000000000      0x627
 .debug_line    0x0000000000000000       0x86 /u/wbcowan/gnuarm-4.0.2/lib/gcc/arm-elf/4.0.2/libgcc.a(_udivsi3.o)
 .debug_line    0x0000000000000086       0x92 /u/wbcowan/gnuarm-4.0.2/lib/gcc/arm-elf/4.0.2/libgcc.a(_divsi3.o)
 .debug_line    0x0000000000000118       0x6f /u/wbcowan/gnuarm-4.0.2/lib/gcc/arm-elf/4.0.2/libgcc.a(_umodsi3.o)
 .debug_line    0x0000000000000187       0x5a /u/wbcowan/gnuarm-4.0.2/lib/gcc/arm-elf/4.0.2/libgcc.a(_dvmd_tls.o)
 .debug_line    0x00000000000001e1      0x1e1 /u/wbcowan/gnuarm-4.0.2/lib/gcc/arm-elf/4.0.2/libgcc.a(_addsubdf3.o)
 .debug_line    0x00000000000003c2      0x1f6 /u/wbcowan/gnuarm-4.0.2/lib/gcc/arm-elf/4.0.2/libgcc.a(_muldivdf3.o)
 .debug_line    0x00000000000005b8       0x6f /u/wbcowan/gnuarm-4.0.2/lib/gcc/arm-elf/4.0.2/libgcc.a(_fixdfsi.o)

.debug_info     0x0000000000000000      0x314
 .debug_info    0x0000000000000000       0x71 /u/wbcowan/gnuarm-4.0.2/lib/gcc/arm-elf/4.0.2/libgcc.a(_udivsi3.o)
 .debug_info    0x0000000000000071       0x71 /u/wbcowan/gnuarm-4.0.2/lib/gcc/arm-elf/4.0.2/libgcc.a(_divsi3.o)
 .debug_info    0x00000000000000e2       0x71 /u/wbcowan/gnuarm-4.0.2/lib/gcc/arm-elf/4.0.2/libgcc.a(_umodsi3.o)
 .debug_info    0x0000000000000153       0x71 /u/wbcowan/gnuarm-4.0.2/lib/gcc/arm-elf/4.0.2/libgcc.a(_dvmd_tls.o)
 .debug_info    0x00000000000001c4       0x70 /u/wbcowan/gnuarm-4.0.2/lib/gcc/arm-elf/4.0.2/libgcc.a(_addsubdf3.o)
 .debug_info    0x0000000000000234       0x70 /u/wbcowan/gnuarm-4.0.2/lib/gcc/arm-elf/4.0.2/libgcc.a(_muldivdf3.o)
 .debug_info    0x00000000000002a4       0x70 /u/wbcowan/gnuarm-4.0.2/lib/gcc/arm-elf/4.0.2/libgcc.a(_fixdfsi.o)

.debug_abbrev   0x0000000000000000       0x8c
 .debug_abbrev  0x0000000000000000       0x14 /u/wbcowan/gnuarm-4.0.2/lib/gcc/arm-elf/4.0.2/libgcc.a(_udivsi3.o)
 .debug_abbrev  0x0000000000000014       0x14 /u/wbcowan/gnuarm-4.0.2/lib/gcc/arm-elf/4.0.2/libgcc.a(_divsi3.o)
 .debug_abbrev  0x0000000000000028       0x14 /u/wbcowan/gnuarm-4.0.2/lib/gcc/arm-elf/4.0.2/libgcc.a(_umodsi3.o)
 .debug_abbrev  0x000000000000003c       0x14 /u/wbcowan/gnuarm-4.0.2/lib/gcc/arm-elf/4.0.2/libgcc.a(_dvmd_tls.o)
 .debug_abbrev  0x0000000000000050       0x14 /u/wbcowan/gnuarm-4.0.2/lib/gcc/arm-elf/4.0.2/libgcc.a(_addsubdf3.o)
 .debug_abbrev  0x0000000000000064       0x14 /u/wbcowan/gnuarm-4.0.2/lib/gcc/arm-elf/4.0.2/libgcc.a(_muldivdf3.o)
 .debug_abbrev  0x0000000000000078       0x14 /u/wbcowan/gnuarm-4.0.2/lib/gcc/arm-elf/4.0.2/libgcc.a(_fixdfsi.o)

.debug_aranges  0x0000000000000000       0xe0
 .debug_aranges
                0x0000000000000000       0x20 /u/wbcowan/gnuarm-4.0.2/lib/gcc/arm-elf/4.0.2/libgcc.a(_udivsi3.o)
 .debug_aranges
                0x0000000000000020       0x20 /u/wbcowan/gnuarm-4.0.2/lib/gcc/arm-elf/4.0.2/libgcc.a(_divsi3.o)
 .debug_aranges
                0x0000000000000040       0x20 /u/wbcowan/gnuarm-4.0.2/lib/gcc/arm-elf/4.0.2/libgcc.a(_umodsi3.o)
 .debug_aranges
                0x0000000000000060       0x20 /u/wbcowan/gnuarm-4.0.2/lib/gcc/arm-elf/4.0.2/libgcc.a(_dvmd_tls.o)
 .debug_aranges
                0x0000000000000080       0x20 /u/wbcowan/gnuarm-4.0.2/lib/gcc/arm-elf/4.0.2/libgcc.a(_addsubdf3.o)
 .debug_aranges
                0x00000000000000a0       0x20 /u/wbcowan/gnuarm-4.0.2/lib/gcc/arm-elf/4.0.2/libgcc.a(_muldivdf3.o)
 .debug_aranges
                0x00000000000000c0       0x20 /u/wbcowan/gnuarm-4.0.2/lib/gcc/arm-elf/4.0.2/libgcc.a(_fixdfsi.o)
