Archive member included because of file (symbol)

../lib/libbwio.a(bwio.o)      wtA4.o (bwsetfifo)
/u/wbcowan/gnuarm-4.0.2/lib/gcc/arm-elf/4.0.2/libgcc.a(_udivsi3.o)
                              io.o (__udivsi3)
/u/wbcowan/gnuarm-4.0.2/lib/gcc/arm-elf/4.0.2/libgcc.a(_umodsi3.o)
                              io.o (__umodsi3)
/u/wbcowan/gnuarm-4.0.2/lib/gcc/arm-elf/4.0.2/libgcc.a(_dvmd_tls.o)
                              /u/wbcowan/gnuarm-4.0.2/lib/gcc/arm-elf/4.0.2/libgcc.a(_udivsi3.o) (__div0)
/u/wbcowan/gnuarm-4.0.2/lib/gcc/arm-elf/4.0.2/libgcc.a(_addsubdf3.o)
                              wtA4.o (__floatsidf)
/u/wbcowan/gnuarm-4.0.2/lib/gcc/arm-elf/4.0.2/libgcc.a(_muldivdf3.o)
                              wtA4.o (__muldf3)
/u/wbcowan/gnuarm-4.0.2/lib/gcc/arm-elf/4.0.2/libgcc.a(_fixdfsi.o)
                              wtA4.o (__fixdfsi)

Memory Configuration

Name             Origin             Length             Attributes
ram              0x0000000000000000 0x0000000002000000
rom              0x0000000060000000 0x0000000000800000
*default*        0x0000000000000000 0xffffffffffffffff

Linker script and memory map


data            0x0000000000000000        0x0
                0x0000000000000000                _DataStart = .
 *(.data)
                0x0000000000000000                _DataEnd = .

bss             0x0000000000000000        0x0
                0x0000000000000000                _BssStart = .
 *(.bss)
                0x0000000000000000                _BssEnd = .

text            0x0000000000000000    0x169dc
 *(.text)
 .text          0x0000000000000000      0x134 syscalls.o
                0x0000000000000074                Send
                0x0000000000000038                MyParentTid
                0x000000000000004c                Pass
                0x0000000000000000                Create
                0x00000000000000f0                AwaitEvent
                0x0000000000000120                IdleTime
                0x00000000000000a0                Receive
                0x00000000000000c8                Reply
                0x0000000000000024                MyTid
                0x0000000000000060                Exit
                0x000000000000010c                Quit
 .text          0x0000000000000134      0x4a8 nameServer.o
                0x00000000000001ac                WhoIs
                0x0000000000000224                nameServer
                0x0000000000000134                RegisterAs
 .text          0x00000000000005dc     0xc53c track_data.o
                0x00000000000069a0                init_trackb
                0x0000000000000648                init_tracka
 .text          0x000000000000cb18      0x860 routeFinder.o
                0x000000000000d1bc                routeFinder
                0x000000000000cb18                route
 .text          0x000000000000d378      0x294 notifier.o
                0x000000000000d378                notifier
 .text          0x000000000000d60c      0x490 clockServer.o
                0x000000000000d734                clockServer
                0x000000000000d6d8                DelayUntil
                0x000000000000d65c                Delay
                0x000000000000d60c                Time
 .text          0x000000000000da9c     0x1aec io.o
                0x000000000000ed28                putw
                0x000000000000db64                Getc
                0x000000000000e038                uart2PutServer
                0x000000000000dbd0                Putc
                0x000000000000f0e4                i2a
                0x000000000000f148                format
                0x000000000000e788                uart1PutServer
                0x000000000000da9c                setfifo
                0x000000000000f438                myprintf
                0x000000000000efa0                ui2a
                0x000000000000dc4c                uart2GetServer
                0x000000000000eedc                a2i
                0x000000000000ee34                a2d
                0x000000000000f478                setTrainConnectionn
                0x000000000000e39c                uart1GetServer
 .text          0x000000000000f588     0x53e8 wtA4.o
                0x00000000000112c8                Printer
                0x0000000000012748                T2
                0x000000000001310c                closeActive
                0x0000000000012a94                getStackSize
                0x0000000000012e30                schedule
                0x00000000000128a0                getNextRequest
                0x000000000001101c                Train
                0x0000000000011180                Timer
                0x0000000000012a20                copyMsg
                0x00000000000131b0                handle
                0x0000000000011204                reverseTask
                0x000000000001308c                blockActive
                0x0000000000012758                firstUserTask
                0x0000000000013000                rescheduleBlock
                0x00000000000146e8                main
                0x0000000000012adc                initialize
                0x0000000000012f04                rescheduleActive
                0x000000000000f588                Terminal
 .text          0x0000000000014970      0xc54 ../lib/libbwio.a(bwio.o)
                0x0000000000014ce8                bwputr
                0x0000000000015254                bwi2a
                0x0000000000014970                bwsetfifo
                0x0000000000014b44                bwputc
                0x0000000000014fa4                bwa2d
                0x0000000000014a38                bwsetspeed
                0x0000000000014c08                c2x
                0x000000000001504c                bwa2i
                0x0000000000014eec                bwgetc
                0x0000000000015110                bwui2a
                0x00000000000152b8                bwformat
                0x0000000000014de4                bwputw
                0x000000000001558c                bwprintf
                0x0000000000014c68                bwputx
                0x0000000000014d68                bwputstr
 .text          0x00000000000155c4      0x110 /u/wbcowan/gnuarm-4.0.2/lib/gcc/arm-elf/4.0.2/libgcc.a(_udivsi3.o)
                0x00000000000155c4                __udivsi3
                0x00000000000156bc                __aeabi_uidivmod
 .text          0x00000000000156d4       0xcc /u/wbcowan/gnuarm-4.0.2/lib/gcc/arm-elf/4.0.2/libgcc.a(_umodsi3.o)
                0x00000000000156d4                __umodsi3
 .text          0x00000000000157a0        0x4 /u/wbcowan/gnuarm-4.0.2/lib/gcc/arm-elf/4.0.2/libgcc.a(_dvmd_tls.o)
                0x00000000000157a0                __aeabi_ldiv0
                0x00000000000157a0                __div0
                0x00000000000157a0                __aeabi_idiv0
 .text          0x00000000000157a4      0x400 /u/wbcowan/gnuarm-4.0.2/lib/gcc/arm-elf/4.0.2/libgcc.a(_addsubdf3.o)
                0x0000000000015b38                __floatdidf
                0x0000000000015ab8                __floatsidf
                0x0000000000015a90                __aeabi_ui2d
                0x00000000000157a4                __aeabi_drsub
                0x0000000000015ae4                __extendsfdf2
                0x00000000000157b0                __adddf3
                0x0000000000015a90                __floatunsidf
                0x00000000000157b0                __aeabi_dadd
                0x0000000000015b24                __aeabi_ul2d
                0x00000000000157ac                __aeabi_dsub
                0x0000000000015b24                __floatundidf
                0x0000000000015ab8                __aeabi_i2d
                0x0000000000015b38                __aeabi_l2d
                0x0000000000015ae4                __aeabi_f2d
                0x00000000000157ac                __subdf3
 .text          0x0000000000015ba4      0x470 /u/wbcowan/gnuarm-4.0.2/lib/gcc/arm-elf/4.0.2/libgcc.a(_muldivdf3.o)
                0x0000000000015e10                __aeabi_ddiv
                0x0000000000015ba4                __aeabi_dmul
                0x0000000000015e10                __divdf3
                0x0000000000015ba4                __muldf3
 .text          0x0000000000016014       0x5c /u/wbcowan/gnuarm-4.0.2/lib/gcc/arm-elf/4.0.2/libgcc.a(_fixdfsi.o)
                0x0000000000016014                __fixdfsi
                0x0000000000016014                __aeabi_d2iz
 *(.got)
 .got           0x0000000000016070       0x3c nameServer.o
 *(.got.plt)
 .got.plt       0x00000000000160ac        0xc nameServer.o
                0x00000000000160ac                _GLOBAL_OFFSET_TABLE_
 *(.rodata)
 .rodata        0x00000000000160b8       0x20 nameServer.o
 .rodata        0x00000000000160d8      0x2b0 track_data.o
 .rodata        0x0000000000016388        0x8 routeFinder.o
 .rodata        0x0000000000016390       0x28 clockServer.o
 .rodata        0x00000000000163b8       0xa0 io.o
 .rodata        0x0000000000016458      0x584 wtA4.o
 *(.glue_7)
 *(.glue_7t)

.rel.dyn
LOAD syscalls.o
LOAD nameServer.o
LOAD track_data.o
LOAD routeFinder.o
LOAD trainDriver.o
LOAD calibrateServer.o
LOAD notifier.o
LOAD clockServer.o
LOAD io.o
LOAD wtA4.o
LOAD ../lib/libbwio.a
LOAD /u/wbcowan/gnuarm-4.0.2/lib/gcc/arm-elf/4.0.2/libgcc.a
OUTPUT(wtA4.elf elf32-littlearm)

.comment        0x0000000000000000       0xc6
 .comment       0x0000000000000000       0x12 syscalls.o
 .comment       0x0000000000000012       0x12 nameServer.o
 .comment       0x0000000000000024       0x12 track_data.o
 .comment       0x0000000000000036       0x12 routeFinder.o
 .comment       0x0000000000000048       0x12 trainDriver.o
 .comment       0x000000000000005a       0x12 calibrateServer.o
 .comment       0x000000000000006c       0x12 notifier.o
 .comment       0x000000000000007e       0x12 clockServer.o
 .comment       0x0000000000000090       0x12 io.o
 .comment       0x00000000000000a2       0x12 wtA4.o
 .comment       0x00000000000000b4       0x12 ../lib/libbwio.a(bwio.o)

.debug_line     0x0000000000000000      0x595
 .debug_line    0x0000000000000000       0x86 /u/wbcowan/gnuarm-4.0.2/lib/gcc/arm-elf/4.0.2/libgcc.a(_udivsi3.o)
 .debug_line    0x0000000000000086       0x6f /u/wbcowan/gnuarm-4.0.2/lib/gcc/arm-elf/4.0.2/libgcc.a(_umodsi3.o)
 .debug_line    0x00000000000000f5       0x5a /u/wbcowan/gnuarm-4.0.2/lib/gcc/arm-elf/4.0.2/libgcc.a(_dvmd_tls.o)
 .debug_line    0x000000000000014f      0x1e1 /u/wbcowan/gnuarm-4.0.2/lib/gcc/arm-elf/4.0.2/libgcc.a(_addsubdf3.o)
 .debug_line    0x0000000000000330      0x1f6 /u/wbcowan/gnuarm-4.0.2/lib/gcc/arm-elf/4.0.2/libgcc.a(_muldivdf3.o)
 .debug_line    0x0000000000000526       0x6f /u/wbcowan/gnuarm-4.0.2/lib/gcc/arm-elf/4.0.2/libgcc.a(_fixdfsi.o)

.debug_info     0x0000000000000000      0x2a3
 .debug_info    0x0000000000000000       0x71 /u/wbcowan/gnuarm-4.0.2/lib/gcc/arm-elf/4.0.2/libgcc.a(_udivsi3.o)
 .debug_info    0x0000000000000071       0x71 /u/wbcowan/gnuarm-4.0.2/lib/gcc/arm-elf/4.0.2/libgcc.a(_umodsi3.o)
 .debug_info    0x00000000000000e2       0x71 /u/wbcowan/gnuarm-4.0.2/lib/gcc/arm-elf/4.0.2/libgcc.a(_dvmd_tls.o)
 .debug_info    0x0000000000000153       0x70 /u/wbcowan/gnuarm-4.0.2/lib/gcc/arm-elf/4.0.2/libgcc.a(_addsubdf3.o)
 .debug_info    0x00000000000001c3       0x70 /u/wbcowan/gnuarm-4.0.2/lib/gcc/arm-elf/4.0.2/libgcc.a(_muldivdf3.o)
 .debug_info    0x0000000000000233       0x70 /u/wbcowan/gnuarm-4.0.2/lib/gcc/arm-elf/4.0.2/libgcc.a(_fixdfsi.o)

.debug_abbrev   0x0000000000000000       0x78
 .debug_abbrev  0x0000000000000000       0x14 /u/wbcowan/gnuarm-4.0.2/lib/gcc/arm-elf/4.0.2/libgcc.a(_udivsi3.o)
 .debug_abbrev  0x0000000000000014       0x14 /u/wbcowan/gnuarm-4.0.2/lib/gcc/arm-elf/4.0.2/libgcc.a(_umodsi3.o)
 .debug_abbrev  0x0000000000000028       0x14 /u/wbcowan/gnuarm-4.0.2/lib/gcc/arm-elf/4.0.2/libgcc.a(_dvmd_tls.o)
 .debug_abbrev  0x000000000000003c       0x14 /u/wbcowan/gnuarm-4.0.2/lib/gcc/arm-elf/4.0.2/libgcc.a(_addsubdf3.o)
 .debug_abbrev  0x0000000000000050       0x14 /u/wbcowan/gnuarm-4.0.2/lib/gcc/arm-elf/4.0.2/libgcc.a(_muldivdf3.o)
 .debug_abbrev  0x0000000000000064       0x14 /u/wbcowan/gnuarm-4.0.2/lib/gcc/arm-elf/4.0.2/libgcc.a(_fixdfsi.o)

.debug_aranges  0x0000000000000000       0xc0
 .debug_aranges
                0x0000000000000000       0x20 /u/wbcowan/gnuarm-4.0.2/lib/gcc/arm-elf/4.0.2/libgcc.a(_udivsi3.o)
 .debug_aranges
                0x0000000000000020       0x20 /u/wbcowan/gnuarm-4.0.2/lib/gcc/arm-elf/4.0.2/libgcc.a(_umodsi3.o)
 .debug_aranges
                0x0000000000000040       0x20 /u/wbcowan/gnuarm-4.0.2/lib/gcc/arm-elf/4.0.2/libgcc.a(_dvmd_tls.o)
 .debug_aranges
                0x0000000000000060       0x20 /u/wbcowan/gnuarm-4.0.2/lib/gcc/arm-elf/4.0.2/libgcc.a(_addsubdf3.o)
 .debug_aranges
                0x0000000000000080       0x20 /u/wbcowan/gnuarm-4.0.2/lib/gcc/arm-elf/4.0.2/libgcc.a(_muldivdf3.o)
 .debug_aranges
                0x00000000000000a0       0x20 /u/wbcowan/gnuarm-4.0.2/lib/gcc/arm-elf/4.0.2/libgcc.a(_fixdfsi.o)
