Archive member included because of file (symbol)

../lib/libbwio.a(bwio.o)      wtA4.o (bwsetfifo)
/u/wbcowan/gnuarm-4.0.2/lib/gcc/arm-elf/4.0.2/libgcc.a(_udivsi3.o)
                              io.o (__udivsi3)
/u/wbcowan/gnuarm-4.0.2/lib/gcc/arm-elf/4.0.2/libgcc.a(_umodsi3.o)
                              io.o (__umodsi3)
/u/wbcowan/gnuarm-4.0.2/lib/gcc/arm-elf/4.0.2/libgcc.a(_dvmd_tls.o)
                              /u/wbcowan/gnuarm-4.0.2/lib/gcc/arm-elf/4.0.2/libgcc.a(_udivsi3.o) (__div0)
/u/wbcowan/gnuarm-4.0.2/lib/gcc/arm-elf/4.0.2/libgcc.a(_addsubdf3.o)
                              wtA4.o (__floatsidf)
/u/wbcowan/gnuarm-4.0.2/lib/gcc/arm-elf/4.0.2/libgcc.a(_muldivdf3.o)
                              wtA4.o (__muldf3)
/u/wbcowan/gnuarm-4.0.2/lib/gcc/arm-elf/4.0.2/libgcc.a(_fixdfsi.o)
                              wtA4.o (__fixdfsi)

Memory Configuration

Name             Origin             Length             Attributes
ram              0x0000000000000000 0x0000000002000000
rom              0x0000000060000000 0x0000000000800000
*default*        0x0000000000000000 0xffffffffffffffff

Linker script and memory map


data            0x0000000000000000        0x0
                0x0000000000000000                _DataStart = .
 *(.data)
                0x0000000000000000                _DataEnd = .

bss             0x0000000000000000        0x0
                0x0000000000000000                _BssStart = .
 *(.bss)
                0x0000000000000000                _BssEnd = .

text            0x0000000000000000    0x16aec
 *(.text)
 .text          0x0000000000000000      0x134 syscalls.o
                0x0000000000000074                Send
                0x0000000000000038                MyParentTid
                0x000000000000004c                Pass
                0x0000000000000000                Create
                0x00000000000000f0                AwaitEvent
                0x0000000000000120                IdleTime
                0x00000000000000a0                Receive
                0x00000000000000c8                Reply
                0x0000000000000024                MyTid
                0x0000000000000060                Exit
                0x000000000000010c                Quit
 .text          0x0000000000000134      0x4a8 nameServer.o
                0x00000000000001ac                WhoIs
                0x0000000000000224                nameServer
                0x0000000000000134                RegisterAs
 .text          0x00000000000005dc     0xc53c track_data.o
                0x00000000000069a0                init_trackb
                0x0000000000000648                init_tracka
 .text          0x000000000000cb18      0x624 routeFinder.o
                0x000000000000cf80                routeFinder
                0x000000000000cb18                route
 .text          0x000000000000d13c      0x294 notifier.o
                0x000000000000d13c                notifier
 .text          0x000000000000d3d0      0x490 clockServer.o
                0x000000000000d4f8                clockServer
                0x000000000000d49c                DelayUntil
                0x000000000000d420                Delay
                0x000000000000d3d0                Time
 .text          0x000000000000d860     0x1acc io.o
                0x000000000000eaec                putw
                0x000000000000d928                Getc
                0x000000000000ddfc                uart2PutServer
                0x000000000000d994                Putc
                0x000000000000eea8                i2a
                0x000000000000ef0c                format
                0x000000000000e54c                uart1PutServer
                0x000000000000d860                setfifo
                0x000000000000f228                myprintf
                0x000000000000ed64                ui2a
                0x000000000000da10                uart2GetServer
                0x000000000000eca0                a2i
                0x000000000000ebf8                a2d
                0x000000000000f268                setTrainConnectionn
                0x000000000000e160                uart1GetServer
 .text          0x000000000000f32c     0x5754 wtA4.o
                0x000000000001106c                Printer
                0x0000000000012858                T2
                0x000000000001321c                closeActive
                0x0000000000012ba4                getStackSize
                0x0000000000012f40                schedule
                0x00000000000129b0                getNextRequest
                0x0000000000010dc0                Train
                0x0000000000010f24                Timer
                0x0000000000012b30                copyMsg
                0x00000000000132c0                handle
                0x0000000000010fa8                reverseTask
                0x000000000001319c                blockActive
                0x0000000000012868                firstUserTask
                0x0000000000013110                rescheduleBlock
                0x00000000000147f8                main
                0x0000000000012bec                initialize
                0x0000000000013014                rescheduleActive
                0x000000000000f32c                Terminal
 .text          0x0000000000014a80      0xc54 ../lib/libbwio.a(bwio.o)
                0x0000000000014df8                bwputr
                0x0000000000015364                bwi2a
                0x0000000000014a80                bwsetfifo
                0x0000000000014c54                bwputc
                0x00000000000150b4                bwa2d
                0x0000000000014b48                bwsetspeed
                0x0000000000014d18                c2x
                0x000000000001515c                bwa2i
                0x0000000000014ffc                bwgetc
                0x0000000000015220                bwui2a
                0x00000000000153c8                bwformat
                0x0000000000014ef4                bwputw
                0x000000000001569c                bwprintf
                0x0000000000014d78                bwputx
                0x0000000000014e78                bwputstr
 .text          0x00000000000156d4      0x110 /u/wbcowan/gnuarm-4.0.2/lib/gcc/arm-elf/4.0.2/libgcc.a(_udivsi3.o)
                0x00000000000156d4                __udivsi3
                0x00000000000157cc                __aeabi_uidivmod
 .text          0x00000000000157e4       0xcc /u/wbcowan/gnuarm-4.0.2/lib/gcc/arm-elf/4.0.2/libgcc.a(_umodsi3.o)
                0x00000000000157e4                __umodsi3
 .text          0x00000000000158b0        0x4 /u/wbcowan/gnuarm-4.0.2/lib/gcc/arm-elf/4.0.2/libgcc.a(_dvmd_tls.o)
                0x00000000000158b0                __aeabi_ldiv0
                0x00000000000158b0                __div0
                0x00000000000158b0                __aeabi_idiv0
 .text          0x00000000000158b4      0x400 /u/wbcowan/gnuarm-4.0.2/lib/gcc/arm-elf/4.0.2/libgcc.a(_addsubdf3.o)
                0x0000000000015c48                __floatdidf
                0x0000000000015bc8                __floatsidf
                0x0000000000015ba0                __aeabi_ui2d
                0x00000000000158b4                __aeabi_drsub
                0x0000000000015bf4                __extendsfdf2
                0x00000000000158c0                __adddf3
                0x0000000000015ba0                __floatunsidf
                0x00000000000158c0                __aeabi_dadd
                0x0000000000015c34                __aeabi_ul2d
                0x00000000000158bc                __aeabi_dsub
                0x0000000000015c34                __floatundidf
                0x0000000000015bc8                __aeabi_i2d
                0x0000000000015c48                __aeabi_l2d
                0x0000000000015bf4                __aeabi_f2d
                0x00000000000158bc                __subdf3
 .text          0x0000000000015cb4      0x470 /u/wbcowan/gnuarm-4.0.2/lib/gcc/arm-elf/4.0.2/libgcc.a(_muldivdf3.o)
                0x0000000000015f20                __aeabi_ddiv
                0x0000000000015cb4                __aeabi_dmul
                0x0000000000015f20                __divdf3
                0x0000000000015cb4                __muldf3
 .text          0x0000000000016124       0x5c /u/wbcowan/gnuarm-4.0.2/lib/gcc/arm-elf/4.0.2/libgcc.a(_fixdfsi.o)
                0x0000000000016124                __fixdfsi
                0x0000000000016124                __aeabi_d2iz
 *(.got)
 .got           0x0000000000016180       0x3c nameServer.o
 *(.got.plt)
 .got.plt       0x00000000000161bc        0xc nameServer.o
                0x00000000000161bc                _GLOBAL_OFFSET_TABLE_
 *(.rodata)
 .rodata        0x00000000000161c8       0x20 nameServer.o
 .rodata        0x00000000000161e8      0x2b0 track_data.o
 .rodata        0x0000000000016498        0x8 routeFinder.o
 .rodata        0x00000000000164a0       0x28 clockServer.o
 .rodata        0x00000000000164c8       0xa0 io.o
 .rodata        0x0000000000016568      0x584 wtA4.o
 *(.glue_7)
 *(.glue_7t)

.rel.dyn
LOAD syscalls.o
LOAD nameServer.o
LOAD track_data.o
LOAD routeFinder.o
LOAD trainDriver.o
LOAD calibrateServer.o
LOAD notifier.o
LOAD clockServer.o
LOAD io.o
LOAD wtA4.o
LOAD ../lib/libbwio.a
LOAD /u/wbcowan/gnuarm-4.0.2/lib/gcc/arm-elf/4.0.2/libgcc.a
OUTPUT(wtA4.elf elf32-littlearm)

.comment        0x0000000000000000       0xc6
 .comment       0x0000000000000000       0x12 syscalls.o
 .comment       0x0000000000000012       0x12 nameServer.o
 .comment       0x0000000000000024       0x12 track_data.o
 .comment       0x0000000000000036       0x12 routeFinder.o
 .comment       0x0000000000000048       0x12 trainDriver.o
 .comment       0x000000000000005a       0x12 calibrateServer.o
 .comment       0x000000000000006c       0x12 notifier.o
 .comment       0x000000000000007e       0x12 clockServer.o
 .comment       0x0000000000000090       0x12 io.o
 .comment       0x00000000000000a2       0x12 wtA4.o
 .comment       0x00000000000000b4       0x12 ../lib/libbwio.a(bwio.o)

.debug_line     0x0000000000000000      0x595
 .debug_line    0x0000000000000000       0x86 /u/wbcowan/gnuarm-4.0.2/lib/gcc/arm-elf/4.0.2/libgcc.a(_udivsi3.o)
 .debug_line    0x0000000000000086       0x6f /u/wbcowan/gnuarm-4.0.2/lib/gcc/arm-elf/4.0.2/libgcc.a(_umodsi3.o)
 .debug_line    0x00000000000000f5       0x5a /u/wbcowan/gnuarm-4.0.2/lib/gcc/arm-elf/4.0.2/libgcc.a(_dvmd_tls.o)
 .debug_line    0x000000000000014f      0x1e1 /u/wbcowan/gnuarm-4.0.2/lib/gcc/arm-elf/4.0.2/libgcc.a(_addsubdf3.o)
 .debug_line    0x0000000000000330      0x1f6 /u/wbcowan/gnuarm-4.0.2/lib/gcc/arm-elf/4.0.2/libgcc.a(_muldivdf3.o)
 .debug_line    0x0000000000000526       0x6f /u/wbcowan/gnuarm-4.0.2/lib/gcc/arm-elf/4.0.2/libgcc.a(_fixdfsi.o)

.debug_info     0x0000000000000000      0x2a3
 .debug_info    0x0000000000000000       0x71 /u/wbcowan/gnuarm-4.0.2/lib/gcc/arm-elf/4.0.2/libgcc.a(_udivsi3.o)
 .debug_info    0x0000000000000071       0x71 /u/wbcowan/gnuarm-4.0.2/lib/gcc/arm-elf/4.0.2/libgcc.a(_umodsi3.o)
 .debug_info    0x00000000000000e2       0x71 /u/wbcowan/gnuarm-4.0.2/lib/gcc/arm-elf/4.0.2/libgcc.a(_dvmd_tls.o)
 .debug_info    0x0000000000000153       0x70 /u/wbcowan/gnuarm-4.0.2/lib/gcc/arm-elf/4.0.2/libgcc.a(_addsubdf3.o)
 .debug_info    0x00000000000001c3       0x70 /u/wbcowan/gnuarm-4.0.2/lib/gcc/arm-elf/4.0.2/libgcc.a(_muldivdf3.o)
 .debug_info    0x0000000000000233       0x70 /u/wbcowan/gnuarm-4.0.2/lib/gcc/arm-elf/4.0.2/libgcc.a(_fixdfsi.o)

.debug_abbrev   0x0000000000000000       0x78
 .debug_abbrev  0x0000000000000000       0x14 /u/wbcowan/gnuarm-4.0.2/lib/gcc/arm-elf/4.0.2/libgcc.a(_udivsi3.o)
 .debug_abbrev  0x0000000000000014       0x14 /u/wbcowan/gnuarm-4.0.2/lib/gcc/arm-elf/4.0.2/libgcc.a(_umodsi3.o)
 .debug_abbrev  0x0000000000000028       0x14 /u/wbcowan/gnuarm-4.0.2/lib/gcc/arm-elf/4.0.2/libgcc.a(_dvmd_tls.o)
 .debug_abbrev  0x000000000000003c       0x14 /u/wbcowan/gnuarm-4.0.2/lib/gcc/arm-elf/4.0.2/libgcc.a(_addsubdf3.o)
 .debug_abbrev  0x0000000000000050       0x14 /u/wbcowan/gnuarm-4.0.2/lib/gcc/arm-elf/4.0.2/libgcc.a(_muldivdf3.o)
 .debug_abbrev  0x0000000000000064       0x14 /u/wbcowan/gnuarm-4.0.2/lib/gcc/arm-elf/4.0.2/libgcc.a(_fixdfsi.o)

.debug_aranges  0x0000000000000000       0xc0
 .debug_aranges
                0x0000000000000000       0x20 /u/wbcowan/gnuarm-4.0.2/lib/gcc/arm-elf/4.0.2/libgcc.a(_udivsi3.o)
 .debug_aranges
                0x0000000000000020       0x20 /u/wbcowan/gnuarm-4.0.2/lib/gcc/arm-elf/4.0.2/libgcc.a(_umodsi3.o)
 .debug_aranges
                0x0000000000000040       0x20 /u/wbcowan/gnuarm-4.0.2/lib/gcc/arm-elf/4.0.2/libgcc.a(_dvmd_tls.o)
 .debug_aranges
                0x0000000000000060       0x20 /u/wbcowan/gnuarm-4.0.2/lib/gcc/arm-elf/4.0.2/libgcc.a(_addsubdf3.o)
 .debug_aranges
                0x0000000000000080       0x20 /u/wbcowan/gnuarm-4.0.2/lib/gcc/arm-elf/4.0.2/libgcc.a(_muldivdf3.o)
 .debug_aranges
                0x00000000000000a0       0x20 /u/wbcowan/gnuarm-4.0.2/lib/gcc/arm-elf/4.0.2/libgcc.a(_fixdfsi.o)
