Archive member included because of file (symbol)

../lib/libbwio.a(bwio.o)      wtA4.o (bwsetfifo)
/u/wbcowan/gnuarm-4.0.2/lib/gcc/arm-elf/4.0.2/libgcc.a(_udivsi3.o)
                              io.o (__udivsi3)
/u/wbcowan/gnuarm-4.0.2/lib/gcc/arm-elf/4.0.2/libgcc.a(_umodsi3.o)
                              io.o (__umodsi3)
/u/wbcowan/gnuarm-4.0.2/lib/gcc/arm-elf/4.0.2/libgcc.a(_dvmd_tls.o)
                              /u/wbcowan/gnuarm-4.0.2/lib/gcc/arm-elf/4.0.2/libgcc.a(_udivsi3.o) (__div0)
/u/wbcowan/gnuarm-4.0.2/lib/gcc/arm-elf/4.0.2/libgcc.a(_addsubdf3.o)
                              wtA4.o (__floatsidf)
/u/wbcowan/gnuarm-4.0.2/lib/gcc/arm-elf/4.0.2/libgcc.a(_muldivdf3.o)
                              wtA4.o (__muldf3)
/u/wbcowan/gnuarm-4.0.2/lib/gcc/arm-elf/4.0.2/libgcc.a(_fixdfsi.o)
                              wtA4.o (__fixdfsi)

Memory Configuration

Name             Origin             Length             Attributes
ram              0x0000000000000000 0x0000000002000000
rom              0x0000000060000000 0x0000000000800000
*default*        0x0000000000000000 0xffffffffffffffff

Linker script and memory map


data            0x0000000000000000        0x0
                0x0000000000000000                _DataStart = .
 *(.data)
                0x0000000000000000                _DataEnd = .

bss             0x0000000000000000        0x0
                0x0000000000000000                _BssStart = .
 *(.bss)
                0x0000000000000000                _BssEnd = .

text            0x0000000000000000    0x150d8
 *(.text)
 .text          0x0000000000000000      0x134 syscalls.o
                0x0000000000000074                Send
                0x0000000000000038                MyParentTid
                0x000000000000004c                Pass
                0x0000000000000000                Create
                0x00000000000000f0                AwaitEvent
                0x0000000000000120                IdleTime
                0x00000000000000a0                Receive
                0x00000000000000c8                Reply
                0x0000000000000024                MyTid
                0x0000000000000060                Exit
                0x000000000000010c                Quit
 .text          0x0000000000000134      0x40c nameServer.o
                0x00000000000001ac                WhoIs
                0x0000000000000224                nameServer
                0x0000000000000134                RegisterAs
 .text          0x0000000000000540     0xc53c track_data.o
                0x0000000000006904                init_trackb
                0x00000000000005ac                init_tracka
 .text          0x000000000000ca7c       0x28 routeFinder.o
                0x000000000000ca7c                routeFinder
 .text          0x000000000000caa4      0x294 notifier.o
                0x000000000000caa4                notifier
 .text          0x000000000000cd38      0x490 clockServer.o
                0x000000000000ce60                clockServer
                0x000000000000ce04                DelayUntil
                0x000000000000cd88                Delay
                0x000000000000cd38                Time
 .text          0x000000000000d1c8     0x1acc io.o
                0x000000000000e454                putw
                0x000000000000d290                Getc
                0x000000000000d764                uart2PutServer
                0x000000000000d2fc                Putc
                0x000000000000e810                i2a
                0x000000000000e874                format
                0x000000000000deb4                uart1PutServer
                0x000000000000d1c8                setfifo
                0x000000000000eb90                myprintf
                0x000000000000e6cc                ui2a
                0x000000000000d378                uart2GetServer
                0x000000000000e608                a2i
                0x000000000000e560                a2d
                0x000000000000ebd0                setTrainConnectionn
                0x000000000000dac8                uart1GetServer
 .text          0x000000000000ec94     0x4428 wtA4.o
                0x00000000000100d0                Printer
                0x00000000000110fc                T2
                0x0000000000011a64                closeActive
                0x0000000000011448                getStackSize
                0x0000000000011788                schedule
                0x0000000000011254                getNextRequest
                0x000000000000fe24                Train
                0x000000000000ff88                Timer
                0x00000000000113d4                copyMsg
                0x0000000000011b08                handle
                0x000000000001000c                reverseTask
                0x00000000000119e4                blockActive
                0x000000000001110c                firstUserTask
                0x0000000000011958                rescheduleBlock
                0x0000000000012ea4                main
                0x0000000000011490                initialize
                0x000000000001185c                rescheduleActive
                0x000000000000ec94                Terminal
 .text          0x00000000000130bc      0xc54 ../lib/libbwio.a(bwio.o)
                0x0000000000013434                bwputr
                0x00000000000139a0                bwi2a
                0x00000000000130bc                bwsetfifo
                0x0000000000013290                bwputc
                0x00000000000136f0                bwa2d
                0x0000000000013184                bwsetspeed
                0x0000000000013354                c2x
                0x0000000000013798                bwa2i
                0x0000000000013638                bwgetc
                0x000000000001385c                bwui2a
                0x0000000000013a04                bwformat
                0x0000000000013530                bwputw
                0x0000000000013cd8                bwprintf
                0x00000000000133b4                bwputx
                0x00000000000134b4                bwputstr
 .text          0x0000000000013d10      0x110 /u/wbcowan/gnuarm-4.0.2/lib/gcc/arm-elf/4.0.2/libgcc.a(_udivsi3.o)
                0x0000000000013d10                __udivsi3
                0x0000000000013e08                __aeabi_uidivmod
 .text          0x0000000000013e20       0xcc /u/wbcowan/gnuarm-4.0.2/lib/gcc/arm-elf/4.0.2/libgcc.a(_umodsi3.o)
                0x0000000000013e20                __umodsi3
 .text          0x0000000000013eec        0x4 /u/wbcowan/gnuarm-4.0.2/lib/gcc/arm-elf/4.0.2/libgcc.a(_dvmd_tls.o)
                0x0000000000013eec                __aeabi_ldiv0
                0x0000000000013eec                __div0
                0x0000000000013eec                __aeabi_idiv0
 .text          0x0000000000013ef0      0x400 /u/wbcowan/gnuarm-4.0.2/lib/gcc/arm-elf/4.0.2/libgcc.a(_addsubdf3.o)
                0x0000000000014284                __floatdidf
                0x0000000000014204                __floatsidf
                0x00000000000141dc                __aeabi_ui2d
                0x0000000000013ef0                __aeabi_drsub
                0x0000000000014230                __extendsfdf2
                0x0000000000013efc                __adddf3
                0x00000000000141dc                __floatunsidf
                0x0000000000013efc                __aeabi_dadd
                0x0000000000014270                __aeabi_ul2d
                0x0000000000013ef8                __aeabi_dsub
                0x0000000000014270                __floatundidf
                0x0000000000014204                __aeabi_i2d
                0x0000000000014284                __aeabi_l2d
                0x0000000000014230                __aeabi_f2d
                0x0000000000013ef8                __subdf3
 .text          0x00000000000142f0      0x470 /u/wbcowan/gnuarm-4.0.2/lib/gcc/arm-elf/4.0.2/libgcc.a(_muldivdf3.o)
                0x000000000001455c                __aeabi_ddiv
                0x00000000000142f0                __aeabi_dmul
                0x000000000001455c                __divdf3
                0x00000000000142f0                __muldf3
 .text          0x0000000000014760       0x5c /u/wbcowan/gnuarm-4.0.2/lib/gcc/arm-elf/4.0.2/libgcc.a(_fixdfsi.o)
                0x0000000000014760                __fixdfsi
                0x0000000000014760                __aeabi_d2iz
 *(.got)
 .got           0x00000000000147bc       0x38 nameServer.o
 *(.got.plt)
 .got.plt       0x00000000000147f4        0xc nameServer.o
                0x00000000000147f4                _GLOBAL_OFFSET_TABLE_
 *(.rodata)
 .rodata        0x0000000000014800       0x18 nameServer.o
 .rodata        0x0000000000014818      0x2b0 track_data.o
 .rodata        0x0000000000014ac8       0x28 clockServer.o
 .rodata        0x0000000000014af0       0xa0 io.o
 .rodata        0x0000000000014b90      0x548 wtA4.o
 *(.glue_7)
 *(.glue_7t)

.rel.dyn
LOAD syscalls.o
LOAD nameServer.o
LOAD track_data.o
LOAD routeFinder.o
LOAD trainDriver.o
LOAD calibrateServer.o
LOAD notifier.o
LOAD clockServer.o
LOAD io.o
LOAD wtA4.o
LOAD ../lib/libbwio.a
LOAD /u/wbcowan/gnuarm-4.0.2/lib/gcc/arm-elf/4.0.2/libgcc.a
OUTPUT(wtA4.elf elf32-littlearm)

.comment        0x0000000000000000       0xc6
 .comment       0x0000000000000000       0x12 syscalls.o
 .comment       0x0000000000000012       0x12 nameServer.o
 .comment       0x0000000000000024       0x12 track_data.o
 .comment       0x0000000000000036       0x12 routeFinder.o
 .comment       0x0000000000000048       0x12 trainDriver.o
 .comment       0x000000000000005a       0x12 calibrateServer.o
 .comment       0x000000000000006c       0x12 notifier.o
 .comment       0x000000000000007e       0x12 clockServer.o
 .comment       0x0000000000000090       0x12 io.o
 .comment       0x00000000000000a2       0x12 wtA4.o
 .comment       0x00000000000000b4       0x12 ../lib/libbwio.a(bwio.o)

.debug_line     0x0000000000000000      0x595
 .debug_line    0x0000000000000000       0x86 /u/wbcowan/gnuarm-4.0.2/lib/gcc/arm-elf/4.0.2/libgcc.a(_udivsi3.o)
 .debug_line    0x0000000000000086       0x6f /u/wbcowan/gnuarm-4.0.2/lib/gcc/arm-elf/4.0.2/libgcc.a(_umodsi3.o)
 .debug_line    0x00000000000000f5       0x5a /u/wbcowan/gnuarm-4.0.2/lib/gcc/arm-elf/4.0.2/libgcc.a(_dvmd_tls.o)
 .debug_line    0x000000000000014f      0x1e1 /u/wbcowan/gnuarm-4.0.2/lib/gcc/arm-elf/4.0.2/libgcc.a(_addsubdf3.o)
 .debug_line    0x0000000000000330      0x1f6 /u/wbcowan/gnuarm-4.0.2/lib/gcc/arm-elf/4.0.2/libgcc.a(_muldivdf3.o)
 .debug_line    0x0000000000000526       0x6f /u/wbcowan/gnuarm-4.0.2/lib/gcc/arm-elf/4.0.2/libgcc.a(_fixdfsi.o)

.debug_info     0x0000000000000000      0x2a3
 .debug_info    0x0000000000000000       0x71 /u/wbcowan/gnuarm-4.0.2/lib/gcc/arm-elf/4.0.2/libgcc.a(_udivsi3.o)
 .debug_info    0x0000000000000071       0x71 /u/wbcowan/gnuarm-4.0.2/lib/gcc/arm-elf/4.0.2/libgcc.a(_umodsi3.o)
 .debug_info    0x00000000000000e2       0x71 /u/wbcowan/gnuarm-4.0.2/lib/gcc/arm-elf/4.0.2/libgcc.a(_dvmd_tls.o)
 .debug_info    0x0000000000000153       0x70 /u/wbcowan/gnuarm-4.0.2/lib/gcc/arm-elf/4.0.2/libgcc.a(_addsubdf3.o)
 .debug_info    0x00000000000001c3       0x70 /u/wbcowan/gnuarm-4.0.2/lib/gcc/arm-elf/4.0.2/libgcc.a(_muldivdf3.o)
 .debug_info    0x0000000000000233       0x70 /u/wbcowan/gnuarm-4.0.2/lib/gcc/arm-elf/4.0.2/libgcc.a(_fixdfsi.o)

.debug_abbrev   0x0000000000000000       0x78
 .debug_abbrev  0x0000000000000000       0x14 /u/wbcowan/gnuarm-4.0.2/lib/gcc/arm-elf/4.0.2/libgcc.a(_udivsi3.o)
 .debug_abbrev  0x0000000000000014       0x14 /u/wbcowan/gnuarm-4.0.2/lib/gcc/arm-elf/4.0.2/libgcc.a(_umodsi3.o)
 .debug_abbrev  0x0000000000000028       0x14 /u/wbcowan/gnuarm-4.0.2/lib/gcc/arm-elf/4.0.2/libgcc.a(_dvmd_tls.o)
 .debug_abbrev  0x000000000000003c       0x14 /u/wbcowan/gnuarm-4.0.2/lib/gcc/arm-elf/4.0.2/libgcc.a(_addsubdf3.o)
 .debug_abbrev  0x0000000000000050       0x14 /u/wbcowan/gnuarm-4.0.2/lib/gcc/arm-elf/4.0.2/libgcc.a(_muldivdf3.o)
 .debug_abbrev  0x0000000000000064       0x14 /u/wbcowan/gnuarm-4.0.2/lib/gcc/arm-elf/4.0.2/libgcc.a(_fixdfsi.o)

.debug_aranges  0x0000000000000000       0xc0
 .debug_aranges
                0x0000000000000000       0x20 /u/wbcowan/gnuarm-4.0.2/lib/gcc/arm-elf/4.0.2/libgcc.a(_udivsi3.o)
 .debug_aranges
                0x0000000000000020       0x20 /u/wbcowan/gnuarm-4.0.2/lib/gcc/arm-elf/4.0.2/libgcc.a(_umodsi3.o)
 .debug_aranges
                0x0000000000000040       0x20 /u/wbcowan/gnuarm-4.0.2/lib/gcc/arm-elf/4.0.2/libgcc.a(_dvmd_tls.o)
 .debug_aranges
                0x0000000000000060       0x20 /u/wbcowan/gnuarm-4.0.2/lib/gcc/arm-elf/4.0.2/libgcc.a(_addsubdf3.o)
 .debug_aranges
                0x0000000000000080       0x20 /u/wbcowan/gnuarm-4.0.2/lib/gcc/arm-elf/4.0.2/libgcc.a(_muldivdf3.o)
 .debug_aranges
                0x00000000000000a0       0x20 /u/wbcowan/gnuarm-4.0.2/lib/gcc/arm-elf/4.0.2/libgcc.a(_fixdfsi.o)
