Archive member included because of file (symbol)

../lib/libbwio.a(bwio.o)      wtA4.o (bwsetfifo)
/u/wbcowan/gnuarm-4.0.2/lib/gcc/arm-elf/4.0.2/libgcc.a(_udivsi3.o)
                              io.o (__udivsi3)
/u/wbcowan/gnuarm-4.0.2/lib/gcc/arm-elf/4.0.2/libgcc.a(_divsi3.o)
                              trainDriver.o (__divsi3)
/u/wbcowan/gnuarm-4.0.2/lib/gcc/arm-elf/4.0.2/libgcc.a(_umodsi3.o)
                              io.o (__umodsi3)
/u/wbcowan/gnuarm-4.0.2/lib/gcc/arm-elf/4.0.2/libgcc.a(_dvmd_tls.o)
                              /u/wbcowan/gnuarm-4.0.2/lib/gcc/arm-elf/4.0.2/libgcc.a(_udivsi3.o) (__div0)
/u/wbcowan/gnuarm-4.0.2/lib/gcc/arm-elf/4.0.2/libgcc.a(_addsubdf3.o)
                              trainDriver.o (__adddf3)
/u/wbcowan/gnuarm-4.0.2/lib/gcc/arm-elf/4.0.2/libgcc.a(_muldivdf3.o)
                              trainDriver.o (__muldf3)
/u/wbcowan/gnuarm-4.0.2/lib/gcc/arm-elf/4.0.2/libgcc.a(_fixdfsi.o)
                              trainDriver.o (__fixdfsi)

Memory Configuration

Name             Origin             Length             Attributes
ram              0x0000000000000000 0x0000000002000000
rom              0x0000000060000000 0x0000000000800000
*default*        0x0000000000000000 0xffffffffffffffff

Linker script and memory map


data            0x0000000000000000        0x0
                0x0000000000000000                _DataStart = .
 *(.data)
                0x0000000000000000                _DataEnd = .

bss             0x0000000000000000        0x0
                0x0000000000000000                _BssStart = .
 *(.bss)
                0x0000000000000000                _BssEnd = .

text            0x0000000000000000    0x1ed08
 *(.text)
 .text          0x0000000000000000      0x134 syscalls.o
                0x0000000000000074                Send
                0x0000000000000038                MyParentTid
                0x000000000000004c                Pass
                0x0000000000000000                Create
                0x00000000000000f0                AwaitEvent
                0x0000000000000120                IdleTime
                0x00000000000000a0                Receive
                0x00000000000000c8                Reply
                0x0000000000000024                MyTid
                0x0000000000000060                Exit
                0x000000000000010c                Quit
 .text          0x0000000000000134       0xa4 courier.o
                0x0000000000000134                Courier
 .text          0x00000000000001d8      0x67c nameServer.o
                0x0000000000000250                WhoIs
                0x00000000000002c8                nameServer
                0x00000000000001d8                RegisterAs
 .text          0x0000000000000854     0x161c trackMonitor.o
                0x00000000000008e8                initBranches
                0x0000000000000fa4                trackMonitor
                0x0000000000000b8c                checkBranches
                0x0000000000000ab4                checkReserved
                0x000000000000097c                initSensors
                0x0000000000000c38                releaseAllMyReservation
                0x0000000000000854                findIndex
                0x0000000000000e48                reserveSensor
                0x0000000000000f10                isInPath
                0x0000000000000dcc                reserveBranch
 .text          0x0000000000001e70     0xc53c track_data.o
                0x0000000000008234                init_trackb
                0x0000000000001edc                init_tracka
 .text          0x000000000000e3ac     0x106c routeFinder.o
                0x000000000000f100                routeFinder
                0x000000000000e3ac                addPathToNextSensor
                0x000000000000e6a0                route
 .text          0x000000000000f418     0x4f30 trainDriver.o
                0x000000000000f800                init_accelDistance45
                0x000000000000f418                init_table45
                0x0000000000010458                adjustPosition
                0x000000000001037c                getPartialRoute
                0x0000000000010bd8                findIndexAlongPath
                0x000000000000fc24                init_accelDistance49
                0x0000000000010090                howFarFromDest
                0x000000000000fa14                init_velocity49
                0x0000000000011570                trainDriver
                0x0000000000010c58                reserveAndSetSwitches
                0x000000000000fe34                findNextDistance
                0x000000000000f520                init_table49
                0x000000000000f618                init_velocity45
                0x00000000000110ec                fullReserve
                0x0000000000010264                getShortestPath
 .text          0x0000000000014348      0x294 notifier.o
                0x0000000000014348                notifier
 .text          0x00000000000145dc      0x540 clockServer.o
                0x0000000000014704                clockServer
                0x00000000000146a8                DelayUntil
                0x000000000001462c                Delay
                0x00000000000145dc                Time
 .text          0x0000000000014b1c     0x1a90 io.o
                0x0000000000015d98                putw
                0x0000000000014be4                Getc
                0x00000000000150b0                uart2PutServer
                0x0000000000014c50                Putc
                0x0000000000016154                i2a
                0x00000000000161b8                format
                0x00000000000157f8                uart1PutServer
                0x0000000000014b1c                setfifo
                0x00000000000164a8                myprintf
                0x0000000000016010                ui2a
                0x0000000000014ccc                uart2GetServer
                0x0000000000015f4c                a2i
                0x0000000000015ea4                a2d
                0x00000000000164e8                setTrainConnectionn
                0x0000000000015414                uart1GetServer
 .text          0x00000000000165ac     0x6220 wtA4.o
                0x0000000000018520                Printer
                0x000000000001a674                T2
                0x000000000001a7cc                theOtherTask
                0x000000000001b074                closeActive
                0x000000000001aa18                getStackSize
                0x000000000001ad98                schedule
                0x000000000001a84c                getNextRequest
                0x00000000000182f8                Train
                0x000000000001a9a4                copyMsg
                0x000000000001b118                handle
                0x000000000001845c                reverseTask
                0x000000000001aff4                blockActive
                0x000000000001a684                firstUserTask
                0x000000000001af68                rescheduleBlock
                0x000000000001c524                main
                0x000000000001aa60                initialize
                0x000000000001ae6c                rescheduleActive
                0x00000000000165ac                Terminal
                0x000000000001a240                admin
 .text          0x000000000001c7cc      0xc54 ../lib/libbwio.a(bwio.o)
                0x000000000001cb44                bwputr
                0x000000000001d0b0                bwi2a
                0x000000000001c7cc                bwsetfifo
                0x000000000001c9a0                bwputc
                0x000000000001ce00                bwa2d
                0x000000000001c894                bwsetspeed
                0x000000000001ca64                c2x
                0x000000000001cea8                bwa2i
                0x000000000001cd48                bwgetc
                0x000000000001cf6c                bwui2a
                0x000000000001d114                bwformat
                0x000000000001cc40                bwputw
                0x000000000001d3e8                bwprintf
                0x000000000001cac4                bwputx
                0x000000000001cbc4                bwputstr
 .text          0x000000000001d420      0x110 /u/wbcowan/gnuarm-4.0.2/lib/gcc/arm-elf/4.0.2/libgcc.a(_udivsi3.o)
                0x000000000001d420                __udivsi3
                0x000000000001d518                __aeabi_uidivmod
 .text          0x000000000001d530      0x140 /u/wbcowan/gnuarm-4.0.2/lib/gcc/arm-elf/4.0.2/libgcc.a(_divsi3.o)
                0x000000000001d530                __divsi3
                0x000000000001d658                __aeabi_idivmod
 .text          0x000000000001d670       0xcc /u/wbcowan/gnuarm-4.0.2/lib/gcc/arm-elf/4.0.2/libgcc.a(_umodsi3.o)
                0x000000000001d670                __umodsi3
 .text          0x000000000001d73c        0x4 /u/wbcowan/gnuarm-4.0.2/lib/gcc/arm-elf/4.0.2/libgcc.a(_dvmd_tls.o)
                0x000000000001d73c                __aeabi_ldiv0
                0x000000000001d73c                __div0
                0x000000000001d73c                __aeabi_idiv0
 .text          0x000000000001d740      0x400 /u/wbcowan/gnuarm-4.0.2/lib/gcc/arm-elf/4.0.2/libgcc.a(_addsubdf3.o)
                0x000000000001dad4                __floatdidf
                0x000000000001da54                __floatsidf
                0x000000000001da2c                __aeabi_ui2d
                0x000000000001d740                __aeabi_drsub
                0x000000000001da80                __extendsfdf2
                0x000000000001d74c                __adddf3
                0x000000000001da2c                __floatunsidf
                0x000000000001d74c                __aeabi_dadd
                0x000000000001dac0                __aeabi_ul2d
                0x000000000001d748                __aeabi_dsub
                0x000000000001dac0                __floatundidf
                0x000000000001da54                __aeabi_i2d
                0x000000000001dad4                __aeabi_l2d
                0x000000000001da80                __aeabi_f2d
                0x000000000001d748                __subdf3
 .text          0x000000000001db40      0x470 /u/wbcowan/gnuarm-4.0.2/lib/gcc/arm-elf/4.0.2/libgcc.a(_muldivdf3.o)
                0x000000000001ddac                __aeabi_ddiv
                0x000000000001db40                __aeabi_dmul
                0x000000000001ddac                __divdf3
                0x000000000001db40                __muldf3
 .text          0x000000000001dfb0       0x5c /u/wbcowan/gnuarm-4.0.2/lib/gcc/arm-elf/4.0.2/libgcc.a(_fixdfsi.o)
                0x000000000001dfb0                __fixdfsi
                0x000000000001dfb0                __aeabi_d2iz
 *(.got)
 .got           0x000000000001e00c       0x48 nameServer.o
 *(.got.plt)
 .got.plt       0x000000000001e054        0xc nameServer.o
                0x000000000001e054                _GLOBAL_OFFSET_TABLE_
 *(.rodata)
 .rodata        0x000000000001e060       0x38 nameServer.o
 .rodata        0x000000000001e098       0x10 trackMonitor.o
 .rodata        0x000000000001e0a8      0x2b0 track_data.o
 .rodata        0x000000000001e358       0x10 routeFinder.o
 .rodata        0x000000000001e368       0x20 trainDriver.o
 .rodata        0x000000000001e388       0x28 clockServer.o
 .rodata        0x000000000001e3b0       0xa0 io.o
 .rodata        0x000000000001e450      0x8b8 wtA4.o
 *(.glue_7)
 *(.glue_7t)

.rel.dyn
LOAD syscalls.o
LOAD courier.o
LOAD nameServer.o
LOAD trackMonitor.o
LOAD track_data.o
LOAD routeFinder.o
LOAD trainDriver.o
LOAD calibrateServer.o
LOAD notifier.o
LOAD clockServer.o
LOAD io.o
LOAD wtA4.o
LOAD ../lib/libbwio.a
LOAD /u/wbcowan/gnuarm-4.0.2/lib/gcc/arm-elf/4.0.2/libgcc.a
OUTPUT(wtA4.elf elf32-littlearm)

.comment        0x0000000000000000       0xea
 .comment       0x0000000000000000       0x12 syscalls.o
 .comment       0x0000000000000012       0x12 courier.o
 .comment       0x0000000000000024       0x12 nameServer.o
 .comment       0x0000000000000036       0x12 trackMonitor.o
 .comment       0x0000000000000048       0x12 track_data.o
 .comment       0x000000000000005a       0x12 routeFinder.o
 .comment       0x000000000000006c       0x12 trainDriver.o
 .comment       0x000000000000007e       0x12 calibrateServer.o
 .comment       0x0000000000000090       0x12 notifier.o
 .comment       0x00000000000000a2       0x12 clockServer.o
 .comment       0x00000000000000b4       0x12 io.o
 .comment       0x00000000000000c6       0x12 wtA4.o
 .comment       0x00000000000000d8       0x12 ../lib/libbwio.a(bwio.o)

.debug_line     0x0000000000000000      0x627
 .debug_line    0x0000000000000000       0x86 /u/wbcowan/gnuarm-4.0.2/lib/gcc/arm-elf/4.0.2/libgcc.a(_udivsi3.o)
 .debug_line    0x0000000000000086       0x92 /u/wbcowan/gnuarm-4.0.2/lib/gcc/arm-elf/4.0.2/libgcc.a(_divsi3.o)
 .debug_line    0x0000000000000118       0x6f /u/wbcowan/gnuarm-4.0.2/lib/gcc/arm-elf/4.0.2/libgcc.a(_umodsi3.o)
 .debug_line    0x0000000000000187       0x5a /u/wbcowan/gnuarm-4.0.2/lib/gcc/arm-elf/4.0.2/libgcc.a(_dvmd_tls.o)
 .debug_line    0x00000000000001e1      0x1e1 /u/wbcowan/gnuarm-4.0.2/lib/gcc/arm-elf/4.0.2/libgcc.a(_addsubdf3.o)
 .debug_line    0x00000000000003c2      0x1f6 /u/wbcowan/gnuarm-4.0.2/lib/gcc/arm-elf/4.0.2/libgcc.a(_muldivdf3.o)
 .debug_line    0x00000000000005b8       0x6f /u/wbcowan/gnuarm-4.0.2/lib/gcc/arm-elf/4.0.2/libgcc.a(_fixdfsi.o)

.debug_info     0x0000000000000000      0x314
 .debug_info    0x0000000000000000       0x71 /u/wbcowan/gnuarm-4.0.2/lib/gcc/arm-elf/4.0.2/libgcc.a(_udivsi3.o)
 .debug_info    0x0000000000000071       0x71 /u/wbcowan/gnuarm-4.0.2/lib/gcc/arm-elf/4.0.2/libgcc.a(_divsi3.o)
 .debug_info    0x00000000000000e2       0x71 /u/wbcowan/gnuarm-4.0.2/lib/gcc/arm-elf/4.0.2/libgcc.a(_umodsi3.o)
 .debug_info    0x0000000000000153       0x71 /u/wbcowan/gnuarm-4.0.2/lib/gcc/arm-elf/4.0.2/libgcc.a(_dvmd_tls.o)
 .debug_info    0x00000000000001c4       0x70 /u/wbcowan/gnuarm-4.0.2/lib/gcc/arm-elf/4.0.2/libgcc.a(_addsubdf3.o)
 .debug_info    0x0000000000000234       0x70 /u/wbcowan/gnuarm-4.0.2/lib/gcc/arm-elf/4.0.2/libgcc.a(_muldivdf3.o)
 .debug_info    0x00000000000002a4       0x70 /u/wbcowan/gnuarm-4.0.2/lib/gcc/arm-elf/4.0.2/libgcc.a(_fixdfsi.o)

.debug_abbrev   0x0000000000000000       0x8c
 .debug_abbrev  0x0000000000000000       0x14 /u/wbcowan/gnuarm-4.0.2/lib/gcc/arm-elf/4.0.2/libgcc.a(_udivsi3.o)
 .debug_abbrev  0x0000000000000014       0x14 /u/wbcowan/gnuarm-4.0.2/lib/gcc/arm-elf/4.0.2/libgcc.a(_divsi3.o)
 .debug_abbrev  0x0000000000000028       0x14 /u/wbcowan/gnuarm-4.0.2/lib/gcc/arm-elf/4.0.2/libgcc.a(_umodsi3.o)
 .debug_abbrev  0x000000000000003c       0x14 /u/wbcowan/gnuarm-4.0.2/lib/gcc/arm-elf/4.0.2/libgcc.a(_dvmd_tls.o)
 .debug_abbrev  0x0000000000000050       0x14 /u/wbcowan/gnuarm-4.0.2/lib/gcc/arm-elf/4.0.2/libgcc.a(_addsubdf3.o)
 .debug_abbrev  0x0000000000000064       0x14 /u/wbcowan/gnuarm-4.0.2/lib/gcc/arm-elf/4.0.2/libgcc.a(_muldivdf3.o)
 .debug_abbrev  0x0000000000000078       0x14 /u/wbcowan/gnuarm-4.0.2/lib/gcc/arm-elf/4.0.2/libgcc.a(_fixdfsi.o)

.debug_aranges  0x0000000000000000       0xe0
 .debug_aranges
                0x0000000000000000       0x20 /u/wbcowan/gnuarm-4.0.2/lib/gcc/arm-elf/4.0.2/libgcc.a(_udivsi3.o)
 .debug_aranges
                0x0000000000000020       0x20 /u/wbcowan/gnuarm-4.0.2/lib/gcc/arm-elf/4.0.2/libgcc.a(_divsi3.o)
 .debug_aranges
                0x0000000000000040       0x20 /u/wbcowan/gnuarm-4.0.2/lib/gcc/arm-elf/4.0.2/libgcc.a(_umodsi3.o)
 .debug_aranges
                0x0000000000000060       0x20 /u/wbcowan/gnuarm-4.0.2/lib/gcc/arm-elf/4.0.2/libgcc.a(_dvmd_tls.o)
 .debug_aranges
                0x0000000000000080       0x20 /u/wbcowan/gnuarm-4.0.2/lib/gcc/arm-elf/4.0.2/libgcc.a(_addsubdf3.o)
 .debug_aranges
                0x00000000000000a0       0x20 /u/wbcowan/gnuarm-4.0.2/lib/gcc/arm-elf/4.0.2/libgcc.a(_muldivdf3.o)
 .debug_aranges
                0x00000000000000c0       0x20 /u/wbcowan/gnuarm-4.0.2/lib/gcc/arm-elf/4.0.2/libgcc.a(_fixdfsi.o)
