Archive member included because of file (symbol)

../lib/libbwio.a(bwio.o)      wtA4.o (bwsetfifo)
/u/wbcowan/gnuarm-4.0.2/lib/gcc/arm-elf/4.0.2/libgcc.a(_udivsi3.o)
                              io.o (__udivsi3)
/u/wbcowan/gnuarm-4.0.2/lib/gcc/arm-elf/4.0.2/libgcc.a(_divsi3.o)
                              trainDriver.o (__divsi3)
/u/wbcowan/gnuarm-4.0.2/lib/gcc/arm-elf/4.0.2/libgcc.a(_umodsi3.o)
                              io.o (__umodsi3)
/u/wbcowan/gnuarm-4.0.2/lib/gcc/arm-elf/4.0.2/libgcc.a(_dvmd_tls.o)
                              /u/wbcowan/gnuarm-4.0.2/lib/gcc/arm-elf/4.0.2/libgcc.a(_udivsi3.o) (__div0)
/u/wbcowan/gnuarm-4.0.2/lib/gcc/arm-elf/4.0.2/libgcc.a(_addsubdf3.o)
                              trainDriver.o (__adddf3)
/u/wbcowan/gnuarm-4.0.2/lib/gcc/arm-elf/4.0.2/libgcc.a(_muldivdf3.o)
                              trainDriver.o (__muldf3)
/u/wbcowan/gnuarm-4.0.2/lib/gcc/arm-elf/4.0.2/libgcc.a(_fixdfsi.o)
                              trainDriver.o (__fixdfsi)

Memory Configuration

Name             Origin             Length             Attributes
ram              0x0000000000000000 0x0000000002000000
rom              0x0000000060000000 0x0000000000800000
*default*        0x0000000000000000 0xffffffffffffffff

Linker script and memory map


data            0x0000000000000000        0x0
                0x0000000000000000                _DataStart = .
 *(.data)
                0x0000000000000000                _DataEnd = .

bss             0x0000000000000000        0x0
                0x0000000000000000                _BssStart = .
 *(.bss)
                0x0000000000000000                _BssEnd = .

text            0x0000000000000000    0x1e20c
 *(.text)
 .text          0x0000000000000000      0x134 syscalls.o
                0x0000000000000074                Send
                0x0000000000000038                MyParentTid
                0x000000000000004c                Pass
                0x0000000000000000                Create
                0x00000000000000f0                AwaitEvent
                0x0000000000000120                IdleTime
                0x00000000000000a0                Receive
                0x00000000000000c8                Reply
                0x0000000000000024                MyTid
                0x0000000000000060                Exit
                0x000000000000010c                Quit
 .text          0x0000000000000134       0xa4 courier.o
                0x0000000000000134                Courier
 .text          0x00000000000001d8      0x67c nameServer.o
                0x0000000000000250                WhoIs
                0x00000000000002c8                nameServer
                0x00000000000001d8                RegisterAs
 .text          0x0000000000000854     0x13b8 trackMonitor.o
                0x00000000000008e8                initBranches
                0x0000000000000fa4                trackMonitor
                0x0000000000000b8c                checkBranches
                0x0000000000000ab4                checkReserved
                0x000000000000097c                initSensors
                0x0000000000000c38                releaseAllMyReservation
                0x0000000000000854                findIndex
                0x0000000000000e48                reserveSensor
                0x0000000000000f10                isInPath
                0x0000000000000dcc                reserveBranch
 .text          0x0000000000001c0c     0xc53c track_data.o
                0x0000000000007fd0                init_trackb
                0x0000000000001c78                init_tracka
 .text          0x000000000000e148     0x106c routeFinder.o
                0x000000000000ee9c                routeFinder
                0x000000000000e148                addPathToNextSensor
                0x000000000000e43c                route
 .text          0x000000000000f1b4     0x4a5c trainDriver.o
                0x000000000000f59c                init_accelDistance45
                0x000000000000f1b4                init_table45
                0x00000000000101f4                adjustPosition
                0x0000000000010118                getPartialRoute
                0x0000000000010974                findIndexAlongPath
                0x000000000000f9c0                init_accelDistance49
                0x000000000000fe2c                howFarFromDest
                0x000000000000f7b0                init_velocity49
                0x000000000001130c                trainDriver
                0x00000000000109f4                reserveAndSetSwitches
                0x000000000000fbd0                findNextDistance
                0x000000000000f2bc                init_table49
                0x000000000000f3b4                init_velocity45
                0x0000000000010e88                fullReserve
                0x0000000000010000                getShortestPath
 .text          0x0000000000013c10      0x294 notifier.o
                0x0000000000013c10                notifier
 .text          0x0000000000013ea4      0x540 clockServer.o
                0x0000000000013fcc                clockServer
                0x0000000000013f70                DelayUntil
                0x0000000000013ef4                Delay
                0x0000000000013ea4                Time
 .text          0x00000000000143e4     0x1aa0 io.o
                0x0000000000015670                putw
                0x00000000000144ac                Getc
                0x0000000000014980                uart2PutServer
                0x0000000000014518                Putc
                0x0000000000015a2c                i2a
                0x0000000000015a90                format
                0x00000000000150d0                uart1PutServer
                0x00000000000143e4                setfifo
                0x0000000000015d80                myprintf
                0x00000000000158e8                ui2a
                0x0000000000014594                uart2GetServer
                0x0000000000015824                a2i
                0x000000000001577c                a2d
                0x0000000000015dc0                setTrainConnectionn
                0x0000000000014ce4                uart1GetServer
 .text          0x0000000000015e84     0x5e74 wtA4.o
                0x0000000000017b94                Printer
                0x0000000000019c88                T2
                0x0000000000019de0                theOtherTask
                0x000000000001a660                closeActive
                0x000000000001a02c                getStackSize
                0x000000000001a384                schedule
                0x0000000000019e60                getNextRequest
                0x000000000001796c                Train
                0x0000000000019fb8                copyMsg
                0x000000000001a704                handle
                0x0000000000017ad0                reverseTask
                0x000000000001a5e0                blockActive
                0x0000000000019c98                firstUserTask
                0x000000000001a554                rescheduleBlock
                0x000000000001ba50                main
                0x000000000001a074                initialize
                0x000000000001a458                rescheduleActive
                0x0000000000015e84                Terminal
                0x0000000000019854                admin
 .text          0x000000000001bcf8      0xc54 ../lib/libbwio.a(bwio.o)
                0x000000000001c070                bwputr
                0x000000000001c5dc                bwi2a
                0x000000000001bcf8                bwsetfifo
                0x000000000001becc                bwputc
                0x000000000001c32c                bwa2d
                0x000000000001bdc0                bwsetspeed
                0x000000000001bf90                c2x
                0x000000000001c3d4                bwa2i
                0x000000000001c274                bwgetc
                0x000000000001c498                bwui2a
                0x000000000001c640                bwformat
                0x000000000001c16c                bwputw
                0x000000000001c914                bwprintf
                0x000000000001bff0                bwputx
                0x000000000001c0f0                bwputstr
 .text          0x000000000001c94c      0x110 /u/wbcowan/gnuarm-4.0.2/lib/gcc/arm-elf/4.0.2/libgcc.a(_udivsi3.o)
                0x000000000001c94c                __udivsi3
                0x000000000001ca44                __aeabi_uidivmod
 .text          0x000000000001ca5c      0x140 /u/wbcowan/gnuarm-4.0.2/lib/gcc/arm-elf/4.0.2/libgcc.a(_divsi3.o)
                0x000000000001ca5c                __divsi3
                0x000000000001cb84                __aeabi_idivmod
 .text          0x000000000001cb9c       0xcc /u/wbcowan/gnuarm-4.0.2/lib/gcc/arm-elf/4.0.2/libgcc.a(_umodsi3.o)
                0x000000000001cb9c                __umodsi3
 .text          0x000000000001cc68        0x4 /u/wbcowan/gnuarm-4.0.2/lib/gcc/arm-elf/4.0.2/libgcc.a(_dvmd_tls.o)
                0x000000000001cc68                __aeabi_ldiv0
                0x000000000001cc68                __div0
                0x000000000001cc68                __aeabi_idiv0
 .text          0x000000000001cc6c      0x400 /u/wbcowan/gnuarm-4.0.2/lib/gcc/arm-elf/4.0.2/libgcc.a(_addsubdf3.o)
                0x000000000001d000                __floatdidf
                0x000000000001cf80                __floatsidf
                0x000000000001cf58                __aeabi_ui2d
                0x000000000001cc6c                __aeabi_drsub
                0x000000000001cfac                __extendsfdf2
                0x000000000001cc78                __adddf3
                0x000000000001cf58                __floatunsidf
                0x000000000001cc78                __aeabi_dadd
                0x000000000001cfec                __aeabi_ul2d
                0x000000000001cc74                __aeabi_dsub
                0x000000000001cfec                __floatundidf
                0x000000000001cf80                __aeabi_i2d
                0x000000000001d000                __aeabi_l2d
                0x000000000001cfac                __aeabi_f2d
                0x000000000001cc74                __subdf3
 .text          0x000000000001d06c      0x470 /u/wbcowan/gnuarm-4.0.2/lib/gcc/arm-elf/4.0.2/libgcc.a(_muldivdf3.o)
                0x000000000001d2d8                __aeabi_ddiv
                0x000000000001d06c                __aeabi_dmul
                0x000000000001d2d8                __divdf3
                0x000000000001d06c                __muldf3
 .text          0x000000000001d4dc       0x5c /u/wbcowan/gnuarm-4.0.2/lib/gcc/arm-elf/4.0.2/libgcc.a(_fixdfsi.o)
                0x000000000001d4dc                __fixdfsi
                0x000000000001d4dc                __aeabi_d2iz
 *(.got)
 .got           0x000000000001d538       0x48 nameServer.o
 *(.got.plt)
 .got.plt       0x000000000001d580        0xc nameServer.o
                0x000000000001d580                _GLOBAL_OFFSET_TABLE_
 *(.rodata)
 .rodata        0x000000000001d58c       0x38 nameServer.o
 .rodata        0x000000000001d5c4       0x10 trackMonitor.o
 .rodata        0x000000000001d5d4      0x2b0 track_data.o
 .rodata        0x000000000001d884       0x10 routeFinder.o
 .rodata        0x000000000001d894       0x20 trainDriver.o
 .rodata        0x000000000001d8b4       0x28 clockServer.o
 .rodata        0x000000000001d8dc       0xa0 io.o
 .rodata        0x000000000001d97c      0x890 wtA4.o
 *(.glue_7)
 *(.glue_7t)

.rel.dyn
LOAD syscalls.o
LOAD courier.o
LOAD nameServer.o
LOAD trackMonitor.o
LOAD track_data.o
LOAD routeFinder.o
LOAD trainDriver.o
LOAD calibrateServer.o
LOAD notifier.o
LOAD clockServer.o
LOAD io.o
LOAD wtA4.o
LOAD ../lib/libbwio.a
LOAD /u/wbcowan/gnuarm-4.0.2/lib/gcc/arm-elf/4.0.2/libgcc.a
OUTPUT(wtA4.elf elf32-littlearm)

.comment        0x0000000000000000       0xea
 .comment       0x0000000000000000       0x12 syscalls.o
 .comment       0x0000000000000012       0x12 courier.o
 .comment       0x0000000000000024       0x12 nameServer.o
 .comment       0x0000000000000036       0x12 trackMonitor.o
 .comment       0x0000000000000048       0x12 track_data.o
 .comment       0x000000000000005a       0x12 routeFinder.o
 .comment       0x000000000000006c       0x12 trainDriver.o
 .comment       0x000000000000007e       0x12 calibrateServer.o
 .comment       0x0000000000000090       0x12 notifier.o
 .comment       0x00000000000000a2       0x12 clockServer.o
 .comment       0x00000000000000b4       0x12 io.o
 .comment       0x00000000000000c6       0x12 wtA4.o
 .comment       0x00000000000000d8       0x12 ../lib/libbwio.a(bwio.o)

.debug_line     0x0000000000000000      0x627
 .debug_line    0x0000000000000000       0x86 /u/wbcowan/gnuarm-4.0.2/lib/gcc/arm-elf/4.0.2/libgcc.a(_udivsi3.o)
 .debug_line    0x0000000000000086       0x92 /u/wbcowan/gnuarm-4.0.2/lib/gcc/arm-elf/4.0.2/libgcc.a(_divsi3.o)
 .debug_line    0x0000000000000118       0x6f /u/wbcowan/gnuarm-4.0.2/lib/gcc/arm-elf/4.0.2/libgcc.a(_umodsi3.o)
 .debug_line    0x0000000000000187       0x5a /u/wbcowan/gnuarm-4.0.2/lib/gcc/arm-elf/4.0.2/libgcc.a(_dvmd_tls.o)
 .debug_line    0x00000000000001e1      0x1e1 /u/wbcowan/gnuarm-4.0.2/lib/gcc/arm-elf/4.0.2/libgcc.a(_addsubdf3.o)
 .debug_line    0x00000000000003c2      0x1f6 /u/wbcowan/gnuarm-4.0.2/lib/gcc/arm-elf/4.0.2/libgcc.a(_muldivdf3.o)
 .debug_line    0x00000000000005b8       0x6f /u/wbcowan/gnuarm-4.0.2/lib/gcc/arm-elf/4.0.2/libgcc.a(_fixdfsi.o)

.debug_info     0x0000000000000000      0x314
 .debug_info    0x0000000000000000       0x71 /u/wbcowan/gnuarm-4.0.2/lib/gcc/arm-elf/4.0.2/libgcc.a(_udivsi3.o)
 .debug_info    0x0000000000000071       0x71 /u/wbcowan/gnuarm-4.0.2/lib/gcc/arm-elf/4.0.2/libgcc.a(_divsi3.o)
 .debug_info    0x00000000000000e2       0x71 /u/wbcowan/gnuarm-4.0.2/lib/gcc/arm-elf/4.0.2/libgcc.a(_umodsi3.o)
 .debug_info    0x0000000000000153       0x71 /u/wbcowan/gnuarm-4.0.2/lib/gcc/arm-elf/4.0.2/libgcc.a(_dvmd_tls.o)
 .debug_info    0x00000000000001c4       0x70 /u/wbcowan/gnuarm-4.0.2/lib/gcc/arm-elf/4.0.2/libgcc.a(_addsubdf3.o)
 .debug_info    0x0000000000000234       0x70 /u/wbcowan/gnuarm-4.0.2/lib/gcc/arm-elf/4.0.2/libgcc.a(_muldivdf3.o)
 .debug_info    0x00000000000002a4       0x70 /u/wbcowan/gnuarm-4.0.2/lib/gcc/arm-elf/4.0.2/libgcc.a(_fixdfsi.o)

.debug_abbrev   0x0000000000000000       0x8c
 .debug_abbrev  0x0000000000000000       0x14 /u/wbcowan/gnuarm-4.0.2/lib/gcc/arm-elf/4.0.2/libgcc.a(_udivsi3.o)
 .debug_abbrev  0x0000000000000014       0x14 /u/wbcowan/gnuarm-4.0.2/lib/gcc/arm-elf/4.0.2/libgcc.a(_divsi3.o)
 .debug_abbrev  0x0000000000000028       0x14 /u/wbcowan/gnuarm-4.0.2/lib/gcc/arm-elf/4.0.2/libgcc.a(_umodsi3.o)
 .debug_abbrev  0x000000000000003c       0x14 /u/wbcowan/gnuarm-4.0.2/lib/gcc/arm-elf/4.0.2/libgcc.a(_dvmd_tls.o)
 .debug_abbrev  0x0000000000000050       0x14 /u/wbcowan/gnuarm-4.0.2/lib/gcc/arm-elf/4.0.2/libgcc.a(_addsubdf3.o)
 .debug_abbrev  0x0000000000000064       0x14 /u/wbcowan/gnuarm-4.0.2/lib/gcc/arm-elf/4.0.2/libgcc.a(_muldivdf3.o)
 .debug_abbrev  0x0000000000000078       0x14 /u/wbcowan/gnuarm-4.0.2/lib/gcc/arm-elf/4.0.2/libgcc.a(_fixdfsi.o)

.debug_aranges  0x0000000000000000       0xe0
 .debug_aranges
                0x0000000000000000       0x20 /u/wbcowan/gnuarm-4.0.2/lib/gcc/arm-elf/4.0.2/libgcc.a(_udivsi3.o)
 .debug_aranges
                0x0000000000000020       0x20 /u/wbcowan/gnuarm-4.0.2/lib/gcc/arm-elf/4.0.2/libgcc.a(_divsi3.o)
 .debug_aranges
                0x0000000000000040       0x20 /u/wbcowan/gnuarm-4.0.2/lib/gcc/arm-elf/4.0.2/libgcc.a(_umodsi3.o)
 .debug_aranges
                0x0000000000000060       0x20 /u/wbcowan/gnuarm-4.0.2/lib/gcc/arm-elf/4.0.2/libgcc.a(_dvmd_tls.o)
 .debug_aranges
                0x0000000000000080       0x20 /u/wbcowan/gnuarm-4.0.2/lib/gcc/arm-elf/4.0.2/libgcc.a(_addsubdf3.o)
 .debug_aranges
                0x00000000000000a0       0x20 /u/wbcowan/gnuarm-4.0.2/lib/gcc/arm-elf/4.0.2/libgcc.a(_muldivdf3.o)
 .debug_aranges
                0x00000000000000c0       0x20 /u/wbcowan/gnuarm-4.0.2/lib/gcc/arm-elf/4.0.2/libgcc.a(_fixdfsi.o)
