Archive member included because of file (symbol)

../lib/libbwio.a(bwio.o)      wtA2.o (bwprintf)
/u/wbcowan/gnuarm-4.0.2/lib/gcc/arm-elf/4.0.2/libgcc.a(_udivsi3.o)
                              ../lib/libbwio.a(bwio.o) (__udivsi3)
/u/wbcowan/gnuarm-4.0.2/lib/gcc/arm-elf/4.0.2/libgcc.a(_umodsi3.o)
                              ../lib/libbwio.a(bwio.o) (__umodsi3)
/u/wbcowan/gnuarm-4.0.2/lib/gcc/arm-elf/4.0.2/libgcc.a(_dvmd_tls.o)
                              /u/wbcowan/gnuarm-4.0.2/lib/gcc/arm-elf/4.0.2/libgcc.a(_udivsi3.o) (__div0)

Memory Configuration

Name             Origin             Length             Attributes
ram              0x0000000000000000 0x0000000002000000
rom              0x0000000060000000 0x0000000000800000
*default*        0x0000000000000000 0xffffffffffffffff

Linker script and memory map


data            0x0000000000000000        0x0
                0x0000000000000000                _DataStart = .
 *(.data)
                0x0000000000000000                _DataEnd = .

bss             0x0000000000000000        0x0
                0x0000000000000000                _BssStart = .
 *(.bss)
                0x0000000000000000                _BssEnd = .

text            0x0000000000000000     0x217c
 *(.text)
 .text          0x0000000000000000     0x12d8 wtA2.o
                0x0000000000000074                Send
                0x0000000000000230                theOtherTask2
                0x0000000000000038                MyParentTid
                0x000000000000004c                Pass
                0x0000000000000000                Create
                0x0000000000000108                theOtherTask
                0x000000000000098c                closeActive
                0x0000000000000574                getStackSize
                0x0000000000000750                schedule
                0x00000000000000a8                Receive
                0x00000000000000d8                Reply
                0x00000000000003cc                getNextRequest
                0x0000000000000024                MyTid
                0x00000000000004e8                copyMsg
                0x0000000000000060                Exit
                0x0000000000000a30                handle
                0x0000000000000934                blockActive
                0x00000000000002e4                firstUserTask
                0x000000000000089c                rescheduleBlock
                0x00000000000011f0                main
                0x00000000000005bc                initialize
                0x00000000000007f8                rescheduleActive
 .text          0x00000000000012d8      0xc54 ../lib/libbwio.a(bwio.o)
                0x0000000000001650                bwputr
                0x0000000000001bbc                bwi2a
                0x00000000000012d8                bwsetfifo
                0x00000000000014ac                bwputc
                0x000000000000190c                bwa2d
                0x00000000000013a0                bwsetspeed
                0x0000000000001570                c2x
                0x00000000000019b4                bwa2i
                0x0000000000001854                bwgetc
                0x0000000000001a78                bwui2a
                0x0000000000001c20                bwformat
                0x000000000000174c                bwputw
                0x0000000000001ef4                bwprintf
                0x00000000000015d0                bwputx
                0x00000000000016d0                bwputstr
 .text          0x0000000000001f2c      0x110 /u/wbcowan/gnuarm-4.0.2/lib/gcc/arm-elf/4.0.2/libgcc.a(_udivsi3.o)
                0x0000000000001f2c                __udivsi3
                0x0000000000002024                __aeabi_uidivmod
 .text          0x000000000000203c       0xcc /u/wbcowan/gnuarm-4.0.2/lib/gcc/arm-elf/4.0.2/libgcc.a(_umodsi3.o)
                0x000000000000203c                __umodsi3
 .text          0x0000000000002108        0x4 /u/wbcowan/gnuarm-4.0.2/lib/gcc/arm-elf/4.0.2/libgcc.a(_dvmd_tls.o)
                0x0000000000002108                __aeabi_ldiv0
                0x0000000000002108                __div0
                0x0000000000002108                __aeabi_idiv0
 *(.got)
 .got           0x000000000000210c        0xc wtA2.o
 *(.got.plt)
 .got.plt       0x0000000000002118        0xc wtA2.o
                0x0000000000002118                _GLOBAL_OFFSET_TABLE_
 *(.rodata)
 .rodata        0x0000000000002124       0x58 wtA2.o
 *(.glue_7)
 *(.glue_7t)

.rel.dyn
LOAD wtA2.o
LOAD ../lib/libbwio.a
LOAD /u/wbcowan/gnuarm-4.0.2/lib/gcc/arm-elf/4.0.2/libgcc.a
OUTPUT(wtA2.elf elf32-littlearm)

.comment        0x0000000000000000       0x24
 .comment       0x0000000000000000       0x12 wtA2.o
 .comment       0x0000000000000012       0x12 ../lib/libbwio.a(bwio.o)

.debug_line     0x0000000000000000      0x14f
 .debug_line    0x0000000000000000       0x86 /u/wbcowan/gnuarm-4.0.2/lib/gcc/arm-elf/4.0.2/libgcc.a(_udivsi3.o)
 .debug_line    0x0000000000000086       0x6f /u/wbcowan/gnuarm-4.0.2/lib/gcc/arm-elf/4.0.2/libgcc.a(_umodsi3.o)
 .debug_line    0x00000000000000f5       0x5a /u/wbcowan/gnuarm-4.0.2/lib/gcc/arm-elf/4.0.2/libgcc.a(_dvmd_tls.o)

.debug_info     0x0000000000000000      0x153
 .debug_info    0x0000000000000000       0x71 /u/wbcowan/gnuarm-4.0.2/lib/gcc/arm-elf/4.0.2/libgcc.a(_udivsi3.o)
 .debug_info    0x0000000000000071       0x71 /u/wbcowan/gnuarm-4.0.2/lib/gcc/arm-elf/4.0.2/libgcc.a(_umodsi3.o)
 .debug_info    0x00000000000000e2       0x71 /u/wbcowan/gnuarm-4.0.2/lib/gcc/arm-elf/4.0.2/libgcc.a(_dvmd_tls.o)

.debug_abbrev   0x0000000000000000       0x3c
 .debug_abbrev  0x0000000000000000       0x14 /u/wbcowan/gnuarm-4.0.2/lib/gcc/arm-elf/4.0.2/libgcc.a(_udivsi3.o)
 .debug_abbrev  0x0000000000000014       0x14 /u/wbcowan/gnuarm-4.0.2/lib/gcc/arm-elf/4.0.2/libgcc.a(_umodsi3.o)
 .debug_abbrev  0x0000000000000028       0x14 /u/wbcowan/gnuarm-4.0.2/lib/gcc/arm-elf/4.0.2/libgcc.a(_dvmd_tls.o)

.debug_aranges  0x0000000000000000       0x60
 .debug_aranges
                0x0000000000000000       0x20 /u/wbcowan/gnuarm-4.0.2/lib/gcc/arm-elf/4.0.2/libgcc.a(_udivsi3.o)
 .debug_aranges
                0x0000000000000020       0x20 /u/wbcowan/gnuarm-4.0.2/lib/gcc/arm-elf/4.0.2/libgcc.a(_umodsi3.o)
 .debug_aranges
                0x0000000000000040       0x20 /u/wbcowan/gnuarm-4.0.2/lib/gcc/arm-elf/4.0.2/libgcc.a(_dvmd_tls.o)
