Archive member included because of file (symbol)

../lib/libbwio.a(bwio.o)      wtA2.o (bwprintf)
/u/wbcowan/gnuarm-4.0.2/lib/gcc/arm-elf/4.0.2/libgcc.a(_udivsi3.o)
                              ../lib/libbwio.a(bwio.o) (__udivsi3)
/u/wbcowan/gnuarm-4.0.2/lib/gcc/arm-elf/4.0.2/libgcc.a(_umodsi3.o)
                              ../lib/libbwio.a(bwio.o) (__umodsi3)
/u/wbcowan/gnuarm-4.0.2/lib/gcc/arm-elf/4.0.2/libgcc.a(_dvmd_tls.o)
                              /u/wbcowan/gnuarm-4.0.2/lib/gcc/arm-elf/4.0.2/libgcc.a(_udivsi3.o) (__div0)

Memory Configuration

Name             Origin             Length             Attributes
ram              0x0000000000000000 0x0000000002000000
rom              0x0000000060000000 0x0000000000800000
*default*        0x0000000000000000 0xffffffffffffffff

Linker script and memory map


data            0x0000000000000000        0x0
                0x0000000000000000                _DataStart = .
 *(.data)
                0x0000000000000000                _DataEnd = .

bss             0x0000000000000000        0x0
                0x0000000000000000                _BssStart = .
 *(.bss)
                0x0000000000000000                _BssEnd = .

text            0x0000000000000000     0x3088
 *(.text)
 .text          0x0000000000000000     0x2014 wtA2.o
                0x0000000000000074                Send
                0x00000000000001f8                player
                0x0000000000000038                MyParentTid
                0x000000000000004c                Pass
                0x0000000000000180                WhoIs
                0x0000000000000000                Create
                0x00000000000016c8                closeActive
                0x00000000000012b0                getStackSize
                0x000000000000148c                schedule
                0x00000000000000a8                Receive
                0x00000000000000d8                Reply
                0x0000000000001108                getNextRequest
                0x0000000000000024                MyTid
                0x0000000000001224                copyMsg
                0x0000000000000060                Exit
                0x000000000000176c                handle
                0x0000000000000d84                nameServer
                0x0000000000001670                blockActive
                0x0000000000000f98                firstUserTask
                0x00000000000015d8                rescheduleBlock
                0x0000000000001f2c                main
                0x0000000000000534                player2
                0x0000000000000890                rpsServer
                0x0000000000000108                RegisterAs
                0x00000000000012f8                initialize
                0x0000000000001534                rescheduleActive
 .text          0x0000000000002014      0xc54 ../lib/libbwio.a(bwio.o)
                0x000000000000238c                bwputr
                0x00000000000028f8                bwi2a
                0x0000000000002014                bwsetfifo
                0x00000000000021e8                bwputc
                0x0000000000002648                bwa2d
                0x00000000000020dc                bwsetspeed
                0x00000000000022ac                c2x
                0x00000000000026f0                bwa2i
                0x0000000000002590                bwgetc
                0x00000000000027b4                bwui2a
                0x000000000000295c                bwformat
                0x0000000000002488                bwputw
                0x0000000000002c30                bwprintf
                0x000000000000230c                bwputx
                0x000000000000240c                bwputstr
 .text          0x0000000000002c68      0x110 /u/wbcowan/gnuarm-4.0.2/lib/gcc/arm-elf/4.0.2/libgcc.a(_udivsi3.o)
                0x0000000000002c68                __udivsi3
                0x0000000000002d60                __aeabi_uidivmod
 .text          0x0000000000002d78       0xcc /u/wbcowan/gnuarm-4.0.2/lib/gcc/arm-elf/4.0.2/libgcc.a(_umodsi3.o)
                0x0000000000002d78                __umodsi3
 .text          0x0000000000002e44        0x4 /u/wbcowan/gnuarm-4.0.2/lib/gcc/arm-elf/4.0.2/libgcc.a(_dvmd_tls.o)
                0x0000000000002e44                __aeabi_ldiv0
                0x0000000000002e44                __div0
                0x0000000000002e44                __aeabi_idiv0
 *(.got)
 .got           0x0000000000002e48       0x14 wtA2.o
 *(.got.plt)
 .got.plt       0x0000000000002e5c        0xc wtA2.o
                0x0000000000002e5c                _GLOBAL_OFFSET_TABLE_
 *(.rodata)
 .rodata        0x0000000000002e68      0x220 wtA2.o
 *(.glue_7)
 *(.glue_7t)

.rel.dyn
LOAD wtA2.o
LOAD ../lib/libbwio.a
LOAD /u/wbcowan/gnuarm-4.0.2/lib/gcc/arm-elf/4.0.2/libgcc.a
OUTPUT(wtA2.elf elf32-littlearm)

.comment        0x0000000000000000       0x24
 .comment       0x0000000000000000       0x12 wtA2.o
 .comment       0x0000000000000012       0x12 ../lib/libbwio.a(bwio.o)

.debug_line     0x0000000000000000      0x14f
 .debug_line    0x0000000000000000       0x86 /u/wbcowan/gnuarm-4.0.2/lib/gcc/arm-elf/4.0.2/libgcc.a(_udivsi3.o)
 .debug_line    0x0000000000000086       0x6f /u/wbcowan/gnuarm-4.0.2/lib/gcc/arm-elf/4.0.2/libgcc.a(_umodsi3.o)
 .debug_line    0x00000000000000f5       0x5a /u/wbcowan/gnuarm-4.0.2/lib/gcc/arm-elf/4.0.2/libgcc.a(_dvmd_tls.o)

.debug_info     0x0000000000000000      0x153
 .debug_info    0x0000000000000000       0x71 /u/wbcowan/gnuarm-4.0.2/lib/gcc/arm-elf/4.0.2/libgcc.a(_udivsi3.o)
 .debug_info    0x0000000000000071       0x71 /u/wbcowan/gnuarm-4.0.2/lib/gcc/arm-elf/4.0.2/libgcc.a(_umodsi3.o)
 .debug_info    0x00000000000000e2       0x71 /u/wbcowan/gnuarm-4.0.2/lib/gcc/arm-elf/4.0.2/libgcc.a(_dvmd_tls.o)

.debug_abbrev   0x0000000000000000       0x3c
 .debug_abbrev  0x0000000000000000       0x14 /u/wbcowan/gnuarm-4.0.2/lib/gcc/arm-elf/4.0.2/libgcc.a(_udivsi3.o)
 .debug_abbrev  0x0000000000000014       0x14 /u/wbcowan/gnuarm-4.0.2/lib/gcc/arm-elf/4.0.2/libgcc.a(_umodsi3.o)
 .debug_abbrev  0x0000000000000028       0x14 /u/wbcowan/gnuarm-4.0.2/lib/gcc/arm-elf/4.0.2/libgcc.a(_dvmd_tls.o)

.debug_aranges  0x0000000000000000       0x60
 .debug_aranges
                0x0000000000000000       0x20 /u/wbcowan/gnuarm-4.0.2/lib/gcc/arm-elf/4.0.2/libgcc.a(_udivsi3.o)
 .debug_aranges
                0x0000000000000020       0x20 /u/wbcowan/gnuarm-4.0.2/lib/gcc/arm-elf/4.0.2/libgcc.a(_umodsi3.o)
 .debug_aranges
                0x0000000000000040       0x20 /u/wbcowan/gnuarm-4.0.2/lib/gcc/arm-elf/4.0.2/libgcc.a(_dvmd_tls.o)
