Archive member included because of file (symbol)

../lib/libbwio.a(bwio.o)      wtA2.o (bwprintf)
/u/wbcowan/gnuarm-4.0.2/lib/gcc/arm-elf/4.0.2/libgcc.a(_udivsi3.o)
                              ../lib/libbwio.a(bwio.o) (__udivsi3)
/u/wbcowan/gnuarm-4.0.2/lib/gcc/arm-elf/4.0.2/libgcc.a(_umodsi3.o)
                              ../lib/libbwio.a(bwio.o) (__umodsi3)
/u/wbcowan/gnuarm-4.0.2/lib/gcc/arm-elf/4.0.2/libgcc.a(_dvmd_tls.o)
                              /u/wbcowan/gnuarm-4.0.2/lib/gcc/arm-elf/4.0.2/libgcc.a(_udivsi3.o) (__div0)

Memory Configuration

Name             Origin             Length             Attributes
ram              0x0000000000000000 0x0000000002000000
rom              0x0000000060000000 0x0000000000800000
*default*        0x0000000000000000 0xffffffffffffffff

Linker script and memory map


data            0x0000000000000000        0x0
                0x0000000000000000                _DataStart = .
 *(.data)
                0x0000000000000000                _DataEnd = .

bss             0x0000000000000000        0x0
                0x0000000000000000                _BssStart = .
 *(.bss)
                0x0000000000000000                _BssEnd = .

text            0x0000000000000000     0x386c
 *(.text)
 .text          0x0000000000000000     0x2768 wtA2.o
                0x00000000000002b4                player4
                0x0000000000000130                Send
                0x00000000000000f4                MyParentTid
                0x0000000000000108                Pass
                0x0000000000000000                getc
                0x000000000000023c                WhoIs
                0x00000000000000bc                Create
                0x0000000000001e1c                closeActive
                0x0000000000000d9c                player3
                0x00000000000019e8                getStackSize
                0x00000000000004f8                player1
                0x0000000000001bc4                schedule
                0x0000000000000164                Receive
                0x0000000000000194                Reply
                0x0000000000001840                getNextRequest
                0x00000000000000e0                MyTid
                0x000000000000195c                copyMsg
                0x000000000000011c                Exit
                0x0000000000001ec0                handle
                0x00000000000014b8                nameServer
                0x0000000000001d9c                blockActive
                0x00000000000016cc                firstUserTask
                0x0000000000001d10                rescheduleBlock
                0x0000000000002680                main
                0x00000000000008e0                player2
                0x0000000000000fe0                rpsServer
                0x00000000000001c4                RegisterAs
                0x0000000000001a30                initialize
                0x0000000000001c6c                rescheduleActive
 .text          0x0000000000002768      0xc54 ../lib/libbwio.a(bwio.o)
                0x0000000000002ae0                bwputr
                0x000000000000304c                bwi2a
                0x0000000000002768                bwsetfifo
                0x000000000000293c                bwputc
                0x0000000000002d9c                bwa2d
                0x0000000000002830                bwsetspeed
                0x0000000000002a00                c2x
                0x0000000000002e44                bwa2i
                0x0000000000002ce4                bwgetc
                0x0000000000002f08                bwui2a
                0x00000000000030b0                bwformat
                0x0000000000002bdc                bwputw
                0x0000000000003384                bwprintf
                0x0000000000002a60                bwputx
                0x0000000000002b60                bwputstr
 .text          0x00000000000033bc      0x110 /u/wbcowan/gnuarm-4.0.2/lib/gcc/arm-elf/4.0.2/libgcc.a(_udivsi3.o)
                0x00000000000033bc                __udivsi3
                0x00000000000034b4                __aeabi_uidivmod
 .text          0x00000000000034cc       0xcc /u/wbcowan/gnuarm-4.0.2/lib/gcc/arm-elf/4.0.2/libgcc.a(_umodsi3.o)
                0x00000000000034cc                __umodsi3
 .text          0x0000000000003598        0x4 /u/wbcowan/gnuarm-4.0.2/lib/gcc/arm-elf/4.0.2/libgcc.a(_dvmd_tls.o)
                0x0000000000003598                __aeabi_ldiv0
                0x0000000000003598                __div0
                0x0000000000003598                __aeabi_idiv0
 *(.got)
 .got           0x000000000000359c       0x1c wtA2.o
 *(.got.plt)
 .got.plt       0x00000000000035b8        0xc wtA2.o
                0x00000000000035b8                _GLOBAL_OFFSET_TABLE_
 *(.rodata)
 .rodata        0x00000000000035c4      0x2a8 wtA2.o
 *(.glue_7)
 *(.glue_7t)

.rel.dyn
LOAD wtA2.o
LOAD ../lib/libbwio.a
LOAD /u/wbcowan/gnuarm-4.0.2/lib/gcc/arm-elf/4.0.2/libgcc.a
OUTPUT(wtA2.elf elf32-littlearm)

.comment        0x0000000000000000       0x24
 .comment       0x0000000000000000       0x12 wtA2.o
 .comment       0x0000000000000012       0x12 ../lib/libbwio.a(bwio.o)

.debug_line     0x0000000000000000      0x14f
 .debug_line    0x0000000000000000       0x86 /u/wbcowan/gnuarm-4.0.2/lib/gcc/arm-elf/4.0.2/libgcc.a(_udivsi3.o)
 .debug_line    0x0000000000000086       0x6f /u/wbcowan/gnuarm-4.0.2/lib/gcc/arm-elf/4.0.2/libgcc.a(_umodsi3.o)
 .debug_line    0x00000000000000f5       0x5a /u/wbcowan/gnuarm-4.0.2/lib/gcc/arm-elf/4.0.2/libgcc.a(_dvmd_tls.o)

.debug_info     0x0000000000000000      0x153
 .debug_info    0x0000000000000000       0x71 /u/wbcowan/gnuarm-4.0.2/lib/gcc/arm-elf/4.0.2/libgcc.a(_udivsi3.o)
 .debug_info    0x0000000000000071       0x71 /u/wbcowan/gnuarm-4.0.2/lib/gcc/arm-elf/4.0.2/libgcc.a(_umodsi3.o)
 .debug_info    0x00000000000000e2       0x71 /u/wbcowan/gnuarm-4.0.2/lib/gcc/arm-elf/4.0.2/libgcc.a(_dvmd_tls.o)

.debug_abbrev   0x0000000000000000       0x3c
 .debug_abbrev  0x0000000000000000       0x14 /u/wbcowan/gnuarm-4.0.2/lib/gcc/arm-elf/4.0.2/libgcc.a(_udivsi3.o)
 .debug_abbrev  0x0000000000000014       0x14 /u/wbcowan/gnuarm-4.0.2/lib/gcc/arm-elf/4.0.2/libgcc.a(_umodsi3.o)
 .debug_abbrev  0x0000000000000028       0x14 /u/wbcowan/gnuarm-4.0.2/lib/gcc/arm-elf/4.0.2/libgcc.a(_dvmd_tls.o)

.debug_aranges  0x0000000000000000       0x60
 .debug_aranges
                0x0000000000000000       0x20 /u/wbcowan/gnuarm-4.0.2/lib/gcc/arm-elf/4.0.2/libgcc.a(_udivsi3.o)
 .debug_aranges
                0x0000000000000020       0x20 /u/wbcowan/gnuarm-4.0.2/lib/gcc/arm-elf/4.0.2/libgcc.a(_umodsi3.o)
 .debug_aranges
                0x0000000000000040       0x20 /u/wbcowan/gnuarm-4.0.2/lib/gcc/arm-elf/4.0.2/libgcc.a(_dvmd_tls.o)
