Archive member included because of file (symbol)

../lib/libbwio.a(bwio.o)      wtA2.o (bwprintf)
/u/wbcowan/gnuarm-4.0.2/lib/gcc/arm-elf/4.0.2/libgcc.a(_udivsi3.o)
                              ../lib/libbwio.a(bwio.o) (__udivsi3)
/u/wbcowan/gnuarm-4.0.2/lib/gcc/arm-elf/4.0.2/libgcc.a(_umodsi3.o)
                              ../lib/libbwio.a(bwio.o) (__umodsi3)
/u/wbcowan/gnuarm-4.0.2/lib/gcc/arm-elf/4.0.2/libgcc.a(_dvmd_tls.o)
                              /u/wbcowan/gnuarm-4.0.2/lib/gcc/arm-elf/4.0.2/libgcc.a(_udivsi3.o) (__div0)

Memory Configuration

Name             Origin             Length             Attributes
ram              0x0000000000000000 0x0000000002000000
rom              0x0000000060000000 0x0000000000800000
*default*        0x0000000000000000 0xffffffffffffffff

Linker script and memory map


data            0x0000000000000000        0x0
                0x0000000000000000                _DataStart = .
 *(.data)
                0x0000000000000000                _DataEnd = .

bss             0x0000000000000000        0x0
                0x0000000000000000                _BssStart = .
 *(.bss)
                0x0000000000000000                _BssEnd = .

text            0x0000000000000000     0x3720
 *(.text)
 .text          0x0000000000000000     0x268c wtA2.o
                0x000000000000029c                player4
                0x0000000000000130                Send
                0x00000000000000f4                MyParentTid
                0x0000000000000108                Pass
                0x0000000000000000                getc
                0x0000000000000224                WhoIs
                0x00000000000000bc                Create
                0x0000000000001d00                closeActive
                0x00000000000009d4                player3
                0x00000000000018cc                getStackSize
                0x000000000000042c                player1
                0x0000000000001aa8                schedule
                0x000000000000015c                Receive
                0x0000000000000184                Reply
                0x0000000000001724                getNextRequest
                0x00000000000000e0                MyTid
                0x0000000000001840                copyMsg
                0x000000000000011c                Exit
                0x0000000000001da4                handle
                0x000000000000139c                nameServer
                0x0000000000001c80                blockActive
                0x00000000000015b0                firstUserTask
                0x0000000000001bf4                rescheduleBlock
                0x000000000000258c                main
                0x0000000000000708                player2
                0x0000000000000b64                rpsServer
                0x00000000000001ac                RegisterAs
                0x0000000000001914                initialize
                0x0000000000001b50                rescheduleActive
 .text          0x000000000000268c      0xc54 ../lib/libbwio.a(bwio.o)
                0x0000000000002a04                bwputr
                0x0000000000002f70                bwi2a
                0x000000000000268c                bwsetfifo
                0x0000000000002860                bwputc
                0x0000000000002cc0                bwa2d
                0x0000000000002754                bwsetspeed
                0x0000000000002924                c2x
                0x0000000000002d68                bwa2i
                0x0000000000002c08                bwgetc
                0x0000000000002e2c                bwui2a
                0x0000000000002fd4                bwformat
                0x0000000000002b00                bwputw
                0x00000000000032a8                bwprintf
                0x0000000000002984                bwputx
                0x0000000000002a84                bwputstr
 .text          0x00000000000032e0      0x110 /u/wbcowan/gnuarm-4.0.2/lib/gcc/arm-elf/4.0.2/libgcc.a(_udivsi3.o)
                0x00000000000032e0                __udivsi3
                0x00000000000033d8                __aeabi_uidivmod
 .text          0x00000000000033f0       0xcc /u/wbcowan/gnuarm-4.0.2/lib/gcc/arm-elf/4.0.2/libgcc.a(_umodsi3.o)
                0x00000000000033f0                __umodsi3
 .text          0x00000000000034bc        0x4 /u/wbcowan/gnuarm-4.0.2/lib/gcc/arm-elf/4.0.2/libgcc.a(_dvmd_tls.o)
                0x00000000000034bc                __aeabi_ldiv0
                0x00000000000034bc                __div0
                0x00000000000034bc                __aeabi_idiv0
 *(.got)
 .got           0x00000000000034c0       0x1c wtA2.o
 *(.got.plt)
 .got.plt       0x00000000000034dc        0xc wtA2.o
                0x00000000000034dc                _GLOBAL_OFFSET_TABLE_
 *(.rodata)
 .rodata        0x00000000000034e8      0x238 wtA2.o
 *(.glue_7)
 *(.glue_7t)

.rel.dyn
LOAD wtA2.o
LOAD ../lib/libbwio.a
LOAD /u/wbcowan/gnuarm-4.0.2/lib/gcc/arm-elf/4.0.2/libgcc.a
OUTPUT(wtA2.elf elf32-littlearm)

.comment        0x0000000000000000       0x24
 .comment       0x0000000000000000       0x12 wtA2.o
 .comment       0x0000000000000012       0x12 ../lib/libbwio.a(bwio.o)

.debug_line     0x0000000000000000      0x14f
 .debug_line    0x0000000000000000       0x86 /u/wbcowan/gnuarm-4.0.2/lib/gcc/arm-elf/4.0.2/libgcc.a(_udivsi3.o)
 .debug_line    0x0000000000000086       0x6f /u/wbcowan/gnuarm-4.0.2/lib/gcc/arm-elf/4.0.2/libgcc.a(_umodsi3.o)
 .debug_line    0x00000000000000f5       0x5a /u/wbcowan/gnuarm-4.0.2/lib/gcc/arm-elf/4.0.2/libgcc.a(_dvmd_tls.o)

.debug_info     0x0000000000000000      0x153
 .debug_info    0x0000000000000000       0x71 /u/wbcowan/gnuarm-4.0.2/lib/gcc/arm-elf/4.0.2/libgcc.a(_udivsi3.o)
 .debug_info    0x0000000000000071       0x71 /u/wbcowan/gnuarm-4.0.2/lib/gcc/arm-elf/4.0.2/libgcc.a(_umodsi3.o)
 .debug_info    0x00000000000000e2       0x71 /u/wbcowan/gnuarm-4.0.2/lib/gcc/arm-elf/4.0.2/libgcc.a(_dvmd_tls.o)

.debug_abbrev   0x0000000000000000       0x3c
 .debug_abbrev  0x0000000000000000       0x14 /u/wbcowan/gnuarm-4.0.2/lib/gcc/arm-elf/4.0.2/libgcc.a(_udivsi3.o)
 .debug_abbrev  0x0000000000000014       0x14 /u/wbcowan/gnuarm-4.0.2/lib/gcc/arm-elf/4.0.2/libgcc.a(_umodsi3.o)
 .debug_abbrev  0x0000000000000028       0x14 /u/wbcowan/gnuarm-4.0.2/lib/gcc/arm-elf/4.0.2/libgcc.a(_dvmd_tls.o)

.debug_aranges  0x0000000000000000       0x60
 .debug_aranges
                0x0000000000000000       0x20 /u/wbcowan/gnuarm-4.0.2/lib/gcc/arm-elf/4.0.2/libgcc.a(_udivsi3.o)
 .debug_aranges
                0x0000000000000020       0x20 /u/wbcowan/gnuarm-4.0.2/lib/gcc/arm-elf/4.0.2/libgcc.a(_umodsi3.o)
 .debug_aranges
                0x0000000000000040       0x20 /u/wbcowan/gnuarm-4.0.2/lib/gcc/arm-elf/4.0.2/libgcc.a(_dvmd_tls.o)
