Archive member included because of file (symbol)

../lib/libbwio.a(bwio.o)      wtA2.o (bwprintf)
/u/wbcowan/gnuarm-4.0.2/lib/gcc/arm-elf/4.0.2/libgcc.a(_udivsi3.o)
                              ../lib/libbwio.a(bwio.o) (__udivsi3)
/u/wbcowan/gnuarm-4.0.2/lib/gcc/arm-elf/4.0.2/libgcc.a(_umodsi3.o)
                              ../lib/libbwio.a(bwio.o) (__umodsi3)
/u/wbcowan/gnuarm-4.0.2/lib/gcc/arm-elf/4.0.2/libgcc.a(_dvmd_tls.o)
                              /u/wbcowan/gnuarm-4.0.2/lib/gcc/arm-elf/4.0.2/libgcc.a(_udivsi3.o) (__div0)

Memory Configuration

Name             Origin             Length             Attributes
ram              0x0000000000000000 0x0000000002000000
rom              0x0000000060000000 0x0000000000800000
*default*        0x0000000000000000 0xffffffffffffffff

Linker script and memory map


data            0x0000000000000000        0x0
                0x0000000000000000                _DataStart = .
 *(.data)
                0x0000000000000000                _DataEnd = .

bss             0x0000000000000000        0x0
                0x0000000000000000                _BssStart = .
 *(.bss)
                0x0000000000000000                _BssEnd = .

text            0x0000000000000000     0x3784
 *(.text)
 .text          0x0000000000000000     0x26d8 wtA2.o
                0x000000000000029c                player4
                0x0000000000000130                Send
                0x00000000000000f4                MyParentTid
                0x0000000000000108                Pass
                0x0000000000000000                getc
                0x0000000000000224                WhoIs
                0x00000000000000bc                Create
                0x0000000000001d4c                closeActive
                0x00000000000009d4                player3
                0x0000000000001918                getStackSize
                0x000000000000042c                player1
                0x0000000000001af4                schedule
                0x000000000000015c                Receive
                0x0000000000000184                Reply
                0x00000000000015b0                joker
                0x000000000000175c                getNextRequest
                0x00000000000000e0                MyTid
                0x000000000000188c                copyMsg
                0x000000000000011c                Exit
                0x0000000000001df0                handle
                0x000000000000139c                nameServer
                0x0000000000001ccc                blockActive
                0x00000000000015e8                firstUserTask
                0x0000000000001c40                rescheduleBlock
                0x00000000000025d8                main
                0x0000000000000708                player2
                0x0000000000000b64                rpsServer
                0x00000000000001ac                RegisterAs
                0x0000000000001960                initialize
                0x0000000000001b9c                rescheduleActive
 .text          0x00000000000026d8      0xc54 ../lib/libbwio.a(bwio.o)
                0x0000000000002a50                bwputr
                0x0000000000002fbc                bwi2a
                0x00000000000026d8                bwsetfifo
                0x00000000000028ac                bwputc
                0x0000000000002d0c                bwa2d
                0x00000000000027a0                bwsetspeed
                0x0000000000002970                c2x
                0x0000000000002db4                bwa2i
                0x0000000000002c54                bwgetc
                0x0000000000002e78                bwui2a
                0x0000000000003020                bwformat
                0x0000000000002b4c                bwputw
                0x00000000000032f4                bwprintf
                0x00000000000029d0                bwputx
                0x0000000000002ad0                bwputstr
 .text          0x000000000000332c      0x110 /u/wbcowan/gnuarm-4.0.2/lib/gcc/arm-elf/4.0.2/libgcc.a(_udivsi3.o)
                0x000000000000332c                __udivsi3
                0x0000000000003424                __aeabi_uidivmod
 .text          0x000000000000343c       0xcc /u/wbcowan/gnuarm-4.0.2/lib/gcc/arm-elf/4.0.2/libgcc.a(_umodsi3.o)
                0x000000000000343c                __umodsi3
 .text          0x0000000000003508        0x4 /u/wbcowan/gnuarm-4.0.2/lib/gcc/arm-elf/4.0.2/libgcc.a(_dvmd_tls.o)
                0x0000000000003508                __aeabi_ldiv0
                0x0000000000003508                __div0
                0x0000000000003508                __aeabi_idiv0
 *(.got)
 .got           0x000000000000350c       0x1c wtA2.o
 *(.got.plt)
 .got.plt       0x0000000000003528        0xc wtA2.o
                0x0000000000003528                _GLOBAL_OFFSET_TABLE_
 *(.rodata)
 .rodata        0x0000000000003534      0x250 wtA2.o
 *(.glue_7)
 *(.glue_7t)

.rel.dyn
LOAD wtA2.o
LOAD ../lib/libbwio.a
LOAD /u/wbcowan/gnuarm-4.0.2/lib/gcc/arm-elf/4.0.2/libgcc.a
OUTPUT(wtA2.elf elf32-littlearm)

.comment        0x0000000000000000       0x24
 .comment       0x0000000000000000       0x12 wtA2.o
 .comment       0x0000000000000012       0x12 ../lib/libbwio.a(bwio.o)

.debug_line     0x0000000000000000      0x14f
 .debug_line    0x0000000000000000       0x86 /u/wbcowan/gnuarm-4.0.2/lib/gcc/arm-elf/4.0.2/libgcc.a(_udivsi3.o)
 .debug_line    0x0000000000000086       0x6f /u/wbcowan/gnuarm-4.0.2/lib/gcc/arm-elf/4.0.2/libgcc.a(_umodsi3.o)
 .debug_line    0x00000000000000f5       0x5a /u/wbcowan/gnuarm-4.0.2/lib/gcc/arm-elf/4.0.2/libgcc.a(_dvmd_tls.o)

.debug_info     0x0000000000000000      0x153
 .debug_info    0x0000000000000000       0x71 /u/wbcowan/gnuarm-4.0.2/lib/gcc/arm-elf/4.0.2/libgcc.a(_udivsi3.o)
 .debug_info    0x0000000000000071       0x71 /u/wbcowan/gnuarm-4.0.2/lib/gcc/arm-elf/4.0.2/libgcc.a(_umodsi3.o)
 .debug_info    0x00000000000000e2       0x71 /u/wbcowan/gnuarm-4.0.2/lib/gcc/arm-elf/4.0.2/libgcc.a(_dvmd_tls.o)

.debug_abbrev   0x0000000000000000       0x3c
 .debug_abbrev  0x0000000000000000       0x14 /u/wbcowan/gnuarm-4.0.2/lib/gcc/arm-elf/4.0.2/libgcc.a(_udivsi3.o)
 .debug_abbrev  0x0000000000000014       0x14 /u/wbcowan/gnuarm-4.0.2/lib/gcc/arm-elf/4.0.2/libgcc.a(_umodsi3.o)
 .debug_abbrev  0x0000000000000028       0x14 /u/wbcowan/gnuarm-4.0.2/lib/gcc/arm-elf/4.0.2/libgcc.a(_dvmd_tls.o)

.debug_aranges  0x0000000000000000       0x60
 .debug_aranges
                0x0000000000000000       0x20 /u/wbcowan/gnuarm-4.0.2/lib/gcc/arm-elf/4.0.2/libgcc.a(_udivsi3.o)
 .debug_aranges
                0x0000000000000020       0x20 /u/wbcowan/gnuarm-4.0.2/lib/gcc/arm-elf/4.0.2/libgcc.a(_umodsi3.o)
 .debug_aranges
                0x0000000000000040       0x20 /u/wbcowan/gnuarm-4.0.2/lib/gcc/arm-elf/4.0.2/libgcc.a(_dvmd_tls.o)
