Archive member included because of file (symbol)

../lib/libbwio.a(bwio.o)      wtA3.o (bwprintf)
/u/wbcowan/gnuarm-4.0.2/lib/gcc/arm-elf/4.0.2/libgcc.a(_udivsi3.o)
                              ../lib/libbwio.a(bwio.o) (__udivsi3)
/u/wbcowan/gnuarm-4.0.2/lib/gcc/arm-elf/4.0.2/libgcc.a(_umodsi3.o)
                              ../lib/libbwio.a(bwio.o) (__umodsi3)
/u/wbcowan/gnuarm-4.0.2/lib/gcc/arm-elf/4.0.2/libgcc.a(_dvmd_tls.o)
                              /u/wbcowan/gnuarm-4.0.2/lib/gcc/arm-elf/4.0.2/libgcc.a(_udivsi3.o) (__div0)

Memory Configuration

Name             Origin             Length             Attributes
ram              0x0000000000000000 0x0000000002000000
rom              0x0000000060000000 0x0000000000800000
*default*        0x0000000000000000 0xffffffffffffffff

Linker script and memory map


data            0x0000000000000000        0x0
                0x0000000000000000                _DataStart = .
 *(.data)
                0x0000000000000000                _DataEnd = .

bss             0x0000000000000000        0x0
                0x0000000000000000                _BssStart = .
 *(.bss)
                0x0000000000000000                _BssEnd = .

text            0x0000000000000000     0x3248
 *(.text)
 .text          0x0000000000000000     0x2254 wtA3.o
                0x0000000000000130                Send
                0x00000000000000f4                MyParentTid
                0x0000000000000108                Pass
                0x0000000000000000                getc
                0x0000000000000bf8                clockServer
                0x0000000000000224                WhoIs
                0x00000000000000bc                Create
                0x00000000000018a0                closeActive
                0x000000000000146c                getStackSize
                0x0000000000001648                schedule
                0x000000000000015c                Receive
                0x0000000000000184                Reply
                0x0000000000001260                getNextRequest
                0x00000000000000e0                MyTid
                0x00000000000013e0                copyMsg
                0x000000000000011c                Exit
                0x0000000000001944                handle
                0x0000000000000eec                nameServer
                0x0000000000001820                blockActive
                0x0000000000000368                DelayUntil
                0x0000000000001228                firstUserTask
                0x0000000000001794                rescheduleBlock
                0x0000000000002154                main
                0x00000000000003c0                rpsServer
                0x00000000000001ac                RegisterAs
                0x00000000000002ec                Delay
                0x000000000000029c                Time
                0x00000000000014b4                initialize
                0x00000000000016f0                rescheduleActive
 .text          0x0000000000002254      0xc54 ../lib/libbwio.a(bwio.o)
                0x00000000000025cc                bwputr
                0x0000000000002b38                bwi2a
                0x0000000000002254                bwsetfifo
                0x0000000000002428                bwputc
                0x0000000000002888                bwa2d
                0x000000000000231c                bwsetspeed
                0x00000000000024ec                c2x
                0x0000000000002930                bwa2i
                0x00000000000027d0                bwgetc
                0x00000000000029f4                bwui2a
                0x0000000000002b9c                bwformat
                0x00000000000026c8                bwputw
                0x0000000000002e70                bwprintf
                0x000000000000254c                bwputx
                0x000000000000264c                bwputstr
 .text          0x0000000000002ea8      0x110 /u/wbcowan/gnuarm-4.0.2/lib/gcc/arm-elf/4.0.2/libgcc.a(_udivsi3.o)
                0x0000000000002ea8                __udivsi3
                0x0000000000002fa0                __aeabi_uidivmod
 .text          0x0000000000002fb8       0xcc /u/wbcowan/gnuarm-4.0.2/lib/gcc/arm-elf/4.0.2/libgcc.a(_umodsi3.o)
                0x0000000000002fb8                __umodsi3
 .text          0x0000000000003084        0x4 /u/wbcowan/gnuarm-4.0.2/lib/gcc/arm-elf/4.0.2/libgcc.a(_dvmd_tls.o)
                0x0000000000003084                __aeabi_ldiv0
                0x0000000000003084                __div0
                0x0000000000003084                __aeabi_idiv0
 *(.got)
 .got           0x0000000000003088        0x4 wtA3.o
 *(.got.plt)
 .got.plt       0x000000000000308c        0xc wtA3.o
                0x000000000000308c                _GLOBAL_OFFSET_TABLE_
 *(.rodata)
 .rodata        0x0000000000003098      0x1b0 wtA3.o
 *(.glue_7)
 *(.glue_7t)

.rel.dyn
LOAD wtA3.o
LOAD ../lib/libbwio.a
LOAD /u/wbcowan/gnuarm-4.0.2/lib/gcc/arm-elf/4.0.2/libgcc.a
OUTPUT(wtA3.elf elf32-littlearm)

.comment        0x0000000000000000       0x24
 .comment       0x0000000000000000       0x12 wtA3.o
 .comment       0x0000000000000012       0x12 ../lib/libbwio.a(bwio.o)

.debug_line     0x0000000000000000      0x14f
 .debug_line    0x0000000000000000       0x86 /u/wbcowan/gnuarm-4.0.2/lib/gcc/arm-elf/4.0.2/libgcc.a(_udivsi3.o)
 .debug_line    0x0000000000000086       0x6f /u/wbcowan/gnuarm-4.0.2/lib/gcc/arm-elf/4.0.2/libgcc.a(_umodsi3.o)
 .debug_line    0x00000000000000f5       0x5a /u/wbcowan/gnuarm-4.0.2/lib/gcc/arm-elf/4.0.2/libgcc.a(_dvmd_tls.o)

.debug_info     0x0000000000000000      0x153
 .debug_info    0x0000000000000000       0x71 /u/wbcowan/gnuarm-4.0.2/lib/gcc/arm-elf/4.0.2/libgcc.a(_udivsi3.o)
 .debug_info    0x0000000000000071       0x71 /u/wbcowan/gnuarm-4.0.2/lib/gcc/arm-elf/4.0.2/libgcc.a(_umodsi3.o)
 .debug_info    0x00000000000000e2       0x71 /u/wbcowan/gnuarm-4.0.2/lib/gcc/arm-elf/4.0.2/libgcc.a(_dvmd_tls.o)

.debug_abbrev   0x0000000000000000       0x3c
 .debug_abbrev  0x0000000000000000       0x14 /u/wbcowan/gnuarm-4.0.2/lib/gcc/arm-elf/4.0.2/libgcc.a(_udivsi3.o)
 .debug_abbrev  0x0000000000000014       0x14 /u/wbcowan/gnuarm-4.0.2/lib/gcc/arm-elf/4.0.2/libgcc.a(_umodsi3.o)
 .debug_abbrev  0x0000000000000028       0x14 /u/wbcowan/gnuarm-4.0.2/lib/gcc/arm-elf/4.0.2/libgcc.a(_dvmd_tls.o)

.debug_aranges  0x0000000000000000       0x60
 .debug_aranges
                0x0000000000000000       0x20 /u/wbcowan/gnuarm-4.0.2/lib/gcc/arm-elf/4.0.2/libgcc.a(_udivsi3.o)
 .debug_aranges
                0x0000000000000020       0x20 /u/wbcowan/gnuarm-4.0.2/lib/gcc/arm-elf/4.0.2/libgcc.a(_umodsi3.o)
 .debug_aranges
                0x0000000000000040       0x20 /u/wbcowan/gnuarm-4.0.2/lib/gcc/arm-elf/4.0.2/libgcc.a(_dvmd_tls.o)
