Archive member included because of file (symbol)

../lib/libbwio.a(bwio.o)      wtA3.o (bwprintf)
/u/wbcowan/gnuarm-4.0.2/lib/gcc/arm-elf/4.0.2/libgcc.a(_udivsi3.o)
                              ../lib/libbwio.a(bwio.o) (__udivsi3)
/u/wbcowan/gnuarm-4.0.2/lib/gcc/arm-elf/4.0.2/libgcc.a(_umodsi3.o)
                              ../lib/libbwio.a(bwio.o) (__umodsi3)
/u/wbcowan/gnuarm-4.0.2/lib/gcc/arm-elf/4.0.2/libgcc.a(_dvmd_tls.o)
                              /u/wbcowan/gnuarm-4.0.2/lib/gcc/arm-elf/4.0.2/libgcc.a(_udivsi3.o) (__div0)

Memory Configuration

Name             Origin             Length             Attributes
ram              0x0000000000000000 0x0000000002000000
rom              0x0000000060000000 0x0000000000800000
*default*        0x0000000000000000 0xffffffffffffffff

Linker script and memory map


data            0x0000000000000000        0x0
                0x0000000000000000                _DataStart = .
 *(.data)
                0x0000000000000000                _DataEnd = .

bss             0x0000000000000000        0x0
                0x0000000000000000                _BssStart = .
 *(.bss)
                0x0000000000000000                _BssEnd = .

text            0x0000000000000000     0x3714
 *(.text)
 .text          0x0000000000000000     0x26e0 wtA3.o
                0x0000000000000130                Send
                0x00000000000000f4                MyParentTid
                0x0000000000000108                Pass
                0x0000000000000000                getc
                0x0000000000000cc4                clockServer
                0x0000000000000240                WhoIs
                0x00000000000000bc                Create
                0x0000000000001b88                closeActive
                0x00000000000016b0                getStackSize
                0x00000000000001ac                AwaitEvent
                0x0000000000001930                schedule
                0x000000000000015c                Receive
                0x0000000000000184                Reply
                0x00000000000014bc                getNextRequest
                0x00000000000000e0                MyTid
                0x000000000000163c                copyMsg
                0x000000000000011c                Exit
                0x0000000000001c2c                handle
                0x0000000000001028                nameServer
                0x0000000000001b08                blockActive
                0x000000000000038c                DelayUntil
                0x0000000000001400                firstUserTask
                0x0000000000001a7c                rescheduleBlock
                0x0000000000001364                t1
                0x00000000000025ec                main
                0x000000000000048c                rpsServer
                0x00000000000001c8                RegisterAs
                0x00000000000003e8                notifier
                0x0000000000000310                Delay
                0x00000000000002b8                Time
                0x00000000000016f8                initialize
                0x00000000000019d8                rescheduleActive
 .text          0x00000000000026e0      0xc54 ../lib/libbwio.a(bwio.o)
                0x0000000000002a58                bwputr
                0x0000000000002fc4                bwi2a
                0x00000000000026e0                bwsetfifo
                0x00000000000028b4                bwputc
                0x0000000000002d14                bwa2d
                0x00000000000027a8                bwsetspeed
                0x0000000000002978                c2x
                0x0000000000002dbc                bwa2i
                0x0000000000002c5c                bwgetc
                0x0000000000002e80                bwui2a
                0x0000000000003028                bwformat
                0x0000000000002b54                bwputw
                0x00000000000032fc                bwprintf
                0x00000000000029d8                bwputx
                0x0000000000002ad8                bwputstr
 .text          0x0000000000003334      0x110 /u/wbcowan/gnuarm-4.0.2/lib/gcc/arm-elf/4.0.2/libgcc.a(_udivsi3.o)
                0x0000000000003334                __udivsi3
                0x000000000000342c                __aeabi_uidivmod
 .text          0x0000000000003444       0xcc /u/wbcowan/gnuarm-4.0.2/lib/gcc/arm-elf/4.0.2/libgcc.a(_umodsi3.o)
                0x0000000000003444                __umodsi3
 .text          0x0000000000003510        0x4 /u/wbcowan/gnuarm-4.0.2/lib/gcc/arm-elf/4.0.2/libgcc.a(_dvmd_tls.o)
                0x0000000000003510                __aeabi_ldiv0
                0x0000000000003510                __div0
                0x0000000000003510                __aeabi_idiv0
 *(.got)
 .got           0x0000000000003514       0x14 wtA3.o
 *(.got.plt)
 .got.plt       0x0000000000003528        0xc wtA3.o
                0x0000000000003528                _GLOBAL_OFFSET_TABLE_
 *(.rodata)
 .rodata        0x0000000000003534      0x1e0 wtA3.o
 *(.glue_7)
 *(.glue_7t)

.rel.dyn
LOAD wtA3.o
LOAD ../lib/libbwio.a
LOAD /u/wbcowan/gnuarm-4.0.2/lib/gcc/arm-elf/4.0.2/libgcc.a
OUTPUT(wtA3.elf elf32-littlearm)

.comment        0x0000000000000000       0x24
 .comment       0x0000000000000000       0x12 wtA3.o
 .comment       0x0000000000000012       0x12 ../lib/libbwio.a(bwio.o)

.debug_line     0x0000000000000000      0x14f
 .debug_line    0x0000000000000000       0x86 /u/wbcowan/gnuarm-4.0.2/lib/gcc/arm-elf/4.0.2/libgcc.a(_udivsi3.o)
 .debug_line    0x0000000000000086       0x6f /u/wbcowan/gnuarm-4.0.2/lib/gcc/arm-elf/4.0.2/libgcc.a(_umodsi3.o)
 .debug_line    0x00000000000000f5       0x5a /u/wbcowan/gnuarm-4.0.2/lib/gcc/arm-elf/4.0.2/libgcc.a(_dvmd_tls.o)

.debug_info     0x0000000000000000      0x153
 .debug_info    0x0000000000000000       0x71 /u/wbcowan/gnuarm-4.0.2/lib/gcc/arm-elf/4.0.2/libgcc.a(_udivsi3.o)
 .debug_info    0x0000000000000071       0x71 /u/wbcowan/gnuarm-4.0.2/lib/gcc/arm-elf/4.0.2/libgcc.a(_umodsi3.o)
 .debug_info    0x00000000000000e2       0x71 /u/wbcowan/gnuarm-4.0.2/lib/gcc/arm-elf/4.0.2/libgcc.a(_dvmd_tls.o)

.debug_abbrev   0x0000000000000000       0x3c
 .debug_abbrev  0x0000000000000000       0x14 /u/wbcowan/gnuarm-4.0.2/lib/gcc/arm-elf/4.0.2/libgcc.a(_udivsi3.o)
 .debug_abbrev  0x0000000000000014       0x14 /u/wbcowan/gnuarm-4.0.2/lib/gcc/arm-elf/4.0.2/libgcc.a(_umodsi3.o)
 .debug_abbrev  0x0000000000000028       0x14 /u/wbcowan/gnuarm-4.0.2/lib/gcc/arm-elf/4.0.2/libgcc.a(_dvmd_tls.o)

.debug_aranges  0x0000000000000000       0x60
 .debug_aranges
                0x0000000000000000       0x20 /u/wbcowan/gnuarm-4.0.2/lib/gcc/arm-elf/4.0.2/libgcc.a(_udivsi3.o)
 .debug_aranges
                0x0000000000000020       0x20 /u/wbcowan/gnuarm-4.0.2/lib/gcc/arm-elf/4.0.2/libgcc.a(_umodsi3.o)
 .debug_aranges
                0x0000000000000040       0x20 /u/wbcowan/gnuarm-4.0.2/lib/gcc/arm-elf/4.0.2/libgcc.a(_dvmd_tls.o)
